[4.427s] Invoking command in '/home/aidankwok/drone/ros2_ws/src/rgb_camera_py': PYTHONPATH=/home/aidankwok/drone/ros2_ws/build/rgb_camera_py/prefix_override:/usr/lib/python3/dist-packages/colcon_core/task/python/colcon_distutils_commands:/home/aidankwok/drone/ros2_ws/install/rgb_camera_py/lib/python3.10/site-packages:${PYTHONPATH} /usr/bin/python3 -W ignore:setup.py install is deprecated -W ignore:easy_install command is deprecated setup.py egg_info --egg-base ../../build/rgb_camera_py build --build-base /home/aidankwok/drone/ros2_ws/build/rgb_camera_py/build install --record /home/aidankwok/drone/ros2_ws/build/rgb_camera_py/install.log --single-version-externally-managed install_data
[5.716s] running egg_info
[5.720s] writing ../../build/rgb_camera_py/rgb_camera_py.egg-info/PKG-INFO
[5.722s] writing dependency_links to ../../build/rgb_camera_py/rgb_camera_py.egg-info/dependency_links.txt
[5.723s] writing entry points to ../../build/rgb_camera_py/rgb_camera_py.egg-info/entry_points.txt
[5.724s] writing requirements to ../../build/rgb_camera_py/rgb_camera_py.egg-info/requires.txt
[5.725s] writing top-level names to ../../build/rgb_camera_py/rgb_camera_py.egg-info/top_level.txt
[5.733s] reading manifest file '../../build/rgb_camera_py/rgb_camera_py.egg-info/SOURCES.txt'
[5.738s] writing manifest file '../../build/rgb_camera_py/rgb_camera_py.egg-info/SOURCES.txt'
[5.740s] running build
[5.742s] running build_py
[5.744s] running install
[5.746s] running install_lib
[5.747s] running install_data
[5.750s] running install_egg_info
[5.757s] removing '/home/aidankwok/drone/ros2_ws/install/rgb_camera_py/lib/python3.10/site-packages/rgb_camera_py-0.0.0-py3.10.egg-info' (and everything under it)
[5.762s] Copying ../../build/rgb_camera_py/rgb_camera_py.egg-info to /home/aidankwok/drone/ros2_ws/install/rgb_camera_py/lib/python3.10/site-packages/rgb_camera_py-0.0.0-py3.10.egg-info
[5.770s] running install_scripts
[5.876s] writing list of installed files to '/home/aidankwok/drone/ros2_ws/build/rgb_camera_py/install.log'
[6.041s] Invoked command in '/home/aidankwok/drone/ros2_ws/src/rgb_camera_py' returned '0': PYTHONPATH=/home/aidankwok/drone/ros2_ws/build/rgb_camera_py/prefix_override:/usr/lib/python3/dist-packages/colcon_core/task/python/colcon_distutils_commands:/home/aidankwok/drone/ros2_ws/install/rgb_camera_py/lib/python3.10/site-packages:${PYTHONPATH} /usr/bin/python3 -W ignore:setup.py install is deprecated -W ignore:easy_install command is deprecated setup.py egg_info --egg-base ../../build/rgb_camera_py build --build-base /home/aidankwok/drone/ros2_ws/build/rgb_camera_py/build install --record /home/aidankwok/drone/ros2_ws/build/rgb_camera_py/install.log --single-version-externally-managed install_data
