[4.464s] Invoking command in '/home/aidankwok/drone/ros2_ws/src/autonomy_py': PYTHONPATH=/home/aidankwok/drone/ros2_ws/build/autonomy_py/prefix_override:/usr/lib/python3/dist-packages/colcon_core/task/python/colcon_distutils_commands:/home/aidankwok/drone/ros2_ws/install/autonomy_py/lib/python3.10/site-packages:${PYTHONPATH} /usr/bin/python3 -W ignore:setup.py install is deprecated -W ignore:easy_install command is deprecated setup.py egg_info --egg-base ../../build/autonomy_py build --build-base /home/aidankwok/drone/ros2_ws/build/autonomy_py/build install --record /home/aidankwok/drone/ros2_ws/build/autonomy_py/install.log --single-version-externally-managed install_data
[5.794s] running egg_info
[5.800s] writing ../../build/autonomy_py/autonomy_py.egg-info/PKG-INFO
[5.802s] writing dependency_links to ../../build/autonomy_py/autonomy_py.egg-info/dependency_links.txt
[5.803s] writing entry points to ../../build/autonomy_py/autonomy_py.egg-info/entry_points.txt
[5.804s] writing requirements to ../../build/autonomy_py/autonomy_py.egg-info/requires.txt
[5.806s] writing top-level names to ../../build/autonomy_py/autonomy_py.egg-info/top_level.txt
[5.810s] reading manifest file '../../build/autonomy_py/autonomy_py.egg-info/SOURCES.txt'
[5.812s] writing manifest file '../../build/autonomy_py/autonomy_py.egg-info/SOURCES.txt'
[5.813s] running build
[5.815s] running build_py
[5.816s] copying autonomy_py/drone_hover.py -> /home/aidankwok/drone/ros2_ws/build/autonomy_py/build/lib/autonomy_py
[5.817s] running install
[5.818s] running install_lib
[5.823s] copying /home/aidankwok/drone/ros2_ws/build/autonomy_py/build/lib/autonomy_py/drone_hover.py -> /home/aidankwok/drone/ros2_ws/install/autonomy_py/lib/python3.10/site-packages/autonomy_py
[5.826s] byte-compiling /home/aidankwok/drone/ros2_ws/install/autonomy_py/lib/python3.10/site-packages/autonomy_py/drone_hover.py to drone_hover.cpython-310.pyc
[5.833s] Sorry: IndentationError: unexpected indent (drone_hover.py, line 105)
[5.834s] running install_data
[5.836s] running install_egg_info
[5.842s] removing '/home/aidankwok/drone/ros2_ws/install/autonomy_py/lib/python3.10/site-packages/autonomy_py-0.0.0-py3.10.egg-info' (and everything under it)
[5.844s] Copying ../../build/autonomy_py/autonomy_py.egg-info to /home/aidankwok/drone/ros2_ws/install/autonomy_py/lib/python3.10/site-packages/autonomy_py-0.0.0-py3.10.egg-info
[5.854s] running install_scripts
[5.971s] Installing drone_hover script to /home/aidankwok/drone/ros2_ws/install/autonomy_py/lib/autonomy_py
[5.974s] writing list of installed files to '/home/aidankwok/drone/ros2_ws/build/autonomy_py/install.log'
[6.165s] Invoked command in '/home/aidankwok/drone/ros2_ws/src/autonomy_py' returned '0': PYTHONPATH=/home/aidankwok/drone/ros2_ws/build/autonomy_py/prefix_override:/usr/lib/python3/dist-packages/colcon_core/task/python/colcon_distutils_commands:/home/aidankwok/drone/ros2_ws/install/autonomy_py/lib/python3.10/site-packages:${PYTHONPATH} /usr/bin/python3 -W ignore:setup.py install is deprecated -W ignore:easy_install command is deprecated setup.py egg_info --egg-base ../../build/autonomy_py build --build-base /home/aidankwok/drone/ros2_ws/build/autonomy_py/build install --record /home/aidankwok/drone/ros2_ws/build/autonomy_py/install.log --single-version-externally-managed install_data
