[0.778s] WARNING:colcon.colcon_core.package_selection:ignoring unknown package 'ardupilot_gz_applications' in --packages-select
Starting >>> ardupilot_sitl
Starting >>> ardupilot_gazebo
Starting >>> ardupilot_gz_description
Starting >>> ardupilot_gz_gazebo
Finished <<< ardupilot_gazebo [0.03s]
Finished <<< ardupilot_gz_description [1.04s]
--- stderr: ardupilot_gz_gazebo
Errors while running CTest
Output from these tests are in: /root/Drone/ros2_ws/build/ardupilot_gz_gazebo/Testing/Temporary/LastTest.log
Use "--rerun-failed --output-on-failure" to re-run the failed cases verbosely.
---
Finished <<< ardupilot_gz_gazebo [1.29s]	[ with test failures ]
Finished <<< ardupilot_sitl [1.79s]
Starting >>> ardupilot_dds_tests
Starting >>> ardupilot_gz_bringup
--- stderr: ardupilot_gz_bringup
Errors while running CTest
Output from these tests are in: /root/Drone/ros2_ws/build/ardupilot_gz_bringup/Testing/Temporary/LastTest.log
Use "--rerun-failed --output-on-failure" to re-run the failed cases verbosely.
---
Finished <<< ardupilot_gz_bringup [1.86s]	[ with test failures ]
