[4.929s] Invoking command in '/home/aidankwok/drone/ros2_ws/src/rgb_camera_py': PYTHONPATH=/home/aidankwok/drone/ros2_ws/build/rgb_camera_py/prefix_override:/usr/lib/python3/dist-packages/colcon_core/task/python/colcon_distutils_commands:/home/aidankwok/drone/ros2_ws/install/rgb_camera_py/lib/python3.10/site-packages:${PYTHONPATH} /usr/bin/python3 -W ignore:setup.py install is deprecated -W ignore:easy_install command is deprecated setup.py egg_info --egg-base ../../build/rgb_camera_py build --build-base /home/aidankwok/drone/ros2_ws/build/rgb_camera_py/build install --record /home/aidankwok/drone/ros2_ws/build/rgb_camera_py/install.log --single-version-externally-managed install_data
[6.199s] running egg_info
[6.201s] creating ../../build/rgb_camera_py/rgb_camera_py.egg-info
[6.203s] writing ../../build/rgb_camera_py/rgb_camera_py.egg-info/PKG-INFO
[6.204s] writing dependency_links to ../../build/rgb_camera_py/rgb_camera_py.egg-info/dependency_links.txt
[6.205s] writing entry points to ../../build/rgb_camera_py/rgb_camera_py.egg-info/entry_points.txt
[6.206s] writing requirements to ../../build/rgb_camera_py/rgb_camera_py.egg-info/requires.txt
[6.206s] writing top-level names to ../../build/rgb_camera_py/rgb_camera_py.egg-info/top_level.txt
[6.208s] writing manifest file '../../build/rgb_camera_py/rgb_camera_py.egg-info/SOURCES.txt'
[6.217s] reading manifest file '../../build/rgb_camera_py/rgb_camera_py.egg-info/SOURCES.txt'
[6.222s] writing manifest file '../../build/rgb_camera_py/rgb_camera_py.egg-info/SOURCES.txt'
[6.223s] running build
[6.224s] running build_py
[6.225s] creating /home/aidankwok/drone/ros2_ws/build/rgb_camera_py/build
[6.225s] creating /home/aidankwok/drone/ros2_ws/build/rgb_camera_py/build/lib
[6.226s] creating /home/aidankwok/drone/ros2_ws/build/rgb_camera_py/build/lib/rgb_camera_py
[6.227s] copying rgb_camera_py/__init__.py -> /home/aidankwok/drone/ros2_ws/build/rgb_camera_py/build/lib/rgb_camera_py
[6.227s] running install
[6.228s] running install_lib
[6.231s] creating /home/aidankwok/drone/ros2_ws/install/rgb_camera_py/lib/python3.10/site-packages/rgb_camera_py
[6.232s] copying /home/aidankwok/drone/ros2_ws/build/rgb_camera_py/build/lib/rgb_camera_py/__init__.py -> /home/aidankwok/drone/ros2_ws/install/rgb_camera_py/lib/python3.10/site-packages/rgb_camera_py
[6.238s] byte-compiling /home/aidankwok/drone/ros2_ws/install/rgb_camera_py/lib/python3.10/site-packages/rgb_camera_py/__init__.py to __init__.cpython-310.pyc
[6.239s] running install_data
[6.240s] creating /home/aidankwok/drone/ros2_ws/install/rgb_camera_py/share/ament_index
[6.242s] creating /home/aidankwok/drone/ros2_ws/install/rgb_camera_py/share/ament_index/resource_index
[6.243s] creating /home/aidankwok/drone/ros2_ws/install/rgb_camera_py/share/ament_index/resource_index/packages
[6.243s] copying resource/rgb_camera_py -> /home/aidankwok/drone/ros2_ws/install/rgb_camera_py/share/ament_index/resource_index/packages
[6.244s] copying package.xml -> /home/aidankwok/drone/ros2_ws/install/rgb_camera_py/share/rgb_camera_py
[6.244s] running install_egg_info
[6.252s] Copying ../../build/rgb_camera_py/rgb_camera_py.egg-info to /home/aidankwok/drone/ros2_ws/install/rgb_camera_py/lib/python3.10/site-packages/rgb_camera_py-0.0.0-py3.10.egg-info
[6.262s] running install_scripts
[6.370s] writing list of installed files to '/home/aidankwok/drone/ros2_ws/build/rgb_camera_py/install.log'
[6.573s] Invoked command in '/home/aidankwok/drone/ros2_ws/src/rgb_camera_py' returned '0': PYTHONPATH=/home/aidankwok/drone/ros2_ws/build/rgb_camera_py/prefix_override:/usr/lib/python3/dist-packages/colcon_core/task/python/colcon_distutils_commands:/home/aidankwok/drone/ros2_ws/install/rgb_camera_py/lib/python3.10/site-packages:${PYTHONPATH} /usr/bin/python3 -W ignore:setup.py install is deprecated -W ignore:easy_install command is deprecated setup.py egg_info --egg-base ../../build/rgb_camera_py build --build-base /home/aidankwok/drone/ros2_ws/build/rgb_camera_py/build install --record /home/aidankwok/drone/ros2_ws/build/rgb_camera_py/install.log --single-version-externally-managed install_data
