[2.899s] Invoking command in '/home/aidankwok/drone/ros2_ws/src/autonomy_py': PYTHONPATH=/home/aidankwok/drone/ros2_ws/build/autonomy_py/prefix_override:/usr/lib/python3/dist-packages/colcon_core/task/python/colcon_distutils_commands:/home/aidankwok/drone/ros2_ws/install/autonomy_py/lib/python3.10/site-packages:${PYTHONPATH} /usr/bin/python3 -W ignore:setup.py install is deprecated -W ignore:easy_install command is deprecated setup.py egg_info --egg-base ../../build/autonomy_py build --build-base /home/aidankwok/drone/ros2_ws/build/autonomy_py/build install --record /home/aidankwok/drone/ros2_ws/build/autonomy_py/install.log --single-version-externally-managed install_data
[4.010s] running egg_info
[4.013s] writing ../../build/autonomy_py/autonomy_py.egg-info/PKG-INFO
[4.014s] writing dependency_links to ../../build/autonomy_py/autonomy_py.egg-info/dependency_links.txt
[4.015s] writing entry points to ../../build/autonomy_py/autonomy_py.egg-info/entry_points.txt
[4.016s] writing requirements to ../../build/autonomy_py/autonomy_py.egg-info/requires.txt
[4.017s] writing top-level names to ../../build/autonomy_py/autonomy_py.egg-info/top_level.txt
[4.024s] reading manifest file '../../build/autonomy_py/autonomy_py.egg-info/SOURCES.txt'
[4.028s] writing manifest file '../../build/autonomy_py/autonomy_py.egg-info/SOURCES.txt'
[4.029s] running build
[4.030s] running build_py
[4.030s] copying autonomy_py/drone_controller.py -> /home/aidankwok/drone/ros2_ws/build/autonomy_py/build/lib/autonomy_py
[4.032s] running install
[4.033s] running install_lib
[4.037s] copying /home/aidankwok/drone/ros2_ws/build/autonomy_py/build/lib/autonomy_py/drone_controller.py -> /home/aidankwok/drone/ros2_ws/install/autonomy_py/lib/python3.10/site-packages/autonomy_py
[4.039s] byte-compiling /home/aidankwok/drone/ros2_ws/install/autonomy_py/lib/python3.10/site-packages/autonomy_py/drone_controller.py to drone_controller.cpython-310.pyc
[4.043s] running install_data
[4.044s] running install_egg_info
[4.051s] removing '/home/aidankwok/drone/ros2_ws/install/autonomy_py/lib/python3.10/site-packages/autonomy_py-0.0.0-py3.10.egg-info' (and everything under it)
[4.053s] Copying ../../build/autonomy_py/autonomy_py.egg-info to /home/aidankwok/drone/ros2_ws/install/autonomy_py/lib/python3.10/site-packages/autonomy_py-0.0.0-py3.10.egg-info
[4.059s] running install_scripts
[4.139s] Installing drone_controller script to /home/aidankwok/drone/ros2_ws/install/autonomy_py/lib/autonomy_py
[4.140s] writing list of installed files to '/home/aidankwok/drone/ros2_ws/build/autonomy_py/install.log'
[4.260s] Invoked command in '/home/aidankwok/drone/ros2_ws/src/autonomy_py' returned '0': PYTHONPATH=/home/aidankwok/drone/ros2_ws/build/autonomy_py/prefix_override:/usr/lib/python3/dist-packages/colcon_core/task/python/colcon_distutils_commands:/home/aidankwok/drone/ros2_ws/install/autonomy_py/lib/python3.10/site-packages:${PYTHONPATH} /usr/bin/python3 -W ignore:setup.py install is deprecated -W ignore:easy_install command is deprecated setup.py egg_info --egg-base ../../build/autonomy_py build --build-base /home/aidankwok/drone/ros2_ws/build/autonomy_py/build install --record /home/aidankwok/drone/ros2_ws/build/autonomy_py/install.log --single-version-externally-managed install_data
