[4.413s] Invoking command in '/home/aidankwok/drone/ros2_ws/src/autonomy_py': PYTHONPATH=/home/aidankwok/drone/ros2_ws/build/autonomy_py/prefix_override:/usr/lib/python3/dist-packages/colcon_core/task/python/colcon_distutils_commands:/home/aidankwok/drone/ros2_ws/install/autonomy_py/lib/python3.10/site-packages:${PYTHONPATH} /usr/bin/python3 -W ignore:setup.py install is deprecated -W ignore:easy_install command is deprecated setup.py egg_info --egg-base ../../build/autonomy_py build --build-base /home/aidankwok/drone/ros2_ws/build/autonomy_py/build install --record /home/aidankwok/drone/ros2_ws/build/autonomy_py/install.log --single-version-externally-managed install_data
[5.672s] running egg_info
[5.675s] creating ../../build/autonomy_py/autonomy_py.egg-info
[5.676s] writing ../../build/autonomy_py/autonomy_py.egg-info/PKG-INFO
[5.678s] writing dependency_links to ../../build/autonomy_py/autonomy_py.egg-info/dependency_links.txt
[5.679s] writing entry points to ../../build/autonomy_py/autonomy_py.egg-info/entry_points.txt
[5.680s] writing requirements to ../../build/autonomy_py/autonomy_py.egg-info/requires.txt
[5.681s] writing top-level names to ../../build/autonomy_py/autonomy_py.egg-info/top_level.txt
[5.682s] writing manifest file '../../build/autonomy_py/autonomy_py.egg-info/SOURCES.txt'
[5.689s] reading manifest file '../../build/autonomy_py/autonomy_py.egg-info/SOURCES.txt'
[5.693s] writing manifest file '../../build/autonomy_py/autonomy_py.egg-info/SOURCES.txt'
[5.694s] running build
[5.695s] running build_py
[5.696s] creating /home/aidankwok/drone/ros2_ws/build/autonomy_py/build
[5.696s] creating /home/aidankwok/drone/ros2_ws/build/autonomy_py/build/lib
[5.697s] creating /home/aidankwok/drone/ros2_ws/build/autonomy_py/build/lib/autonomy_py
[5.697s] copying autonomy_py/__init__.py -> /home/aidankwok/drone/ros2_ws/build/autonomy_py/build/lib/autonomy_py
[5.698s] copying autonomy_py/drone_hover.py -> /home/aidankwok/drone/ros2_ws/build/autonomy_py/build/lib/autonomy_py
[5.699s] running install
[5.700s] running install_lib
[5.704s] creating /home/aidankwok/drone/ros2_ws/install/autonomy_py/lib/python3.10/site-packages/autonomy_py
[5.705s] copying /home/aidankwok/drone/ros2_ws/build/autonomy_py/build/lib/autonomy_py/__init__.py -> /home/aidankwok/drone/ros2_ws/install/autonomy_py/lib/python3.10/site-packages/autonomy_py
[5.706s] copying /home/aidankwok/drone/ros2_ws/build/autonomy_py/build/lib/autonomy_py/drone_hover.py -> /home/aidankwok/drone/ros2_ws/install/autonomy_py/lib/python3.10/site-packages/autonomy_py
[5.708s] byte-compiling /home/aidankwok/drone/ros2_ws/install/autonomy_py/lib/python3.10/site-packages/autonomy_py/__init__.py to __init__.cpython-310.pyc
[5.711s] byte-compiling /home/aidankwok/drone/ros2_ws/install/autonomy_py/lib/python3.10/site-packages/autonomy_py/drone_hover.py to drone_hover.cpython-310.pyc
[5.716s] running install_data
[5.717s] creating /home/aidankwok/drone/ros2_ws/install/autonomy_py/share/ament_index
[5.718s] creating /home/aidankwok/drone/ros2_ws/install/autonomy_py/share/ament_index/resource_index
[5.718s] creating /home/aidankwok/drone/ros2_ws/install/autonomy_py/share/ament_index/resource_index/packages
[5.719s] copying resource/autonomy_py -> /home/aidankwok/drone/ros2_ws/install/autonomy_py/share/ament_index/resource_index/packages
[5.719s] copying package.xml -> /home/aidankwok/drone/ros2_ws/install/autonomy_py/share/autonomy_py
[5.720s] running install_egg_info
[5.727s] Copying ../../build/autonomy_py/autonomy_py.egg-info to /home/aidankwok/drone/ros2_ws/install/autonomy_py/lib/python3.10/site-packages/autonomy_py-0.0.0-py3.10.egg-info
[5.734s] running install_scripts
[5.828s] Installing drone_hover script to /home/aidankwok/drone/ros2_ws/install/autonomy_py/lib/autonomy_py
[5.830s] writing list of installed files to '/home/aidankwok/drone/ros2_ws/build/autonomy_py/install.log'
[6.001s] Invoked command in '/home/aidankwok/drone/ros2_ws/src/autonomy_py' returned '0': PYTHONPATH=/home/aidankwok/drone/ros2_ws/build/autonomy_py/prefix_override:/usr/lib/python3/dist-packages/colcon_core/task/python/colcon_distutils_commands:/home/aidankwok/drone/ros2_ws/install/autonomy_py/lib/python3.10/site-packages:${PYTHONPATH} /usr/bin/python3 -W ignore:setup.py install is deprecated -W ignore:easy_install command is deprecated setup.py egg_info --egg-base ../../build/autonomy_py build --build-base /home/aidankwok/drone/ros2_ws/build/autonomy_py/build install --record /home/aidankwok/drone/ros2_ws/build/autonomy_py/install.log --single-version-externally-managed install_data
