[4.773s] Invoking command in '/home/aidankwok/drone/ros2_ws/src/rgb_camera_py': PYTHONPATH=/home/aidankwok/drone/ros2_ws/build/rgb_camera_py/prefix_override:/usr/lib/python3/dist-packages/colcon_core/task/python/colcon_distutils_commands:/home/aidankwok/drone/ros2_ws/install/rgb_camera_py/lib/python3.10/site-packages:${PYTHONPATH} /usr/bin/python3 -W ignore:setup.py install is deprecated -W ignore:easy_install command is deprecated setup.py egg_info --egg-base ../../build/rgb_camera_py build --build-base /home/aidankwok/drone/ros2_ws/build/rgb_camera_py/build install --record /home/aidankwok/drone/ros2_ws/build/rgb_camera_py/install.log --single-version-externally-managed install_data
[6.027s] running egg_info
[6.032s] writing ../../build/rgb_camera_py/rgb_camera_py.egg-info/PKG-INFO
[6.035s] writing dependency_links to ../../build/rgb_camera_py/rgb_camera_py.egg-info/dependency_links.txt
[6.036s] writing entry points to ../../build/rgb_camera_py/rgb_camera_py.egg-info/entry_points.txt
[6.038s] writing requirements to ../../build/rgb_camera_py/rgb_camera_py.egg-info/requires.txt
[6.039s] writing top-level names to ../../build/rgb_camera_py/rgb_camera_py.egg-info/top_level.txt
[6.049s] reading manifest file '../../build/rgb_camera_py/rgb_camera_py.egg-info/SOURCES.txt'
[6.054s] writing manifest file '../../build/rgb_camera_py/rgb_camera_py.egg-info/SOURCES.txt'
[6.055s] running build
[6.056s] running build_py
[6.057s] running install
[6.059s] running install_lib
[6.066s] running install_data
[6.067s] running install_egg_info
[6.078s] removing '/home/aidankwok/drone/ros2_ws/install/rgb_camera_py/lib/python3.10/site-packages/rgb_camera_py-0.0.0-py3.10.egg-info' (and everything under it)
[6.081s] Copying ../../build/rgb_camera_py/rgb_camera_py.egg-info to /home/aidankwok/drone/ros2_ws/install/rgb_camera_py/lib/python3.10/site-packages/rgb_camera_py-0.0.0-py3.10.egg-info
[6.089s] running install_scripts
[6.192s] writing list of installed files to '/home/aidankwok/drone/ros2_ws/build/rgb_camera_py/install.log'
[6.367s] Invoked command in '/home/aidankwok/drone/ros2_ws/src/rgb_camera_py' returned '0': PYTHONPATH=/home/aidankwok/drone/ros2_ws/build/rgb_camera_py/prefix_override:/usr/lib/python3/dist-packages/colcon_core/task/python/colcon_distutils_commands:/home/aidankwok/drone/ros2_ws/install/rgb_camera_py/lib/python3.10/site-packages:${PYTHONPATH} /usr/bin/python3 -W ignore:setup.py install is deprecated -W ignore:easy_install command is deprecated setup.py egg_info --egg-base ../../build/rgb_camera_py build --build-base /home/aidankwok/drone/ros2_ws/build/rgb_camera_py/build install --record /home/aidankwok/drone/ros2_ws/build/rgb_camera_py/install.log --single-version-externally-managed install_data
