running egg_info
writing ../../build/autonomy_py/autonomy_py.egg-info/PKG-INFO
writing dependency_links to ../../build/autonomy_py/autonomy_py.egg-info/dependency_links.txt
writing entry points to ../../build/autonomy_py/autonomy_py.egg-info/entry_points.txt
writing requirements to ../../build/autonomy_py/autonomy_py.egg-info/requires.txt
writing top-level names to ../../build/autonomy_py/autonomy_py.egg-info/top_level.txt
reading manifest file '../../build/autonomy_py/autonomy_py.egg-info/SOURCES.txt'
writing manifest file '../../build/autonomy_py/autonomy_py.egg-info/SOURCES.txt'
running build
running build_py
copying autonomy_py/drone_controller.py -> /home/aidankwok/drone/ros2_ws/build/autonomy_py/build/lib/autonomy_py
running install
running install_lib
copying /home/aidankwok/drone/ros2_ws/build/autonomy_py/build/lib/autonomy_py/drone_controller.py -> /home/aidankwok/drone/ros2_ws/install/autonomy_py/lib/python3.10/site-packages/autonomy_py
byte-compiling /home/aidankwok/drone/ros2_ws/install/autonomy_py/lib/python3.10/site-packages/autonomy_py/drone_controller.py to drone_controller.cpython-310.pyc
running install_data
running install_egg_info
removing '/home/aidankwok/drone/ros2_ws/install/autonomy_py/lib/python3.10/site-packages/autonomy_py-0.0.0-py3.10.egg-info' (and everything under it)
Copying ../../build/autonomy_py/autonomy_py.egg-info to /home/aidankwok/drone/ros2_ws/install/autonomy_py/lib/python3.10/site-packages/autonomy_py-0.0.0-py3.10.egg-info
running install_scripts
Installing drone_controller script to /home/aidankwok/drone/ros2_ws/install/autonomy_py/lib/autonomy_py
writing list of installed files to '/home/aidankwok/drone/ros2_ws/build/autonomy_py/install.log'
