[2.875s] Invoking command in '/home/aidankwok/drone/ros2_ws/src/drone_launch': AMENT_PREFIX_PATH=/home/aidankwok/drone/ros2_ws/install/autonomy_py:${AMENT_PREFIX_PATH} PYTHONPATH=/home/aidankwok/drone/ros2_ws/build/drone_launch/prefix_override:/usr/lib/python3/dist-packages/colcon_core/task/python/colcon_distutils_commands:/home/aidankwok/drone/ros2_ws/install/drone_launch/lib/python3.10/site-packages:/home/aidankwok/drone/ros2_ws/install/autonomy_py/lib/python3.10/site-packages:${PYTHONPATH} /usr/bin/python3 -W ignore:setup.py install is deprecated -W ignore:easy_install command is deprecated setup.py egg_info --egg-base ../../build/drone_launch build --build-base /home/aidankwok/drone/ros2_ws/build/drone_launch/build install --record /home/aidankwok/drone/ros2_ws/build/drone_launch/install.log --single-version-externally-managed install_data
[3.952s] running egg_info
[3.955s] creating ../../build/drone_launch/drone_launch.egg-info
[3.956s] writing ../../build/drone_launch/drone_launch.egg-info/PKG-INFO
[3.958s] writing dependency_links to ../../build/drone_launch/drone_launch.egg-info/dependency_links.txt
[3.959s] writing entry points to ../../build/drone_launch/drone_launch.egg-info/entry_points.txt
[3.959s] writing requirements to ../../build/drone_launch/drone_launch.egg-info/requires.txt
[3.960s] writing top-level names to ../../build/drone_launch/drone_launch.egg-info/top_level.txt
[3.960s] writing manifest file '../../build/drone_launch/drone_launch.egg-info/SOURCES.txt'
[3.963s] reading manifest file '../../build/drone_launch/drone_launch.egg-info/SOURCES.txt'
[3.967s] writing manifest file '../../build/drone_launch/drone_launch.egg-info/SOURCES.txt'
[3.967s] running build
[3.968s] running install
[3.969s] running install_data
[3.969s] creating /home/aidankwok/drone/ros2_ws/install/drone_launch/share/ament_index
[3.970s] creating /home/aidankwok/drone/ros2_ws/install/drone_launch/share/ament_index/resource_index
[3.970s] creating /home/aidankwok/drone/ros2_ws/install/drone_launch/share/ament_index/resource_index/packages
[3.971s] copying resource/drone_launch -> /home/aidankwok/drone/ros2_ws/install/drone_launch/share/ament_index/resource_index/packages
[3.971s] copying package.xml -> /home/aidankwok/drone/ros2_ws/install/drone_launch/share/drone_launch
[3.971s] copying launch/drone_launch.py -> /home/aidankwok/drone/ros2_ws/install/drone_launch/share/drone_launch
[3.972s] running install_egg_info
[3.981s] Copying ../../build/drone_launch/drone_launch.egg-info to /home/aidankwok/drone/ros2_ws/install/drone_launch/lib/python3.10/site-packages/drone_launch-0.0.0-py3.10.egg-info
[3.987s] running install_scripts
[4.069s] writing list of installed files to '/home/aidankwok/drone/ros2_ws/build/drone_launch/install.log'
[4.189s] Invoked command in '/home/aidankwok/drone/ros2_ws/src/drone_launch' returned '0': AMENT_PREFIX_PATH=/home/aidankwok/drone/ros2_ws/install/autonomy_py:${AMENT_PREFIX_PATH} PYTHONPATH=/home/aidankwok/drone/ros2_ws/build/drone_launch/prefix_override:/usr/lib/python3/dist-packages/colcon_core/task/python/colcon_distutils_commands:/home/aidankwok/drone/ros2_ws/install/drone_launch/lib/python3.10/site-packages:/home/aidankwok/drone/ros2_ws/install/autonomy_py/lib/python3.10/site-packages:${PYTHONPATH} /usr/bin/python3 -W ignore:setup.py install is deprecated -W ignore:easy_install command is deprecated setup.py egg_info --egg-base ../../build/drone_launch build --build-base /home/aidankwok/drone/ros2_ws/build/drone_launch/build install --record /home/aidankwok/drone/ros2_ws/build/drone_launch/install.log --single-version-externally-managed install_data
