running egg_info
creating ../../build/drone_launch/drone_launch.egg-info
writing ../../build/drone_launch/drone_launch.egg-info/PKG-INFO
writing dependency_links to ../../build/drone_launch/drone_launch.egg-info/dependency_links.txt
writing entry points to ../../build/drone_launch/drone_launch.egg-info/entry_points.txt
writing requirements to ../../build/drone_launch/drone_launch.egg-info/requires.txt
writing top-level names to ../../build/drone_launch/drone_launch.egg-info/top_level.txt
writing manifest file '../../build/drone_launch/drone_launch.egg-info/SOURCES.txt'
reading manifest file '../../build/drone_launch/drone_launch.egg-info/SOURCES.txt'
writing manifest file '../../build/drone_launch/drone_launch.egg-info/SOURCES.txt'
running build
running install
running install_data
creating /home/aidankwok/drone/ros2_ws/install/drone_launch/share/ament_index
creating /home/aidankwok/drone/ros2_ws/install/drone_launch/share/ament_index/resource_index
creating /home/aidankwok/drone/ros2_ws/install/drone_launch/share/ament_index/resource_index/packages
copying resource/drone_launch -> /home/aidankwok/drone/ros2_ws/install/drone_launch/share/ament_index/resource_index/packages
copying package.xml -> /home/aidankwok/drone/ros2_ws/install/drone_launch/share/drone_launch
copying launch/drone_launch.py -> /home/aidankwok/drone/ros2_ws/install/drone_launch/share/drone_launch
running install_egg_info
Copying ../../build/drone_launch/drone_launch.egg-info to /home/aidankwok/drone/ros2_ws/install/drone_launch/lib/python3.10/site-packages/drone_launch-0.0.0-py3.10.egg-info
running install_scripts
writing list of installed files to '/home/aidankwok/drone/ros2_ws/build/drone_launch/install.log'
