[2.872s] Invoking command in '/home/aidankwok/drone/ros2_ws/src/drone_launch': AMENT_PREFIX_PATH=/home/aidankwok/drone/ros2_ws/install/autonomy_py:/home/aidankwok/drone/ros2_ws/install/drone_launch:/opt/ros/humble PYTHONPATH=/home/aidankwok/drone/ros2_ws/build/drone_launch/prefix_override:/usr/lib/python3/dist-packages/colcon_core/task/python/colcon_distutils_commands:/home/aidankwok/drone/ros2_ws/install/drone_launch/lib/python3.10/site-packages:/home/aidankwok/drone/ros2_ws/install/autonomy_py/lib/python3.10/site-packages:/home/aidankwok/drone/ros2_ws/install/drone_launch/lib/python3.10/site-packages:/opt/ros/humble/lib/python3.10/site-packages:/opt/ros/humble/local/lib/python3.10/dist-packages /usr/bin/python3 -W ignore:setup.py install is deprecated -W ignore:easy_install command is deprecated setup.py egg_info --egg-base ../../build/drone_launch build --build-base /home/aidankwok/drone/ros2_ws/build/drone_launch/build install --record /home/aidankwok/drone/ros2_ws/build/drone_launch/install.log --single-version-externally-managed install_data
[3.974s] running egg_info
[3.977s] creating ../../build/drone_launch/drone_launch.egg-info
[3.978s] writing ../../build/drone_launch/drone_launch.egg-info/PKG-INFO
[3.979s] writing dependency_links to ../../build/drone_launch/drone_launch.egg-info/dependency_links.txt
[3.980s] writing entry points to ../../build/drone_launch/drone_launch.egg-info/entry_points.txt
[3.981s] writing requirements to ../../build/drone_launch/drone_launch.egg-info/requires.txt
[3.981s] writing top-level names to ../../build/drone_launch/drone_launch.egg-info/top_level.txt
[3.982s] writing manifest file '../../build/drone_launch/drone_launch.egg-info/SOURCES.txt'
[3.985s] reading manifest file '../../build/drone_launch/drone_launch.egg-info/SOURCES.txt'
[3.988s] writing manifest file '../../build/drone_launch/drone_launch.egg-info/SOURCES.txt'
[3.989s] running build
[3.989s] running install
[3.990s] running install_data
[3.991s] creating /home/aidankwok/drone/ros2_ws/install/drone_launch/share/ament_index
[3.991s] creating /home/aidankwok/drone/ros2_ws/install/drone_launch/share/ament_index/resource_index
[3.992s] creating /home/aidankwok/drone/ros2_ws/install/drone_launch/share/ament_index/resource_index/packages
[3.992s] copying resource/drone_launch -> /home/aidankwok/drone/ros2_ws/install/drone_launch/share/ament_index/resource_index/packages
[3.992s] copying package.xml -> /home/aidankwok/drone/ros2_ws/install/drone_launch/share/drone_launch
[3.993s] copying launch/drone_launch.py -> /home/aidankwok/drone/ros2_ws/install/drone_launch/share/drone_launch
[3.993s] running install_egg_info
[4.003s] Copying ../../build/drone_launch/drone_launch.egg-info to /home/aidankwok/drone/ros2_ws/install/drone_launch/lib/python3.10/site-packages/drone_launch-0.0.0-py3.10.egg-info
[4.008s] running install_scripts
[4.090s] writing list of installed files to '/home/aidankwok/drone/ros2_ws/build/drone_launch/install.log'
[4.215s] Invoked command in '/home/aidankwok/drone/ros2_ws/src/drone_launch' returned '0': AMENT_PREFIX_PATH=/home/aidankwok/drone/ros2_ws/install/autonomy_py:/home/aidankwok/drone/ros2_ws/install/drone_launch:/opt/ros/humble PYTHONPATH=/home/aidankwok/drone/ros2_ws/build/drone_launch/prefix_override:/usr/lib/python3/dist-packages/colcon_core/task/python/colcon_distutils_commands:/home/aidankwok/drone/ros2_ws/install/drone_launch/lib/python3.10/site-packages:/home/aidankwok/drone/ros2_ws/install/autonomy_py/lib/python3.10/site-packages:/home/aidankwok/drone/ros2_ws/install/drone_launch/lib/python3.10/site-packages:/opt/ros/humble/lib/python3.10/site-packages:/opt/ros/humble/local/lib/python3.10/dist-packages /usr/bin/python3 -W ignore:setup.py install is deprecated -W ignore:easy_install command is deprecated setup.py egg_info --egg-base ../../build/drone_launch build --build-base /home/aidankwok/drone/ros2_ws/build/drone_launch/build install --record /home/aidankwok/drone/ros2_ws/build/drone_launch/install.log --single-version-externally-managed install_data
