[4.420s] Invoking command in '/home/aidankwok/drone/ros2_ws/src/rgb_camera_py': PYTHONPATH=/home/aidankwok/drone/ros2_ws/build/rgb_camera_py/prefix_override:/usr/lib/python3/dist-packages/colcon_core/task/python/colcon_distutils_commands:/home/aidankwok/drone/ros2_ws/install/rgb_camera_py/lib/python3.10/site-packages:${PYTHONPATH} /usr/bin/python3 -W ignore:setup.py install is deprecated -W ignore:easy_install command is deprecated setup.py egg_info --egg-base ../../build/rgb_camera_py build --build-base /home/aidankwok/drone/ros2_ws/build/rgb_camera_py/build install --record /home/aidankwok/drone/ros2_ws/build/rgb_camera_py/install.log --single-version-externally-managed install_data
[5.692s] running egg_info
[5.696s] creating ../../build/rgb_camera_py/rgb_camera_py.egg-info
[5.698s] writing ../../build/rgb_camera_py/rgb_camera_py.egg-info/PKG-INFO
[5.699s] writing dependency_links to ../../build/rgb_camera_py/rgb_camera_py.egg-info/dependency_links.txt
[5.700s] writing entry points to ../../build/rgb_camera_py/rgb_camera_py.egg-info/entry_points.txt
[5.701s] writing requirements to ../../build/rgb_camera_py/rgb_camera_py.egg-info/requires.txt
[5.702s] writing top-level names to ../../build/rgb_camera_py/rgb_camera_py.egg-info/top_level.txt
[5.703s] writing manifest file '../../build/rgb_camera_py/rgb_camera_py.egg-info/SOURCES.txt'
[5.711s] reading manifest file '../../build/rgb_camera_py/rgb_camera_py.egg-info/SOURCES.txt'
[5.716s] writing manifest file '../../build/rgb_camera_py/rgb_camera_py.egg-info/SOURCES.txt'
[5.717s] running build
[5.718s] running build_py
[5.719s] creating /home/aidankwok/drone/ros2_ws/build/rgb_camera_py/build
[5.720s] creating /home/aidankwok/drone/ros2_ws/build/rgb_camera_py/build/lib
[5.721s] creating /home/aidankwok/drone/ros2_ws/build/rgb_camera_py/build/lib/rgb_camera_py
[5.721s] copying rgb_camera_py/__init__.py -> /home/aidankwok/drone/ros2_ws/build/rgb_camera_py/build/lib/rgb_camera_py
[5.722s] running install
[5.722s] running install_lib
[5.725s] creating /home/aidankwok/drone/ros2_ws/install/rgb_camera_py/lib/python3.10/site-packages/rgb_camera_py
[5.726s] copying /home/aidankwok/drone/ros2_ws/build/rgb_camera_py/build/lib/rgb_camera_py/__init__.py -> /home/aidankwok/drone/ros2_ws/install/rgb_camera_py/lib/python3.10/site-packages/rgb_camera_py
[5.729s] byte-compiling /home/aidankwok/drone/ros2_ws/install/rgb_camera_py/lib/python3.10/site-packages/rgb_camera_py/__init__.py to __init__.cpython-310.pyc
[5.731s] running install_data
[5.731s] creating /home/aidankwok/drone/ros2_ws/install/rgb_camera_py/share/ament_index
[5.732s] creating /home/aidankwok/drone/ros2_ws/install/rgb_camera_py/share/ament_index/resource_index
[5.733s] creating /home/aidankwok/drone/ros2_ws/install/rgb_camera_py/share/ament_index/resource_index/packages
[5.733s] copying resource/rgb_camera_py -> /home/aidankwok/drone/ros2_ws/install/rgb_camera_py/share/ament_index/resource_index/packages
[5.734s] copying package.xml -> /home/aidankwok/drone/ros2_ws/install/rgb_camera_py/share/rgb_camera_py
[5.734s] running install_egg_info
[5.743s] Copying ../../build/rgb_camera_py/rgb_camera_py.egg-info to /home/aidankwok/drone/ros2_ws/install/rgb_camera_py/lib/python3.10/site-packages/rgb_camera_py-0.0.0-py3.10.egg-info
[5.750s] running install_scripts
[5.886s] writing list of installed files to '/home/aidankwok/drone/ros2_ws/build/rgb_camera_py/install.log'
[6.065s] Invoked command in '/home/aidankwok/drone/ros2_ws/src/rgb_camera_py' returned '0': PYTHONPATH=/home/aidankwok/drone/ros2_ws/build/rgb_camera_py/prefix_override:/usr/lib/python3/dist-packages/colcon_core/task/python/colcon_distutils_commands:/home/aidankwok/drone/ros2_ws/install/rgb_camera_py/lib/python3.10/site-packages:${PYTHONPATH} /usr/bin/python3 -W ignore:setup.py install is deprecated -W ignore:easy_install command is deprecated setup.py egg_info --egg-base ../../build/rgb_camera_py build --build-base /home/aidankwok/drone/ros2_ws/build/rgb_camera_py/build install --record /home/aidankwok/drone/ros2_ws/build/rgb_camera_py/install.log --single-version-externally-managed install_data
