[0.000000] (-) TimerEvent: {}
[0.001799] (autonomy_py) JobQueued: {'identifier': 'autonomy_py', 'dependencies': OrderedDict()}
[0.002663] (rgb_camera_py) JobQueued: {'identifier': 'rgb_camera_py', 'dependencies': OrderedDict()}
[0.003261] (drone_launch) JobQueued: {'identifier': 'drone_launch', 'dependencies': OrderedDict([('autonomy_py', '/home/aidankwok/drone/ros2_ws/install/autonomy_py')])}
[0.003823] (autonomy_py) JobStarted: {'identifier': 'autonomy_py'}
[0.042131] (rgb_camera_py) JobStarted: {'identifier': 'rgb_camera_py'}
[0.099031] (-) TimerEvent: {}
[0.199905] (-) TimerEvent: {}
[0.300612] (-) TimerEvent: {}
[0.401579] (-) TimerEvent: {}
[0.502299] (-) TimerEvent: {}
[0.603023] (-) TimerEvent: {}
[0.703684] (-) TimerEvent: {}
[0.804357] (-) TimerEvent: {}
[0.905049] (-) TimerEvent: {}
[1.005733] (-) TimerEvent: {}
[1.106411] (-) TimerEvent: {}
[1.207252] (-) TimerEvent: {}
[1.308507] (-) TimerEvent: {}
[1.409360] (-) TimerEvent: {}
[1.510207] (-) TimerEvent: {}
[1.611060] (-) TimerEvent: {}
[1.711785] (-) TimerEvent: {}
[1.812509] (-) TimerEvent: {}
[1.913192] (-) TimerEvent: {}
[2.013869] (-) TimerEvent: {}
[2.114555] (-) TimerEvent: {}
[2.215258] (-) TimerEvent: {}
[2.315956] (-) TimerEvent: {}
[2.416782] (-) TimerEvent: {}
[2.517817] (-) TimerEvent: {}
[2.618609] (-) TimerEvent: {}
[2.719507] (-) TimerEvent: {}
[2.820249] (-) TimerEvent: {}
[2.921215] (-) TimerEvent: {}
[3.022140] (-) TimerEvent: {}
[3.123005] (-) TimerEvent: {}
[3.223819] (-) TimerEvent: {}
[3.324601] (-) TimerEvent: {}
[3.425343] (-) TimerEvent: {}
[3.526104] (-) TimerEvent: {}
[3.626969] (-) TimerEvent: {}
[3.728052] (-) TimerEvent: {}
[3.828834] (-) TimerEvent: {}
[3.929725] (-) TimerEvent: {}
[4.030620] (-) TimerEvent: {}
[4.131408] (-) TimerEvent: {}
[4.232300] (-) TimerEvent: {}
[4.303313] (rgb_camera_py) StderrLine: {'line': b'Traceback (most recent call last):\n  File "/usr/lib/python3/dist-packages/colcon_parallel_executor/executor/parallel.py", line 75, in execute\n    loop.run_until_complete(future)\n  File "/usr/lib/python3.10/asyncio/base_events.py", line 636, in run_until_complete\n    self.run_forever()\n  File "/usr/lib/python3.10/asyncio/base_events.py", line 603, in run_forever\n    self._run_once()\n  File "/usr/lib/python3.10/asyncio/base_events.py", line 1871, in _run_once\n    event_list = self._selector.select(timeout)\n  File "/usr/lib/python3.10/selectors.py", line 469, in select\n    fd_event_list = self._selector.poll(timeout, max_ev)\nKeyboardInterrupt\n\nDuring handling of the above exception, another exception occurred:\n\nTraceback (most recent call last):\n  File "/usr/lib/python3/dist-packages/colcon_core/executor/__init__.py", line 91, in __call__\n    rc = await self.task(*args, **kwargs)\n  File "/usr/lib/python3/dist-packages/colcon_core/task/__init__.py", line 93, in __call__\n    return await task_method(*args, **kwargs)\n  File "/usr/lib/python3/dist-packages/colcon_ros/task/ament_python/build.py", line 102, in build\n    return await extension.build(additional_hooks=additional_hooks)\n  File "/usr/lib/python3/dist-packages/colcon_core/task/python/build.py", line 96, in build\n    available_commands = await self._get_available_commands(\n  File "/usr/lib/python3/dist-packages/colcon_core/task/python/build.py", line 194, in _get_available_commands\n    output = await check_output(\n  File "/usr/lib/python3/dist-packages/colcon_core/subprocess.py", line 129, in check_output\n    assert not rc, f\'Expected {args} to pass: {stderr_data}\'\nAssertionError: Expected [\'/usr/bin/python3\', \'-W\', \'ignore:setup.py install is deprecated\', \'-W\', \'ignore:easy_install command is deprecated\', \'setup.py\', \'--help-commands\'] to pass: \n'}
[4.306773] (rgb_camera_py) JobEnded: {'identifier': 'rgb_camera_py', 'rc': 'SIGINT'}
[4.309016] (autonomy_py) StderrLine: {'line': b'Traceback (most recent call last):\n  File "/usr/lib/python3/dist-packages/colcon_parallel_executor/executor/parallel.py", line 75, in execute\n    loop.run_until_complete(future)\n  File "/usr/lib/python3.10/asyncio/base_events.py", line 636, in run_until_complete\n    self.run_forever()\n  File "/usr/lib/python3.10/asyncio/base_events.py", line 603, in run_forever\n    self._run_once()\n  File "/usr/lib/python3.10/asyncio/base_events.py", line 1871, in _run_once\n    event_list = self._selector.select(timeout)\n  File "/usr/lib/python3.10/selectors.py", line 469, in select\n    fd_event_list = self._selector.poll(timeout, max_ev)\nKeyboardInterrupt\n\nDuring handling of the above exception, another exception occurred:\n\nTraceback (most recent call last):\n  File "/usr/lib/python3/dist-packages/colcon_core/executor/__init__.py", line 91, in __call__\n    rc = await self.task(*args, **kwargs)\n  File "/usr/lib/python3/dist-packages/colcon_core/task/__init__.py", line 93, in __call__\n    return await task_method(*args, **kwargs)\n  File "/usr/lib/python3/dist-packages/colcon_ros/task/ament_python/build.py", line 102, in build\n    return await extension.build(additional_hooks=additional_hooks)\n  File "/usr/lib/python3/dist-packages/colcon_core/task/python/build.py", line 96, in build\n    available_commands = await self._get_available_commands(\n  File "/usr/lib/python3/dist-packages/colcon_core/task/python/build.py", line 194, in _get_available_commands\n    output = await check_output(\n  File "/usr/lib/python3/dist-packages/colcon_core/subprocess.py", line 129, in check_output\n    assert not rc, f\'Expected {args} to pass: {stderr_data}\'\nAssertionError: Expected [\'/usr/bin/python3\', \'-W\', \'ignore:setup.py install is deprecated\', \'-W\', \'ignore:easy_install command is deprecated\', \'setup.py\', \'--help-commands\'] to pass: \n'}
[4.311063] (autonomy_py) JobEnded: {'identifier': 'autonomy_py', 'rc': 'SIGINT'}
[4.316816] (drone_launch) JobSkipped: {'identifier': 'drone_launch'}
[4.317061] (-) EventReactorShutdown: {}
