[2.884s] Invoking command in '/home/aidankwok/drone/ros2_ws/src/autonomy_py': PYTHONPATH=/home/aidankwok/drone/ros2_ws/build/autonomy_py/prefix_override:/usr/lib/python3/dist-packages/colcon_core/task/python/colcon_distutils_commands:/home/aidankwok/drone/ros2_ws/install/autonomy_py/lib/python3.10/site-packages:${PYTHONPATH} /usr/bin/python3 -W ignore:setup.py install is deprecated -W ignore:easy_install command is deprecated setup.py egg_info --egg-base ../../build/autonomy_py build --build-base /home/aidankwok/drone/ros2_ws/build/autonomy_py/build install --record /home/aidankwok/drone/ros2_ws/build/autonomy_py/install.log --single-version-externally-managed install_data
[3.997s] running egg_info
[4.000s] writing ../../build/autonomy_py/autonomy_py.egg-info/PKG-INFO
[4.001s] writing dependency_links to ../../build/autonomy_py/autonomy_py.egg-info/dependency_links.txt
[4.002s] writing entry points to ../../build/autonomy_py/autonomy_py.egg-info/entry_points.txt
[4.003s] writing requirements to ../../build/autonomy_py/autonomy_py.egg-info/requires.txt
[4.004s] writing top-level names to ../../build/autonomy_py/autonomy_py.egg-info/top_level.txt
[4.012s] reading manifest file '../../build/autonomy_py/autonomy_py.egg-info/SOURCES.txt'
[4.015s] writing manifest file '../../build/autonomy_py/autonomy_py.egg-info/SOURCES.txt'
[4.016s] running build
[4.017s] running build_py
[4.017s] copying autonomy_py/drone_controller.py -> /home/aidankwok/drone/ros2_ws/build/autonomy_py/build/lib/autonomy_py
[4.019s] running install
[4.020s] running install_lib
[4.023s] copying /home/aidankwok/drone/ros2_ws/build/autonomy_py/build/lib/autonomy_py/drone_controller.py -> /home/aidankwok/drone/ros2_ws/install/autonomy_py/lib/python3.10/site-packages/autonomy_py
[4.026s] byte-compiling /home/aidankwok/drone/ros2_ws/install/autonomy_py/lib/python3.10/site-packages/autonomy_py/drone_controller.py to drone_controller.cpython-310.pyc
[4.030s] running install_data
[4.031s] running install_egg_info
[4.038s] removing '/home/aidankwok/drone/ros2_ws/install/autonomy_py/lib/python3.10/site-packages/autonomy_py-0.0.0-py3.10.egg-info' (and everything under it)
[4.040s] Copying ../../build/autonomy_py/autonomy_py.egg-info to /home/aidankwok/drone/ros2_ws/install/autonomy_py/lib/python3.10/site-packages/autonomy_py-0.0.0-py3.10.egg-info
[4.045s] running install_scripts
[4.125s] Installing drone_controller script to /home/aidankwok/drone/ros2_ws/install/autonomy_py/lib/autonomy_py
[4.127s] writing list of installed files to '/home/aidankwok/drone/ros2_ws/build/autonomy_py/install.log'
[4.247s] Invoked command in '/home/aidankwok/drone/ros2_ws/src/autonomy_py' returned '0': PYTHONPATH=/home/aidankwok/drone/ros2_ws/build/autonomy_py/prefix_override:/usr/lib/python3/dist-packages/colcon_core/task/python/colcon_distutils_commands:/home/aidankwok/drone/ros2_ws/install/autonomy_py/lib/python3.10/site-packages:${PYTHONPATH} /usr/bin/python3 -W ignore:setup.py install is deprecated -W ignore:easy_install command is deprecated setup.py egg_info --egg-base ../../build/autonomy_py build --build-base /home/aidankwok/drone/ros2_ws/build/autonomy_py/build install --record /home/aidankwok/drone/ros2_ws/build/autonomy_py/install.log --single-version-externally-managed install_data
