[0.451s] DEBUG:colcon:Command line arguments: ['/usr/bin/colcon', 'build']
[0.451s] DEBUG:colcon:Parsed command line arguments: Namespace(log_base=None, log_level=None, verb_name='build', build_base='build', install_base='install', merge_install=False, symlink_install=False, test_result_base=None, continue_on_error=False, executor='parallel', parallel_workers=4, event_handlers=None, ignore_user_meta=False, metas=['./colcon.meta'], base_paths=['.'], packages_ignore=None, packages_ignore_regex=None, paths=None, packages_up_to=None, packages_up_to_regex=None, packages_above=None, packages_above_and_dependencies=None, packages_above_depth=None, packages_select_by_dep=None, packages_skip_by_dep=None, packages_skip_up_to=None, packages_select_build_failed=False, packages_skip_build_finished=False, packages_select_test_failures=False, packages_skip_test_passed=False, packages_select=None, packages_skip=None, packages_select_regex=None, packages_skip_regex=None, packages_start=None, packages_end=None, allow_overriding=[], cmake_args=None, cmake_target=None, cmake_target_skip_unavailable=False, cmake_clean_cache=False, cmake_clean_first=False, cmake_force_configure=False, ament_cmake_args=None, catkin_cmake_args=None, catkin_skip_building_tests=False, verb_parser=<colcon_defaults.argument_parser.defaults.DefaultArgumentsDecorator object at 0xffff95284040>, verb_extension=<colcon_core.verb.build.BuildVerb object at 0xffff953f94b0>, main=<bound method BuildVerb.main of <colcon_core.verb.build.BuildVerb object at 0xffff953f94b0>>)
[1.259s] Level 1:colcon.colcon_core.package_discovery:discover_packages(colcon_meta) check parameters
[1.260s] Level 1:colcon.colcon_core.package_discovery:discover_packages(recursive) check parameters
[1.260s] Level 1:colcon.colcon_core.package_discovery:discover_packages(ignore) check parameters
[1.260s] Level 1:colcon.colcon_core.package_discovery:discover_packages(path) check parameters
[1.261s] Level 1:colcon.colcon_core.package_discovery:discover_packages(colcon_meta) discover
[1.261s] Level 1:colcon.colcon_core.package_discovery:discover_packages(recursive) discover
[1.261s] INFO:colcon.colcon_core.package_discovery:Crawling recursively for packages in '/home/aidankwok/drone/ros2_ws'
[1.261s] Level 1:colcon.colcon_core.package_identification:_identify(.) by extensions ['ignore', 'ignore_ament_install']
[1.262s] Level 1:colcon.colcon_core.package_identification:_identify(.) by extension 'ignore'
[1.262s] Level 1:colcon.colcon_core.package_identification:_identify(.) by extension 'ignore_ament_install'
[1.262s] Level 1:colcon.colcon_core.package_identification:_identify(.) by extensions ['colcon_pkg']
[1.262s] Level 1:colcon.colcon_core.package_identification:_identify(.) by extension 'colcon_pkg'
[1.263s] Level 1:colcon.colcon_core.package_identification:_identify(.) by extensions ['colcon_meta']
[1.263s] Level 1:colcon.colcon_core.package_identification:_identify(.) by extension 'colcon_meta'
[1.263s] Level 1:colcon.colcon_core.package_identification:_identify(.) by extensions ['ros']
[1.263s] Level 1:colcon.colcon_core.package_identification:_identify(.) by extension 'ros'
[1.363s] Level 1:colcon.colcon_core.package_identification:_identify(.) by extensions ['cmake', 'python']
[1.363s] Level 1:colcon.colcon_core.package_identification:_identify(.) by extension 'cmake'
[1.364s] Level 1:colcon.colcon_core.package_identification:_identify(.) by extension 'python'
[1.364s] Level 1:colcon.colcon_core.package_identification:_identify(.) by extensions ['python_setup_py']
[1.364s] Level 1:colcon.colcon_core.package_identification:_identify(.) by extension 'python_setup_py'
[1.365s] Level 1:colcon.colcon_core.package_identification:_identify(build) by extensions ['ignore', 'ignore_ament_install']
[1.365s] Level 1:colcon.colcon_core.package_identification:_identify(build) by extension 'ignore'
[1.365s] Level 1:colcon.colcon_core.package_identification:_identify(build) ignored
[1.366s] Level 1:colcon.colcon_core.package_identification:_identify(install) by extensions ['ignore', 'ignore_ament_install']
[1.366s] Level 1:colcon.colcon_core.package_identification:_identify(install) by extension 'ignore'
[1.367s] Level 1:colcon.colcon_core.package_identification:_identify(install) ignored
[1.367s] Level 1:colcon.colcon_core.package_identification:_identify(log) by extensions ['ignore', 'ignore_ament_install']
[1.367s] Level 1:colcon.colcon_core.package_identification:_identify(log) by extension 'ignore'
[1.368s] Level 1:colcon.colcon_core.package_identification:_identify(log) ignored
[1.368s] Level 1:colcon.colcon_core.package_identification:_identify(src) by extensions ['ignore', 'ignore_ament_install']
[1.368s] Level 1:colcon.colcon_core.package_identification:_identify(src) by extension 'ignore'
[1.369s] Level 1:colcon.colcon_core.package_identification:_identify(src) by extension 'ignore_ament_install'
[1.369s] Level 1:colcon.colcon_core.package_identification:_identify(src) by extensions ['colcon_pkg']
[1.369s] Level 1:colcon.colcon_core.package_identification:_identify(src) by extension 'colcon_pkg'
[1.369s] Level 1:colcon.colcon_core.package_identification:_identify(src) by extensions ['colcon_meta']
[1.369s] Level 1:colcon.colcon_core.package_identification:_identify(src) by extension 'colcon_meta'
[1.369s] Level 1:colcon.colcon_core.package_identification:_identify(src) by extensions ['ros']
[1.370s] Level 1:colcon.colcon_core.package_identification:_identify(src) by extension 'ros'
[1.370s] Level 1:colcon.colcon_core.package_identification:_identify(src) by extensions ['cmake', 'python']
[1.370s] Level 1:colcon.colcon_core.package_identification:_identify(src) by extension 'cmake'
[1.370s] Level 1:colcon.colcon_core.package_identification:_identify(src) by extension 'python'
[1.370s] Level 1:colcon.colcon_core.package_identification:_identify(src) by extensions ['python_setup_py']
[1.371s] Level 1:colcon.colcon_core.package_identification:_identify(src) by extension 'python_setup_py'
[1.371s] Level 1:colcon.colcon_core.package_identification:_identify(src/autonomy_py) by extensions ['ignore', 'ignore_ament_install']
[1.372s] Level 1:colcon.colcon_core.package_identification:_identify(src/autonomy_py) by extension 'ignore'
[1.372s] Level 1:colcon.colcon_core.package_identification:_identify(src/autonomy_py) by extension 'ignore_ament_install'
[1.372s] Level 1:colcon.colcon_core.package_identification:_identify(src/autonomy_py) by extensions ['colcon_pkg']
[1.372s] Level 1:colcon.colcon_core.package_identification:_identify(src/autonomy_py) by extension 'colcon_pkg'
[1.372s] Level 1:colcon.colcon_core.package_identification:_identify(src/autonomy_py) by extensions ['colcon_meta']
[1.372s] Level 1:colcon.colcon_core.package_identification:_identify(src/autonomy_py) by extension 'colcon_meta'
[1.373s] Level 1:colcon.colcon_core.package_identification:_identify(src/autonomy_py) by extensions ['ros']
[1.373s] Level 1:colcon.colcon_core.package_identification:_identify(src/autonomy_py) by extension 'ros'
[1.382s] DEBUG:colcon.colcon_core.package_identification:Package 'src/autonomy_py' with type 'ros.ament_python' and name 'autonomy_py'
[1.382s] Level 1:colcon.colcon_core.package_identification:_identify(src/drone_launch) by extensions ['ignore', 'ignore_ament_install']
[1.383s] Level 1:colcon.colcon_core.package_identification:_identify(src/drone_launch) by extension 'ignore'
[1.383s] Level 1:colcon.colcon_core.package_identification:_identify(src/drone_launch) by extension 'ignore_ament_install'
[1.383s] Level 1:colcon.colcon_core.package_identification:_identify(src/drone_launch) by extensions ['colcon_pkg']
[1.383s] Level 1:colcon.colcon_core.package_identification:_identify(src/drone_launch) by extension 'colcon_pkg'
[1.384s] Level 1:colcon.colcon_core.package_identification:_identify(src/drone_launch) by extensions ['colcon_meta']
[1.384s] Level 1:colcon.colcon_core.package_identification:_identify(src/drone_launch) by extension 'colcon_meta'
[1.384s] Level 1:colcon.colcon_core.package_identification:_identify(src/drone_launch) by extensions ['ros']
[1.384s] Level 1:colcon.colcon_core.package_identification:_identify(src/drone_launch) by extension 'ros'
[1.386s] DEBUG:colcon.colcon_core.package_identification:Package 'src/drone_launch' with type 'ros.ament_python' and name 'drone_launch'
[1.387s] Level 1:colcon.colcon_core.package_identification:_identify(src/rgb_camera_py) by extensions ['ignore', 'ignore_ament_install']
[1.387s] Level 1:colcon.colcon_core.package_identification:_identify(src/rgb_camera_py) by extension 'ignore'
[1.388s] Level 1:colcon.colcon_core.package_identification:_identify(src/rgb_camera_py) by extension 'ignore_ament_install'
[1.388s] Level 1:colcon.colcon_core.package_identification:_identify(src/rgb_camera_py) by extensions ['colcon_pkg']
[1.388s] Level 1:colcon.colcon_core.package_identification:_identify(src/rgb_camera_py) by extension 'colcon_pkg'
[1.388s] Level 1:colcon.colcon_core.package_identification:_identify(src/rgb_camera_py) by extensions ['colcon_meta']
[1.388s] Level 1:colcon.colcon_core.package_identification:_identify(src/rgb_camera_py) by extension 'colcon_meta'
[1.389s] Level 1:colcon.colcon_core.package_identification:_identify(src/rgb_camera_py) by extensions ['ros']
[1.389s] Level 1:colcon.colcon_core.package_identification:_identify(src/rgb_camera_py) by extension 'ros'
[1.391s] DEBUG:colcon.colcon_core.package_identification:Package 'src/rgb_camera_py' with type 'ros.ament_python' and name 'rgb_camera_py'
[1.391s] Level 1:colcon.colcon_core.package_discovery:discover_packages(recursive) using defaults
[1.391s] Level 1:colcon.colcon_core.package_discovery:discover_packages(ignore) discover
[1.391s] Level 1:colcon.colcon_core.package_discovery:discover_packages(ignore) using defaults
[1.391s] Level 1:colcon.colcon_core.package_discovery:discover_packages(path) discover
[1.392s] Level 1:colcon.colcon_core.package_discovery:discover_packages(path) using defaults
[1.507s] Level 1:colcon.colcon_core.package_discovery:discover_packages(prefix_path) check parameters
[1.507s] Level 1:colcon.colcon_core.package_discovery:discover_packages(prefix_path) discover
[1.516s] DEBUG:colcon.colcon_installed_package_information.package_discovery:Found 3 installed packages in /home/aidankwok/drone/ros2_ws/install
[1.523s] DEBUG:colcon.colcon_installed_package_information.package_discovery:Found 197 installed packages in /opt/ros/humble
[1.528s] Level 1:colcon.colcon_core.package_discovery:discover_packages(prefix_path) using defaults
[1.643s] Level 5:colcon.colcon_core.verb:set package 'autonomy_py' build argument 'cmake_args' from command line to 'None'
[1.643s] Level 5:colcon.colcon_core.verb:set package 'autonomy_py' build argument 'cmake_target' from command line to 'None'
[1.643s] Level 5:colcon.colcon_core.verb:set package 'autonomy_py' build argument 'cmake_target_skip_unavailable' from command line to 'False'
[1.644s] Level 5:colcon.colcon_core.verb:set package 'autonomy_py' build argument 'cmake_clean_cache' from command line to 'False'
[1.644s] Level 5:colcon.colcon_core.verb:set package 'autonomy_py' build argument 'cmake_clean_first' from command line to 'False'
[1.644s] Level 5:colcon.colcon_core.verb:set package 'autonomy_py' build argument 'cmake_force_configure' from command line to 'False'
[1.644s] Level 5:colcon.colcon_core.verb:set package 'autonomy_py' build argument 'ament_cmake_args' from command line to 'None'
[1.644s] Level 5:colcon.colcon_core.verb:set package 'autonomy_py' build argument 'catkin_cmake_args' from command line to 'None'
[1.644s] Level 5:colcon.colcon_core.verb:set package 'autonomy_py' build argument 'catkin_skip_building_tests' from command line to 'False'
[1.644s] DEBUG:colcon.colcon_core.verb:Building package 'autonomy_py' with the following arguments: {'ament_cmake_args': None, 'build_base': '/home/aidankwok/drone/ros2_ws/build/autonomy_py', 'catkin_cmake_args': None, 'catkin_skip_building_tests': False, 'cmake_args': None, 'cmake_clean_cache': False, 'cmake_clean_first': False, 'cmake_force_configure': False, 'cmake_target': None, 'cmake_target_skip_unavailable': False, 'install_base': '/home/aidankwok/drone/ros2_ws/install/autonomy_py', 'merge_install': False, 'path': '/home/aidankwok/drone/ros2_ws/src/autonomy_py', 'symlink_install': False, 'test_result_base': None}
[1.646s] Level 5:colcon.colcon_core.verb:set package 'rgb_camera_py' build argument 'cmake_args' from command line to 'None'
[1.646s] Level 5:colcon.colcon_core.verb:set package 'rgb_camera_py' build argument 'cmake_target' from command line to 'None'
[1.646s] Level 5:colcon.colcon_core.verb:set package 'rgb_camera_py' build argument 'cmake_target_skip_unavailable' from command line to 'False'
[1.646s] Level 5:colcon.colcon_core.verb:set package 'rgb_camera_py' build argument 'cmake_clean_cache' from command line to 'False'
[1.646s] Level 5:colcon.colcon_core.verb:set package 'rgb_camera_py' build argument 'cmake_clean_first' from command line to 'False'
[1.647s] Level 5:colcon.colcon_core.verb:set package 'rgb_camera_py' build argument 'cmake_force_configure' from command line to 'False'
[1.647s] Level 5:colcon.colcon_core.verb:set package 'rgb_camera_py' build argument 'ament_cmake_args' from command line to 'None'
[1.647s] Level 5:colcon.colcon_core.verb:set package 'rgb_camera_py' build argument 'catkin_cmake_args' from command line to 'None'
[1.647s] Level 5:colcon.colcon_core.verb:set package 'rgb_camera_py' build argument 'catkin_skip_building_tests' from command line to 'False'
[1.647s] DEBUG:colcon.colcon_core.verb:Building package 'rgb_camera_py' with the following arguments: {'ament_cmake_args': None, 'build_base': '/home/aidankwok/drone/ros2_ws/build/rgb_camera_py', 'catkin_cmake_args': None, 'catkin_skip_building_tests': False, 'cmake_args': None, 'cmake_clean_cache': False, 'cmake_clean_first': False, 'cmake_force_configure': False, 'cmake_target': None, 'cmake_target_skip_unavailable': False, 'install_base': '/home/aidankwok/drone/ros2_ws/install/rgb_camera_py', 'merge_install': False, 'path': '/home/aidankwok/drone/ros2_ws/src/rgb_camera_py', 'symlink_install': False, 'test_result_base': None}
[1.648s] Level 5:colcon.colcon_core.verb:set package 'drone_launch' build argument 'cmake_args' from command line to 'None'
[1.649s] Level 5:colcon.colcon_core.verb:set package 'drone_launch' build argument 'cmake_target' from command line to 'None'
[1.649s] Level 5:colcon.colcon_core.verb:set package 'drone_launch' build argument 'cmake_target_skip_unavailable' from command line to 'False'
[1.649s] Level 5:colcon.colcon_core.verb:set package 'drone_launch' build argument 'cmake_clean_cache' from command line to 'False'
[1.649s] Level 5:colcon.colcon_core.verb:set package 'drone_launch' build argument 'cmake_clean_first' from command line to 'False'
[1.649s] Level 5:colcon.colcon_core.verb:set package 'drone_launch' build argument 'cmake_force_configure' from command line to 'False'
[1.649s] Level 5:colcon.colcon_core.verb:set package 'drone_launch' build argument 'ament_cmake_args' from command line to 'None'
[1.649s] Level 5:colcon.colcon_core.verb:set package 'drone_launch' build argument 'catkin_cmake_args' from command line to 'None'
[1.650s] Level 5:colcon.colcon_core.verb:set package 'drone_launch' build argument 'catkin_skip_building_tests' from command line to 'False'
[1.650s] DEBUG:colcon.colcon_core.verb:Building package 'drone_launch' with the following arguments: {'ament_cmake_args': None, 'build_base': '/home/aidankwok/drone/ros2_ws/build/drone_launch', 'catkin_cmake_args': None, 'catkin_skip_building_tests': False, 'cmake_args': None, 'cmake_clean_cache': False, 'cmake_clean_first': False, 'cmake_force_configure': False, 'cmake_target': None, 'cmake_target_skip_unavailable': False, 'install_base': '/home/aidankwok/drone/ros2_ws/install/drone_launch', 'merge_install': False, 'path': '/home/aidankwok/drone/ros2_ws/src/drone_launch', 'symlink_install': False, 'test_result_base': None}
[1.650s] INFO:colcon.colcon_core.executor:Executing jobs using 'parallel' executor
[1.654s] DEBUG:colcon.colcon_parallel_executor.executor.parallel:run_until_complete
[1.655s] INFO:colcon.colcon_ros.task.ament_python.build:Building ROS package in '/home/aidankwok/drone/ros2_ws/src/autonomy_py' with build type 'ament_python'
[1.656s] Level 1:colcon.colcon_core.shell:create_environment_hook('autonomy_py', 'ament_prefix_path')
[1.668s] INFO:colcon.colcon_core.plugin_system:Skipping extension 'colcon_core.shell.bat': Not used on non-Windows systems
[1.669s] INFO:colcon.colcon_core.shell:Creating environment hook '/home/aidankwok/drone/ros2_ws/install/autonomy_py/share/autonomy_py/hook/ament_prefix_path.ps1'
[1.672s] INFO:colcon.colcon_core.shell:Creating environment descriptor '/home/aidankwok/drone/ros2_ws/install/autonomy_py/share/autonomy_py/hook/ament_prefix_path.dsv'
[1.677s] INFO:colcon.colcon_core.shell:Creating environment hook '/home/aidankwok/drone/ros2_ws/install/autonomy_py/share/autonomy_py/hook/ament_prefix_path.sh'
[1.680s] INFO:colcon.colcon_core.shell:Skip shell extension 'powershell' for command environment: Not usable outside of PowerShell
[1.681s] DEBUG:colcon.colcon_core.shell:Skip shell extension 'dsv' for command environment
[1.697s] INFO:colcon.colcon_ros.task.ament_python.build:Building ROS package in '/home/aidankwok/drone/ros2_ws/src/rgb_camera_py' with build type 'ament_python'
[1.697s] Level 1:colcon.colcon_core.shell:create_environment_hook('rgb_camera_py', 'ament_prefix_path')
[1.699s] INFO:colcon.colcon_core.shell:Creating environment hook '/home/aidankwok/drone/ros2_ws/install/rgb_camera_py/share/rgb_camera_py/hook/ament_prefix_path.ps1'
[1.701s] INFO:colcon.colcon_core.shell:Creating environment descriptor '/home/aidankwok/drone/ros2_ws/install/rgb_camera_py/share/rgb_camera_py/hook/ament_prefix_path.dsv'
[1.704s] INFO:colcon.colcon_core.shell:Creating environment hook '/home/aidankwok/drone/ros2_ws/install/rgb_camera_py/share/rgb_camera_py/hook/ament_prefix_path.sh'
[1.708s] INFO:colcon.colcon_core.shell:Skip shell extension 'powershell' for command environment: Not usable outside of PowerShell
[1.708s] DEBUG:colcon.colcon_core.shell:Skip shell extension 'dsv' for command environment
[2.946s] INFO:colcon.colcon_core.task.python.build:Building Python package in '/home/aidankwok/drone/ros2_ws/src/autonomy_py'
[2.947s] INFO:colcon.colcon_core.shell:Skip shell extension 'powershell' for command environment: Not usable outside of PowerShell
[2.947s] DEBUG:colcon.colcon_core.shell:Skip shell extension 'dsv' for command environment
[4.166s] INFO:colcon.colcon_core.task.python.build:Building Python package in '/home/aidankwok/drone/ros2_ws/src/rgb_camera_py'
[4.167s] INFO:colcon.colcon_core.shell:Skip shell extension 'powershell' for command environment: Not usable outside of PowerShell
[4.167s] DEBUG:colcon.colcon_core.shell:Skip shell extension 'dsv' for command environment
[6.127s] DEBUG:colcon.colcon_core.event_handler.log_command:Invoking command in '/home/aidankwok/drone/ros2_ws/src/autonomy_py': PYTHONPATH=/home/aidankwok/drone/ros2_ws/build/autonomy_py/prefix_override:/usr/lib/python3/dist-packages/colcon_core/task/python/colcon_distutils_commands:/home/aidankwok/drone/ros2_ws/install/autonomy_py/lib/python3.10/site-packages:${PYTHONPATH} /usr/bin/python3 -W ignore:setup.py install is deprecated -W ignore:easy_install command is deprecated setup.py egg_info --egg-base ../../build/autonomy_py build --build-base /home/aidankwok/drone/ros2_ws/build/autonomy_py/build install --record /home/aidankwok/drone/ros2_ws/build/autonomy_py/install.log --single-version-externally-managed install_data
[6.152s] DEBUG:colcon.colcon_core.event_handler.log_command:Invoking command in '/home/aidankwok/drone/ros2_ws/src/rgb_camera_py': PYTHONPATH=/home/aidankwok/drone/ros2_ws/build/rgb_camera_py/prefix_override:/usr/lib/python3/dist-packages/colcon_core/task/python/colcon_distutils_commands:/home/aidankwok/drone/ros2_ws/install/rgb_camera_py/lib/python3.10/site-packages:${PYTHONPATH} /usr/bin/python3 -W ignore:setup.py install is deprecated -W ignore:easy_install command is deprecated setup.py egg_info --egg-base ../../build/rgb_camera_py build --build-base /home/aidankwok/drone/ros2_ws/build/rgb_camera_py/build install --record /home/aidankwok/drone/ros2_ws/build/rgb_camera_py/install.log --single-version-externally-managed install_data
[7.765s] DEBUG:colcon.colcon_core.event_handler.log_command:Invoked command in '/home/aidankwok/drone/ros2_ws/src/autonomy_py' returned '0': PYTHONPATH=/home/aidankwok/drone/ros2_ws/build/autonomy_py/prefix_override:/usr/lib/python3/dist-packages/colcon_core/task/python/colcon_distutils_commands:/home/aidankwok/drone/ros2_ws/install/autonomy_py/lib/python3.10/site-packages:${PYTHONPATH} /usr/bin/python3 -W ignore:setup.py install is deprecated -W ignore:easy_install command is deprecated setup.py egg_info --egg-base ../../build/autonomy_py build --build-base /home/aidankwok/drone/ros2_ws/build/autonomy_py/build install --record /home/aidankwok/drone/ros2_ws/build/autonomy_py/install.log --single-version-externally-managed install_data
[7.786s] Level 1:colcon.colcon_core.environment:checking '/home/aidankwok/drone/ros2_ws/install/autonomy_py' for CMake module files
[7.789s] Level 1:colcon.colcon_core.environment:checking '/home/aidankwok/drone/ros2_ws/install/autonomy_py' for CMake config files
[7.795s] Level 1:colcon.colcon_core.environment:checking '/home/aidankwok/drone/ros2_ws/install/autonomy_py/lib'
[7.797s] Level 1:colcon.colcon_core.environment:checking '/home/aidankwok/drone/ros2_ws/install/autonomy_py/bin'
[7.798s] Level 1:colcon.colcon_core.environment:checking '/home/aidankwok/drone/ros2_ws/install/autonomy_py/lib/pkgconfig/autonomy_py.pc'
[7.799s] Level 1:colcon.colcon_core.environment:checking '/home/aidankwok/drone/ros2_ws/install/autonomy_py/lib/python3.10/site-packages'
[7.800s] Level 1:colcon.colcon_core.shell:create_environment_hook('autonomy_py', 'pythonpath')
[7.801s] INFO:colcon.colcon_core.shell:Creating environment hook '/home/aidankwok/drone/ros2_ws/install/autonomy_py/share/autonomy_py/hook/pythonpath.ps1'
[7.804s] INFO:colcon.colcon_core.shell:Creating environment descriptor '/home/aidankwok/drone/ros2_ws/install/autonomy_py/share/autonomy_py/hook/pythonpath.dsv'
[7.807s] INFO:colcon.colcon_core.shell:Creating environment hook '/home/aidankwok/drone/ros2_ws/install/autonomy_py/share/autonomy_py/hook/pythonpath.sh'
[7.810s] Level 1:colcon.colcon_core.environment:checking '/home/aidankwok/drone/ros2_ws/install/autonomy_py/bin'
[7.811s] Level 1:colcon.colcon_core.environment:create_environment_scripts_only(autonomy_py)
[7.813s] INFO:colcon.colcon_core.shell:Creating package script '/home/aidankwok/drone/ros2_ws/install/autonomy_py/share/autonomy_py/package.ps1'
[7.816s] INFO:colcon.colcon_core.shell:Creating package descriptor '/home/aidankwok/drone/ros2_ws/install/autonomy_py/share/autonomy_py/package.dsv'
[7.819s] INFO:colcon.colcon_core.shell:Creating package script '/home/aidankwok/drone/ros2_ws/install/autonomy_py/share/autonomy_py/package.sh'
[7.823s] INFO:colcon.colcon_core.shell:Creating package script '/home/aidankwok/drone/ros2_ws/install/autonomy_py/share/autonomy_py/package.bash'
[7.826s] INFO:colcon.colcon_core.shell:Creating package script '/home/aidankwok/drone/ros2_ws/install/autonomy_py/share/autonomy_py/package.zsh'
[7.830s] Level 1:colcon.colcon_core.environment:create_file_with_runtime_dependencies(/home/aidankwok/drone/ros2_ws/install/autonomy_py/share/colcon-core/packages/autonomy_py)
[7.832s] INFO:colcon.colcon_ros.task.ament_python.build:Building ROS package in '/home/aidankwok/drone/ros2_ws/src/drone_launch' with build type 'ament_python'
[7.832s] Level 1:colcon.colcon_core.shell:create_environment_hook('drone_launch', 'ament_prefix_path')
[7.833s] INFO:colcon.colcon_core.shell:Creating environment hook '/home/aidankwok/drone/ros2_ws/install/drone_launch/share/drone_launch/hook/ament_prefix_path.ps1'
[7.836s] INFO:colcon.colcon_core.shell:Creating environment descriptor '/home/aidankwok/drone/ros2_ws/install/drone_launch/share/drone_launch/hook/ament_prefix_path.dsv'
[7.839s] INFO:colcon.colcon_core.shell:Creating environment hook '/home/aidankwok/drone/ros2_ws/install/drone_launch/share/drone_launch/hook/ament_prefix_path.sh'
[7.843s] INFO:colcon.colcon_core.shell:Skip shell extension 'powershell' for command environment: Not usable outside of PowerShell
[7.843s] DEBUG:colcon.colcon_core.shell:Skip shell extension 'dsv' for command environment
[7.861s] Level 1:colcon.colcon_core.environment:checking '/home/aidankwok/drone/ros2_ws/install/rgb_camera_py' for CMake module files
[7.864s] DEBUG:colcon.colcon_core.event_handler.log_command:Invoked command in '/home/aidankwok/drone/ros2_ws/src/rgb_camera_py' returned '0': PYTHONPATH=/home/aidankwok/drone/ros2_ws/build/rgb_camera_py/prefix_override:/usr/lib/python3/dist-packages/colcon_core/task/python/colcon_distutils_commands:/home/aidankwok/drone/ros2_ws/install/rgb_camera_py/lib/python3.10/site-packages:${PYTHONPATH} /usr/bin/python3 -W ignore:setup.py install is deprecated -W ignore:easy_install command is deprecated setup.py egg_info --egg-base ../../build/rgb_camera_py build --build-base /home/aidankwok/drone/ros2_ws/build/rgb_camera_py/build install --record /home/aidankwok/drone/ros2_ws/build/rgb_camera_py/install.log --single-version-externally-managed install_data
[7.866s] Level 1:colcon.colcon_core.environment:checking '/home/aidankwok/drone/ros2_ws/install/rgb_camera_py' for CMake config files
[7.870s] Level 1:colcon.colcon_core.environment:checking '/home/aidankwok/drone/ros2_ws/install/rgb_camera_py/lib'
[7.870s] Level 1:colcon.colcon_core.environment:checking '/home/aidankwok/drone/ros2_ws/install/rgb_camera_py/bin'
[7.871s] Level 1:colcon.colcon_core.environment:checking '/home/aidankwok/drone/ros2_ws/install/rgb_camera_py/lib/pkgconfig/rgb_camera_py.pc'
[7.872s] Level 1:colcon.colcon_core.environment:checking '/home/aidankwok/drone/ros2_ws/install/rgb_camera_py/lib/python3.10/site-packages'
[7.873s] Level 1:colcon.colcon_core.shell:create_environment_hook('rgb_camera_py', 'pythonpath')
[7.874s] INFO:colcon.colcon_core.shell:Creating environment hook '/home/aidankwok/drone/ros2_ws/install/rgb_camera_py/share/rgb_camera_py/hook/pythonpath.ps1'
[7.876s] INFO:colcon.colcon_core.shell:Creating environment descriptor '/home/aidankwok/drone/ros2_ws/install/rgb_camera_py/share/rgb_camera_py/hook/pythonpath.dsv'
[7.879s] INFO:colcon.colcon_core.shell:Creating environment hook '/home/aidankwok/drone/ros2_ws/install/rgb_camera_py/share/rgb_camera_py/hook/pythonpath.sh'
[7.883s] Level 1:colcon.colcon_core.environment:checking '/home/aidankwok/drone/ros2_ws/install/rgb_camera_py/bin'
[7.884s] Level 1:colcon.colcon_core.environment:create_environment_scripts_only(rgb_camera_py)
[7.885s] INFO:colcon.colcon_core.shell:Creating package script '/home/aidankwok/drone/ros2_ws/install/rgb_camera_py/share/rgb_camera_py/package.ps1'
[7.887s] INFO:colcon.colcon_core.shell:Creating package descriptor '/home/aidankwok/drone/ros2_ws/install/rgb_camera_py/share/rgb_camera_py/package.dsv'
[7.890s] INFO:colcon.colcon_core.shell:Creating package script '/home/aidankwok/drone/ros2_ws/install/rgb_camera_py/share/rgb_camera_py/package.sh'
[7.893s] INFO:colcon.colcon_core.shell:Creating package script '/home/aidankwok/drone/ros2_ws/install/rgb_camera_py/share/rgb_camera_py/package.bash'
[7.895s] INFO:colcon.colcon_core.shell:Creating package script '/home/aidankwok/drone/ros2_ws/install/rgb_camera_py/share/rgb_camera_py/package.zsh'
[7.898s] Level 1:colcon.colcon_core.environment:create_file_with_runtime_dependencies(/home/aidankwok/drone/ros2_ws/install/rgb_camera_py/share/colcon-core/packages/rgb_camera_py)
[9.094s] INFO:colcon.colcon_core.task.python.build:Building Python package in '/home/aidankwok/drone/ros2_ws/src/drone_launch'
[9.095s] INFO:colcon.colcon_core.shell:Skip shell extension 'powershell' for command environment: Not usable outside of PowerShell
[9.096s] DEBUG:colcon.colcon_core.shell:Skip shell extension 'dsv' for command environment
[10.780s] DEBUG:colcon.colcon_core.event_handler.log_command:Invoking command in '/home/aidankwok/drone/ros2_ws/src/drone_launch': AMENT_PREFIX_PATH=/home/aidankwok/drone/ros2_ws/install/autonomy_py:/home/aidankwok/drone/ros2_ws/install/rgb_camera_py:/home/aidankwok/drone/ros2_ws/install/drone_launch:/opt/ros/humble PYTHONPATH=/home/aidankwok/drone/ros2_ws/build/drone_launch/prefix_override:/usr/lib/python3/dist-packages/colcon_core/task/python/colcon_distutils_commands:/home/aidankwok/drone/ros2_ws/install/drone_launch/lib/python3.10/site-packages:/home/aidankwok/drone/ros2_ws/install/autonomy_py/lib/python3.10/site-packages:/home/aidankwok/drone/ros2_ws/install/rgb_camera_py/lib/python3.10/site-packages:/home/aidankwok/drone/ros2_ws/install/drone_launch/lib/python3.10/site-packages:/opt/ros/humble/lib/python3.10/site-packages:/opt/ros/humble/local/lib/python3.10/dist-packages /usr/bin/python3 -W ignore:setup.py install is deprecated -W ignore:easy_install command is deprecated setup.py egg_info --egg-base ../../build/drone_launch build --build-base /home/aidankwok/drone/ros2_ws/build/drone_launch/build install --record /home/aidankwok/drone/ros2_ws/build/drone_launch/install.log --single-version-externally-managed install_data
[12.132s] Level 1:colcon.colcon_core.environment:checking '/home/aidankwok/drone/ros2_ws/install/drone_launch' for CMake module files
[12.134s] DEBUG:colcon.colcon_core.event_handler.log_command:Invoked command in '/home/aidankwok/drone/ros2_ws/src/drone_launch' returned '0': AMENT_PREFIX_PATH=/home/aidankwok/drone/ros2_ws/install/autonomy_py:/home/aidankwok/drone/ros2_ws/install/rgb_camera_py:/home/aidankwok/drone/ros2_ws/install/drone_launch:/opt/ros/humble PYTHONPATH=/home/aidankwok/drone/ros2_ws/build/drone_launch/prefix_override:/usr/lib/python3/dist-packages/colcon_core/task/python/colcon_distutils_commands:/home/aidankwok/drone/ros2_ws/install/drone_launch/lib/python3.10/site-packages:/home/aidankwok/drone/ros2_ws/install/autonomy_py/lib/python3.10/site-packages:/home/aidankwok/drone/ros2_ws/install/rgb_camera_py/lib/python3.10/site-packages:/home/aidankwok/drone/ros2_ws/install/drone_launch/lib/python3.10/site-packages:/opt/ros/humble/lib/python3.10/site-packages:/opt/ros/humble/local/lib/python3.10/dist-packages /usr/bin/python3 -W ignore:setup.py install is deprecated -W ignore:easy_install command is deprecated setup.py egg_info --egg-base ../../build/drone_launch build --build-base /home/aidankwok/drone/ros2_ws/build/drone_launch/build install --record /home/aidankwok/drone/ros2_ws/build/drone_launch/install.log --single-version-externally-managed install_data
[12.135s] Level 1:colcon.colcon_core.environment:checking '/home/aidankwok/drone/ros2_ws/install/drone_launch' for CMake config files
[12.139s] Level 1:colcon.colcon_core.environment:checking '/home/aidankwok/drone/ros2_ws/install/drone_launch/lib'
[12.139s] Level 1:colcon.colcon_core.environment:checking '/home/aidankwok/drone/ros2_ws/install/drone_launch/bin'
[12.140s] Level 1:colcon.colcon_core.environment:checking '/home/aidankwok/drone/ros2_ws/install/drone_launch/lib/pkgconfig/drone_launch.pc'
[12.141s] Level 1:colcon.colcon_core.environment:checking '/home/aidankwok/drone/ros2_ws/install/drone_launch/lib/python3.10/site-packages'
[12.142s] Level 1:colcon.colcon_core.shell:create_environment_hook('drone_launch', 'pythonpath')
[12.143s] INFO:colcon.colcon_core.shell:Creating environment hook '/home/aidankwok/drone/ros2_ws/install/drone_launch/share/drone_launch/hook/pythonpath.ps1'
[12.146s] INFO:colcon.colcon_core.shell:Creating environment descriptor '/home/aidankwok/drone/ros2_ws/install/drone_launch/share/drone_launch/hook/pythonpath.dsv'
[12.149s] INFO:colcon.colcon_core.shell:Creating environment hook '/home/aidankwok/drone/ros2_ws/install/drone_launch/share/drone_launch/hook/pythonpath.sh'
[12.153s] Level 1:colcon.colcon_core.environment:checking '/home/aidankwok/drone/ros2_ws/install/drone_launch/bin'
[12.154s] Level 1:colcon.colcon_core.environment:create_environment_scripts_only(drone_launch)
[12.155s] INFO:colcon.colcon_core.shell:Creating package script '/home/aidankwok/drone/ros2_ws/install/drone_launch/share/drone_launch/package.ps1'
[12.158s] INFO:colcon.colcon_core.shell:Creating package descriptor '/home/aidankwok/drone/ros2_ws/install/drone_launch/share/drone_launch/package.dsv'
[12.160s] INFO:colcon.colcon_core.shell:Creating package script '/home/aidankwok/drone/ros2_ws/install/drone_launch/share/drone_launch/package.sh'
[12.163s] INFO:colcon.colcon_core.shell:Creating package script '/home/aidankwok/drone/ros2_ws/install/drone_launch/share/drone_launch/package.bash'
[12.165s] INFO:colcon.colcon_core.shell:Creating package script '/home/aidankwok/drone/ros2_ws/install/drone_launch/share/drone_launch/package.zsh'
[12.167s] Level 1:colcon.colcon_core.environment:create_file_with_runtime_dependencies(/home/aidankwok/drone/ros2_ws/install/drone_launch/share/colcon-core/packages/drone_launch)
[12.168s] DEBUG:colcon.colcon_parallel_executor.executor.parallel:closing loop
[12.169s] DEBUG:colcon.colcon_parallel_executor.executor.parallel:loop closed
[12.170s] DEBUG:colcon.colcon_parallel_executor.executor.parallel:run_until_complete finished with '0'
[12.170s] DEBUG:colcon.colcon_core.event_reactor:joining thread
[12.193s] INFO:colcon.colcon_core.plugin_system:Skipping extension 'colcon_notification.desktop_notification.notify_send': Could not find 'notify-send'
[12.193s] INFO:colcon.colcon_core.plugin_system:Skipping extension 'colcon_notification.desktop_notification.terminal_notifier': Not used on non-Darwin systems
[12.194s] INFO:colcon.colcon_core.plugin_system:Skipping extension 'colcon_notification.desktop_notification.win32': Not used on non-Windows systems
[12.194s] INFO:colcon.colcon_notification.desktop_notification:Sending desktop notification using 'notify2'
[12.197s] DEBUG:colcon.colcon_notification.desktop_notification.notify2:Failed to initialize notify2: org.freedesktop.DBus.Error.ServiceUnknown: The name org.freedesktop.Notifications was not provided by any .service files
[12.197s] DEBUG:colcon.colcon_core.event_reactor:joined thread
[12.198s] INFO:colcon.colcon_core.shell:Creating prefix script '/home/aidankwok/drone/ros2_ws/install/local_setup.ps1'
[12.203s] INFO:colcon.colcon_core.shell:Creating prefix util module '/home/aidankwok/drone/ros2_ws/install/_local_setup_util_ps1.py'
[12.210s] INFO:colcon.colcon_core.shell:Creating prefix chain script '/home/aidankwok/drone/ros2_ws/install/setup.ps1'
[12.215s] INFO:colcon.colcon_core.shell:Creating prefix script '/home/aidankwok/drone/ros2_ws/install/local_setup.sh'
[12.218s] INFO:colcon.colcon_core.shell:Creating prefix util module '/home/aidankwok/drone/ros2_ws/install/_local_setup_util_sh.py'
[12.221s] INFO:colcon.colcon_core.shell:Creating prefix chain script '/home/aidankwok/drone/ros2_ws/install/setup.sh'
[12.226s] INFO:colcon.colcon_core.shell:Creating prefix script '/home/aidankwok/drone/ros2_ws/install/local_setup.bash'
[12.229s] INFO:colcon.colcon_core.shell:Creating prefix chain script '/home/aidankwok/drone/ros2_ws/install/setup.bash'
[12.234s] INFO:colcon.colcon_core.shell:Creating prefix script '/home/aidankwok/drone/ros2_ws/install/local_setup.zsh'
[12.236s] INFO:colcon.colcon_core.shell:Creating prefix chain script '/home/aidankwok/drone/ros2_ws/install/setup.zsh'
