[0.448s] DEBUG:colcon:Command line arguments: ['/usr/bin/colcon', 'build']
[0.448s] DEBUG:colcon:Parsed command line arguments: Namespace(log_base=None, log_level=None, verb_name='build', build_base='build', install_base='install', merge_install=False, symlink_install=False, test_result_base=None, continue_on_error=False, executor='parallel', parallel_workers=4, event_handlers=None, ignore_user_meta=False, metas=['./colcon.meta'], base_paths=['.'], packages_ignore=None, packages_ignore_regex=None, paths=None, packages_up_to=None, packages_up_to_regex=None, packages_above=None, packages_above_and_dependencies=None, packages_above_depth=None, packages_select_by_dep=None, packages_skip_by_dep=None, packages_skip_up_to=None, packages_select_build_failed=False, packages_skip_build_finished=False, packages_select_test_failures=False, packages_skip_test_passed=False, packages_select=None, packages_skip=None, packages_select_regex=None, packages_skip_regex=None, packages_start=None, packages_end=None, allow_overriding=[], cmake_args=None, cmake_target=None, cmake_target_skip_unavailable=False, cmake_clean_cache=False, cmake_clean_first=False, cmake_force_configure=False, ament_cmake_args=None, catkin_cmake_args=None, catkin_skip_building_tests=False, verb_parser=<colcon_defaults.argument_parser.defaults.DefaultArgumentsDecorator object at 0xffffbafa4040>, verb_extension=<colcon_core.verb.build.BuildVerb object at 0xffffbb1194b0>, main=<bound method BuildVerb.main of <colcon_core.verb.build.BuildVerb object at 0xffffbb1194b0>>)
[1.237s] Level 1:colcon.colcon_core.package_discovery:discover_packages(colcon_meta) check parameters
[1.237s] Level 1:colcon.colcon_core.package_discovery:discover_packages(recursive) check parameters
[1.237s] Level 1:colcon.colcon_core.package_discovery:discover_packages(ignore) check parameters
[1.238s] Level 1:colcon.colcon_core.package_discovery:discover_packages(path) check parameters
[1.238s] Level 1:colcon.colcon_core.package_discovery:discover_packages(colcon_meta) discover
[1.238s] Level 1:colcon.colcon_core.package_discovery:discover_packages(recursive) discover
[1.238s] INFO:colcon.colcon_core.package_discovery:Crawling recursively for packages in '/home/aidankwok/drone/ros2_ws'
[1.239s] Level 1:colcon.colcon_core.package_identification:_identify(.) by extensions ['ignore', 'ignore_ament_install']
[1.239s] Level 1:colcon.colcon_core.package_identification:_identify(.) by extension 'ignore'
[1.239s] Level 1:colcon.colcon_core.package_identification:_identify(.) by extension 'ignore_ament_install'
[1.240s] Level 1:colcon.colcon_core.package_identification:_identify(.) by extensions ['colcon_pkg']
[1.240s] Level 1:colcon.colcon_core.package_identification:_identify(.) by extension 'colcon_pkg'
[1.240s] Level 1:colcon.colcon_core.package_identification:_identify(.) by extensions ['colcon_meta']
[1.240s] Level 1:colcon.colcon_core.package_identification:_identify(.) by extension 'colcon_meta'
[1.240s] Level 1:colcon.colcon_core.package_identification:_identify(.) by extensions ['ros']
[1.240s] Level 1:colcon.colcon_core.package_identification:_identify(.) by extension 'ros'
[1.340s] Level 1:colcon.colcon_core.package_identification:_identify(.) by extensions ['cmake', 'python']
[1.340s] Level 1:colcon.colcon_core.package_identification:_identify(.) by extension 'cmake'
[1.341s] Level 1:colcon.colcon_core.package_identification:_identify(.) by extension 'python'
[1.341s] Level 1:colcon.colcon_core.package_identification:_identify(.) by extensions ['python_setup_py']
[1.341s] Level 1:colcon.colcon_core.package_identification:_identify(.) by extension 'python_setup_py'
[1.342s] Level 1:colcon.colcon_core.package_identification:_identify(build) by extensions ['ignore', 'ignore_ament_install']
[1.342s] Level 1:colcon.colcon_core.package_identification:_identify(build) by extension 'ignore'
[1.342s] Level 1:colcon.colcon_core.package_identification:_identify(build) ignored
[1.343s] Level 1:colcon.colcon_core.package_identification:_identify(install) by extensions ['ignore', 'ignore_ament_install']
[1.343s] Level 1:colcon.colcon_core.package_identification:_identify(install) by extension 'ignore'
[1.343s] Level 1:colcon.colcon_core.package_identification:_identify(install) ignored
[1.344s] Level 1:colcon.colcon_core.package_identification:_identify(log) by extensions ['ignore', 'ignore_ament_install']
[1.344s] Level 1:colcon.colcon_core.package_identification:_identify(log) by extension 'ignore'
[1.345s] Level 1:colcon.colcon_core.package_identification:_identify(log) ignored
[1.345s] Level 1:colcon.colcon_core.package_identification:_identify(src) by extensions ['ignore', 'ignore_ament_install']
[1.345s] Level 1:colcon.colcon_core.package_identification:_identify(src) by extension 'ignore'
[1.346s] Level 1:colcon.colcon_core.package_identification:_identify(src) by extension 'ignore_ament_install'
[1.346s] Level 1:colcon.colcon_core.package_identification:_identify(src) by extensions ['colcon_pkg']
[1.346s] Level 1:colcon.colcon_core.package_identification:_identify(src) by extension 'colcon_pkg'
[1.346s] Level 1:colcon.colcon_core.package_identification:_identify(src) by extensions ['colcon_meta']
[1.346s] Level 1:colcon.colcon_core.package_identification:_identify(src) by extension 'colcon_meta'
[1.347s] Level 1:colcon.colcon_core.package_identification:_identify(src) by extensions ['ros']
[1.347s] Level 1:colcon.colcon_core.package_identification:_identify(src) by extension 'ros'
[1.347s] Level 1:colcon.colcon_core.package_identification:_identify(src) by extensions ['cmake', 'python']
[1.347s] Level 1:colcon.colcon_core.package_identification:_identify(src) by extension 'cmake'
[1.347s] Level 1:colcon.colcon_core.package_identification:_identify(src) by extension 'python'
[1.348s] Level 1:colcon.colcon_core.package_identification:_identify(src) by extensions ['python_setup_py']
[1.348s] Level 1:colcon.colcon_core.package_identification:_identify(src) by extension 'python_setup_py'
[1.348s] Level 1:colcon.colcon_core.package_identification:_identify(src/autonomy_py) by extensions ['ignore', 'ignore_ament_install']
[1.349s] Level 1:colcon.colcon_core.package_identification:_identify(src/autonomy_py) by extension 'ignore'
[1.349s] Level 1:colcon.colcon_core.package_identification:_identify(src/autonomy_py) by extension 'ignore_ament_install'
[1.349s] Level 1:colcon.colcon_core.package_identification:_identify(src/autonomy_py) by extensions ['colcon_pkg']
[1.349s] Level 1:colcon.colcon_core.package_identification:_identify(src/autonomy_py) by extension 'colcon_pkg'
[1.349s] Level 1:colcon.colcon_core.package_identification:_identify(src/autonomy_py) by extensions ['colcon_meta']
[1.350s] Level 1:colcon.colcon_core.package_identification:_identify(src/autonomy_py) by extension 'colcon_meta'
[1.350s] Level 1:colcon.colcon_core.package_identification:_identify(src/autonomy_py) by extensions ['ros']
[1.350s] Level 1:colcon.colcon_core.package_identification:_identify(src/autonomy_py) by extension 'ros'
[1.359s] DEBUG:colcon.colcon_core.package_identification:Package 'src/autonomy_py' with type 'ros.ament_python' and name 'autonomy_py'
[1.360s] Level 1:colcon.colcon_core.package_identification:_identify(src/drone_launch) by extensions ['ignore', 'ignore_ament_install']
[1.360s] Level 1:colcon.colcon_core.package_identification:_identify(src/drone_launch) by extension 'ignore'
[1.360s] Level 1:colcon.colcon_core.package_identification:_identify(src/drone_launch) by extension 'ignore_ament_install'
[1.361s] Level 1:colcon.colcon_core.package_identification:_identify(src/drone_launch) by extensions ['colcon_pkg']
[1.361s] Level 1:colcon.colcon_core.package_identification:_identify(src/drone_launch) by extension 'colcon_pkg'
[1.361s] Level 1:colcon.colcon_core.package_identification:_identify(src/drone_launch) by extensions ['colcon_meta']
[1.361s] Level 1:colcon.colcon_core.package_identification:_identify(src/drone_launch) by extension 'colcon_meta'
[1.361s] Level 1:colcon.colcon_core.package_identification:_identify(src/drone_launch) by extensions ['ros']
[1.361s] Level 1:colcon.colcon_core.package_identification:_identify(src/drone_launch) by extension 'ros'
[1.364s] DEBUG:colcon.colcon_core.package_identification:Package 'src/drone_launch' with type 'ros.ament_python' and name 'drone_launch'
[1.364s] Level 1:colcon.colcon_core.package_identification:_identify(src/rgb_camera_py) by extensions ['ignore', 'ignore_ament_install']
[1.365s] Level 1:colcon.colcon_core.package_identification:_identify(src/rgb_camera_py) by extension 'ignore'
[1.365s] Level 1:colcon.colcon_core.package_identification:_identify(src/rgb_camera_py) by extension 'ignore_ament_install'
[1.365s] Level 1:colcon.colcon_core.package_identification:_identify(src/rgb_camera_py) by extensions ['colcon_pkg']
[1.365s] Level 1:colcon.colcon_core.package_identification:_identify(src/rgb_camera_py) by extension 'colcon_pkg'
[1.366s] Level 1:colcon.colcon_core.package_identification:_identify(src/rgb_camera_py) by extensions ['colcon_meta']
[1.366s] Level 1:colcon.colcon_core.package_identification:_identify(src/rgb_camera_py) by extension 'colcon_meta'
[1.366s] Level 1:colcon.colcon_core.package_identification:_identify(src/rgb_camera_py) by extensions ['ros']
[1.366s] Level 1:colcon.colcon_core.package_identification:_identify(src/rgb_camera_py) by extension 'ros'
[1.368s] DEBUG:colcon.colcon_core.package_identification:Package 'src/rgb_camera_py' with type 'ros.ament_python' and name 'rgb_camera_py'
[1.368s] Level 1:colcon.colcon_core.package_discovery:discover_packages(recursive) using defaults
[1.369s] Level 1:colcon.colcon_core.package_discovery:discover_packages(ignore) discover
[1.369s] Level 1:colcon.colcon_core.package_discovery:discover_packages(ignore) using defaults
[1.369s] Level 1:colcon.colcon_core.package_discovery:discover_packages(path) discover
[1.369s] Level 1:colcon.colcon_core.package_discovery:discover_packages(path) using defaults
[1.483s] Level 1:colcon.colcon_core.package_discovery:discover_packages(prefix_path) check parameters
[1.483s] Level 1:colcon.colcon_core.package_discovery:discover_packages(prefix_path) discover
[1.493s] DEBUG:colcon.colcon_installed_package_information.package_discovery:Found 3 installed packages in /home/aidankwok/drone/ros2_ws/install
[1.502s] DEBUG:colcon.colcon_installed_package_information.package_discovery:Found 197 installed packages in /opt/ros/humble
[1.508s] Level 1:colcon.colcon_core.package_discovery:discover_packages(prefix_path) using defaults
[1.623s] Level 5:colcon.colcon_core.verb:set package 'autonomy_py' build argument 'cmake_args' from command line to 'None'
[1.623s] Level 5:colcon.colcon_core.verb:set package 'autonomy_py' build argument 'cmake_target' from command line to 'None'
[1.623s] Level 5:colcon.colcon_core.verb:set package 'autonomy_py' build argument 'cmake_target_skip_unavailable' from command line to 'False'
[1.623s] Level 5:colcon.colcon_core.verb:set package 'autonomy_py' build argument 'cmake_clean_cache' from command line to 'False'
[1.623s] Level 5:colcon.colcon_core.verb:set package 'autonomy_py' build argument 'cmake_clean_first' from command line to 'False'
[1.624s] Level 5:colcon.colcon_core.verb:set package 'autonomy_py' build argument 'cmake_force_configure' from command line to 'False'
[1.624s] Level 5:colcon.colcon_core.verb:set package 'autonomy_py' build argument 'ament_cmake_args' from command line to 'None'
[1.624s] Level 5:colcon.colcon_core.verb:set package 'autonomy_py' build argument 'catkin_cmake_args' from command line to 'None'
[1.624s] Level 5:colcon.colcon_core.verb:set package 'autonomy_py' build argument 'catkin_skip_building_tests' from command line to 'False'
[1.624s] DEBUG:colcon.colcon_core.verb:Building package 'autonomy_py' with the following arguments: {'ament_cmake_args': None, 'build_base': '/home/aidankwok/drone/ros2_ws/build/autonomy_py', 'catkin_cmake_args': None, 'catkin_skip_building_tests': False, 'cmake_args': None, 'cmake_clean_cache': False, 'cmake_clean_first': False, 'cmake_force_configure': False, 'cmake_target': None, 'cmake_target_skip_unavailable': False, 'install_base': '/home/aidankwok/drone/ros2_ws/install/autonomy_py', 'merge_install': False, 'path': '/home/aidankwok/drone/ros2_ws/src/autonomy_py', 'symlink_install': False, 'test_result_base': None}
[1.626s] Level 5:colcon.colcon_core.verb:set package 'rgb_camera_py' build argument 'cmake_args' from command line to 'None'
[1.626s] Level 5:colcon.colcon_core.verb:set package 'rgb_camera_py' build argument 'cmake_target' from command line to 'None'
[1.626s] Level 5:colcon.colcon_core.verb:set package 'rgb_camera_py' build argument 'cmake_target_skip_unavailable' from command line to 'False'
[1.626s] Level 5:colcon.colcon_core.verb:set package 'rgb_camera_py' build argument 'cmake_clean_cache' from command line to 'False'
[1.626s] Level 5:colcon.colcon_core.verb:set package 'rgb_camera_py' build argument 'cmake_clean_first' from command line to 'False'
[1.626s] Level 5:colcon.colcon_core.verb:set package 'rgb_camera_py' build argument 'cmake_force_configure' from command line to 'False'
[1.626s] Level 5:colcon.colcon_core.verb:set package 'rgb_camera_py' build argument 'ament_cmake_args' from command line to 'None'
[1.626s] Level 5:colcon.colcon_core.verb:set package 'rgb_camera_py' build argument 'catkin_cmake_args' from command line to 'None'
[1.627s] Level 5:colcon.colcon_core.verb:set package 'rgb_camera_py' build argument 'catkin_skip_building_tests' from command line to 'False'
[1.627s] DEBUG:colcon.colcon_core.verb:Building package 'rgb_camera_py' with the following arguments: {'ament_cmake_args': None, 'build_base': '/home/aidankwok/drone/ros2_ws/build/rgb_camera_py', 'catkin_cmake_args': None, 'catkin_skip_building_tests': False, 'cmake_args': None, 'cmake_clean_cache': False, 'cmake_clean_first': False, 'cmake_force_configure': False, 'cmake_target': None, 'cmake_target_skip_unavailable': False, 'install_base': '/home/aidankwok/drone/ros2_ws/install/rgb_camera_py', 'merge_install': False, 'path': '/home/aidankwok/drone/ros2_ws/src/rgb_camera_py', 'symlink_install': False, 'test_result_base': None}
[1.628s] Level 5:colcon.colcon_core.verb:set package 'drone_launch' build argument 'cmake_args' from command line to 'None'
[1.628s] Level 5:colcon.colcon_core.verb:set package 'drone_launch' build argument 'cmake_target' from command line to 'None'
[1.628s] Level 5:colcon.colcon_core.verb:set package 'drone_launch' build argument 'cmake_target_skip_unavailable' from command line to 'False'
[1.629s] Level 5:colcon.colcon_core.verb:set package 'drone_launch' build argument 'cmake_clean_cache' from command line to 'False'
[1.629s] Level 5:colcon.colcon_core.verb:set package 'drone_launch' build argument 'cmake_clean_first' from command line to 'False'
[1.629s] Level 5:colcon.colcon_core.verb:set package 'drone_launch' build argument 'cmake_force_configure' from command line to 'False'
[1.629s] Level 5:colcon.colcon_core.verb:set package 'drone_launch' build argument 'ament_cmake_args' from command line to 'None'
[1.629s] Level 5:colcon.colcon_core.verb:set package 'drone_launch' build argument 'catkin_cmake_args' from command line to 'None'
[1.629s] Level 5:colcon.colcon_core.verb:set package 'drone_launch' build argument 'catkin_skip_building_tests' from command line to 'False'
[1.629s] DEBUG:colcon.colcon_core.verb:Building package 'drone_launch' with the following arguments: {'ament_cmake_args': None, 'build_base': '/home/aidankwok/drone/ros2_ws/build/drone_launch', 'catkin_cmake_args': None, 'catkin_skip_building_tests': False, 'cmake_args': None, 'cmake_clean_cache': False, 'cmake_clean_first': False, 'cmake_force_configure': False, 'cmake_target': None, 'cmake_target_skip_unavailable': False, 'install_base': '/home/aidankwok/drone/ros2_ws/install/drone_launch', 'merge_install': False, 'path': '/home/aidankwok/drone/ros2_ws/src/drone_launch', 'symlink_install': False, 'test_result_base': None}
[1.630s] INFO:colcon.colcon_core.executor:Executing jobs using 'parallel' executor
[1.633s] DEBUG:colcon.colcon_parallel_executor.executor.parallel:run_until_complete
[1.634s] INFO:colcon.colcon_ros.task.ament_python.build:Building ROS package in '/home/aidankwok/drone/ros2_ws/src/autonomy_py' with build type 'ament_python'
[1.635s] Level 1:colcon.colcon_core.shell:create_environment_hook('autonomy_py', 'ament_prefix_path')
[1.645s] INFO:colcon.colcon_core.plugin_system:Skipping extension 'colcon_core.shell.bat': Not used on non-Windows systems
[1.646s] INFO:colcon.colcon_core.shell:Creating environment hook '/home/aidankwok/drone/ros2_ws/install/autonomy_py/share/autonomy_py/hook/ament_prefix_path.ps1'
[1.650s] INFO:colcon.colcon_core.shell:Creating environment descriptor '/home/aidankwok/drone/ros2_ws/install/autonomy_py/share/autonomy_py/hook/ament_prefix_path.dsv'
[1.654s] INFO:colcon.colcon_core.shell:Creating environment hook '/home/aidankwok/drone/ros2_ws/install/autonomy_py/share/autonomy_py/hook/ament_prefix_path.sh'
[1.657s] INFO:colcon.colcon_core.shell:Skip shell extension 'powershell' for command environment: Not usable outside of PowerShell
[1.658s] DEBUG:colcon.colcon_core.shell:Skip shell extension 'dsv' for command environment
[1.674s] INFO:colcon.colcon_ros.task.ament_python.build:Building ROS package in '/home/aidankwok/drone/ros2_ws/src/rgb_camera_py' with build type 'ament_python'
[1.675s] Level 1:colcon.colcon_core.shell:create_environment_hook('rgb_camera_py', 'ament_prefix_path')
[1.676s] INFO:colcon.colcon_core.shell:Creating environment hook '/home/aidankwok/drone/ros2_ws/install/rgb_camera_py/share/rgb_camera_py/hook/ament_prefix_path.ps1'
[1.678s] INFO:colcon.colcon_core.shell:Creating environment descriptor '/home/aidankwok/drone/ros2_ws/install/rgb_camera_py/share/rgb_camera_py/hook/ament_prefix_path.dsv'
[1.680s] INFO:colcon.colcon_core.shell:Creating environment hook '/home/aidankwok/drone/ros2_ws/install/rgb_camera_py/share/rgb_camera_py/hook/ament_prefix_path.sh'
[1.684s] INFO:colcon.colcon_core.shell:Skip shell extension 'powershell' for command environment: Not usable outside of PowerShell
[1.684s] DEBUG:colcon.colcon_core.shell:Skip shell extension 'dsv' for command environment
[2.902s] INFO:colcon.colcon_core.task.python.build:Building Python package in '/home/aidankwok/drone/ros2_ws/src/autonomy_py'
[2.903s] INFO:colcon.colcon_core.shell:Skip shell extension 'powershell' for command environment: Not usable outside of PowerShell
[2.903s] DEBUG:colcon.colcon_core.shell:Skip shell extension 'dsv' for command environment
[4.131s] INFO:colcon.colcon_core.task.python.build:Building Python package in '/home/aidankwok/drone/ros2_ws/src/rgb_camera_py'
[4.132s] INFO:colcon.colcon_core.shell:Skip shell extension 'powershell' for command environment: Not usable outside of PowerShell
[4.132s] DEBUG:colcon.colcon_core.shell:Skip shell extension 'dsv' for command environment
[6.097s] DEBUG:colcon.colcon_core.event_handler.log_command:Invoking command in '/home/aidankwok/drone/ros2_ws/src/rgb_camera_py': PYTHONPATH=/home/aidankwok/drone/ros2_ws/build/rgb_camera_py/prefix_override:/usr/lib/python3/dist-packages/colcon_core/task/python/colcon_distutils_commands:/home/aidankwok/drone/ros2_ws/install/rgb_camera_py/lib/python3.10/site-packages:${PYTHONPATH} /usr/bin/python3 -W ignore:setup.py install is deprecated -W ignore:easy_install command is deprecated setup.py egg_info --egg-base ../../build/rgb_camera_py build --build-base /home/aidankwok/drone/ros2_ws/build/rgb_camera_py/build install --record /home/aidankwok/drone/ros2_ws/build/rgb_camera_py/install.log --single-version-externally-managed install_data
[6.119s] DEBUG:colcon.colcon_core.event_handler.log_command:Invoking command in '/home/aidankwok/drone/ros2_ws/src/autonomy_py': PYTHONPATH=/home/aidankwok/drone/ros2_ws/build/autonomy_py/prefix_override:/usr/lib/python3/dist-packages/colcon_core/task/python/colcon_distutils_commands:/home/aidankwok/drone/ros2_ws/install/autonomy_py/lib/python3.10/site-packages:${PYTHONPATH} /usr/bin/python3 -W ignore:setup.py install is deprecated -W ignore:easy_install command is deprecated setup.py egg_info --egg-base ../../build/autonomy_py build --build-base /home/aidankwok/drone/ros2_ws/build/autonomy_py/build install --record /home/aidankwok/drone/ros2_ws/build/autonomy_py/install.log --single-version-externally-managed install_data
[7.672s] DEBUG:colcon.colcon_core.event_handler.log_command:Invoked command in '/home/aidankwok/drone/ros2_ws/src/rgb_camera_py' returned '0': PYTHONPATH=/home/aidankwok/drone/ros2_ws/build/rgb_camera_py/prefix_override:/usr/lib/python3/dist-packages/colcon_core/task/python/colcon_distutils_commands:/home/aidankwok/drone/ros2_ws/install/rgb_camera_py/lib/python3.10/site-packages:${PYTHONPATH} /usr/bin/python3 -W ignore:setup.py install is deprecated -W ignore:easy_install command is deprecated setup.py egg_info --egg-base ../../build/rgb_camera_py build --build-base /home/aidankwok/drone/ros2_ws/build/rgb_camera_py/build install --record /home/aidankwok/drone/ros2_ws/build/rgb_camera_py/install.log --single-version-externally-managed install_data
[7.699s] Level 1:colcon.colcon_core.environment:checking '/home/aidankwok/drone/ros2_ws/install/rgb_camera_py' for CMake module files
[7.702s] Level 1:colcon.colcon_core.environment:checking '/home/aidankwok/drone/ros2_ws/install/rgb_camera_py' for CMake config files
[7.708s] Level 1:colcon.colcon_core.environment:checking '/home/aidankwok/drone/ros2_ws/install/rgb_camera_py/lib'
[7.710s] Level 1:colcon.colcon_core.environment:checking '/home/aidankwok/drone/ros2_ws/install/rgb_camera_py/bin'
[7.711s] Level 1:colcon.colcon_core.environment:checking '/home/aidankwok/drone/ros2_ws/install/rgb_camera_py/lib/pkgconfig/rgb_camera_py.pc'
[7.713s] Level 1:colcon.colcon_core.environment:checking '/home/aidankwok/drone/ros2_ws/install/rgb_camera_py/lib/python3.10/site-packages'
[7.714s] Level 1:colcon.colcon_core.shell:create_environment_hook('rgb_camera_py', 'pythonpath')
[7.715s] INFO:colcon.colcon_core.shell:Creating environment hook '/home/aidankwok/drone/ros2_ws/install/rgb_camera_py/share/rgb_camera_py/hook/pythonpath.ps1'
[7.719s] INFO:colcon.colcon_core.shell:Creating environment descriptor '/home/aidankwok/drone/ros2_ws/install/rgb_camera_py/share/rgb_camera_py/hook/pythonpath.dsv'
[7.722s] INFO:colcon.colcon_core.shell:Creating environment hook '/home/aidankwok/drone/ros2_ws/install/rgb_camera_py/share/rgb_camera_py/hook/pythonpath.sh'
[7.727s] Level 1:colcon.colcon_core.environment:checking '/home/aidankwok/drone/ros2_ws/install/rgb_camera_py/bin'
[7.728s] Level 1:colcon.colcon_core.environment:create_environment_scripts_only(rgb_camera_py)
[7.730s] INFO:colcon.colcon_core.shell:Creating package script '/home/aidankwok/drone/ros2_ws/install/rgb_camera_py/share/rgb_camera_py/package.ps1'
[7.737s] INFO:colcon.colcon_core.shell:Creating package descriptor '/home/aidankwok/drone/ros2_ws/install/rgb_camera_py/share/rgb_camera_py/package.dsv'
[7.743s] INFO:colcon.colcon_core.shell:Creating package script '/home/aidankwok/drone/ros2_ws/install/rgb_camera_py/share/rgb_camera_py/package.sh'
[7.750s] INFO:colcon.colcon_core.shell:Creating package script '/home/aidankwok/drone/ros2_ws/install/rgb_camera_py/share/rgb_camera_py/package.bash'
[7.757s] INFO:colcon.colcon_core.shell:Creating package script '/home/aidankwok/drone/ros2_ws/install/rgb_camera_py/share/rgb_camera_py/package.zsh'
[7.761s] Level 1:colcon.colcon_core.environment:create_file_with_runtime_dependencies(/home/aidankwok/drone/ros2_ws/install/rgb_camera_py/share/colcon-core/packages/rgb_camera_py)
[7.786s] Level 1:colcon.colcon_core.environment:checking '/home/aidankwok/drone/ros2_ws/install/autonomy_py' for CMake module files
[7.788s] DEBUG:colcon.colcon_core.event_handler.log_command:Invoked command in '/home/aidankwok/drone/ros2_ws/src/autonomy_py' returned '0': PYTHONPATH=/home/aidankwok/drone/ros2_ws/build/autonomy_py/prefix_override:/usr/lib/python3/dist-packages/colcon_core/task/python/colcon_distutils_commands:/home/aidankwok/drone/ros2_ws/install/autonomy_py/lib/python3.10/site-packages:${PYTHONPATH} /usr/bin/python3 -W ignore:setup.py install is deprecated -W ignore:easy_install command is deprecated setup.py egg_info --egg-base ../../build/autonomy_py build --build-base /home/aidankwok/drone/ros2_ws/build/autonomy_py/build install --record /home/aidankwok/drone/ros2_ws/build/autonomy_py/install.log --single-version-externally-managed install_data
[7.789s] Level 1:colcon.colcon_core.environment:checking '/home/aidankwok/drone/ros2_ws/install/autonomy_py' for CMake config files
[7.795s] Level 1:colcon.colcon_core.environment:checking '/home/aidankwok/drone/ros2_ws/install/autonomy_py/lib'
[7.796s] Level 1:colcon.colcon_core.environment:checking '/home/aidankwok/drone/ros2_ws/install/autonomy_py/bin'
[7.796s] Level 1:colcon.colcon_core.environment:checking '/home/aidankwok/drone/ros2_ws/install/autonomy_py/lib/pkgconfig/autonomy_py.pc'
[7.798s] Level 1:colcon.colcon_core.environment:checking '/home/aidankwok/drone/ros2_ws/install/autonomy_py/lib/python3.10/site-packages'
[7.798s] Level 1:colcon.colcon_core.shell:create_environment_hook('autonomy_py', 'pythonpath')
[7.800s] INFO:colcon.colcon_core.shell:Creating environment hook '/home/aidankwok/drone/ros2_ws/install/autonomy_py/share/autonomy_py/hook/pythonpath.ps1'
[7.803s] INFO:colcon.colcon_core.shell:Creating environment descriptor '/home/aidankwok/drone/ros2_ws/install/autonomy_py/share/autonomy_py/hook/pythonpath.dsv'
[7.805s] INFO:colcon.colcon_core.shell:Creating environment hook '/home/aidankwok/drone/ros2_ws/install/autonomy_py/share/autonomy_py/hook/pythonpath.sh'
[7.808s] Level 1:colcon.colcon_core.environment:checking '/home/aidankwok/drone/ros2_ws/install/autonomy_py/bin'
[7.809s] Level 1:colcon.colcon_core.environment:create_environment_scripts_only(autonomy_py)
[7.810s] INFO:colcon.colcon_core.shell:Creating package script '/home/aidankwok/drone/ros2_ws/install/autonomy_py/share/autonomy_py/package.ps1'
[7.813s] INFO:colcon.colcon_core.shell:Creating package descriptor '/home/aidankwok/drone/ros2_ws/install/autonomy_py/share/autonomy_py/package.dsv'
[7.815s] INFO:colcon.colcon_core.shell:Creating package script '/home/aidankwok/drone/ros2_ws/install/autonomy_py/share/autonomy_py/package.sh'
[7.817s] INFO:colcon.colcon_core.shell:Creating package script '/home/aidankwok/drone/ros2_ws/install/autonomy_py/share/autonomy_py/package.bash'
[7.819s] INFO:colcon.colcon_core.shell:Creating package script '/home/aidankwok/drone/ros2_ws/install/autonomy_py/share/autonomy_py/package.zsh'
[7.821s] Level 1:colcon.colcon_core.environment:create_file_with_runtime_dependencies(/home/aidankwok/drone/ros2_ws/install/autonomy_py/share/colcon-core/packages/autonomy_py)
[7.823s] INFO:colcon.colcon_ros.task.ament_python.build:Building ROS package in '/home/aidankwok/drone/ros2_ws/src/drone_launch' with build type 'ament_python'
[7.824s] Level 1:colcon.colcon_core.shell:create_environment_hook('drone_launch', 'ament_prefix_path')
[7.825s] INFO:colcon.colcon_core.shell:Creating environment hook '/home/aidankwok/drone/ros2_ws/install/drone_launch/share/drone_launch/hook/ament_prefix_path.ps1'
[7.828s] INFO:colcon.colcon_core.shell:Creating environment descriptor '/home/aidankwok/drone/ros2_ws/install/drone_launch/share/drone_launch/hook/ament_prefix_path.dsv'
[7.830s] INFO:colcon.colcon_core.shell:Creating environment hook '/home/aidankwok/drone/ros2_ws/install/drone_launch/share/drone_launch/hook/ament_prefix_path.sh'
[7.833s] INFO:colcon.colcon_core.shell:Skip shell extension 'powershell' for command environment: Not usable outside of PowerShell
[7.834s] DEBUG:colcon.colcon_core.shell:Skip shell extension 'dsv' for command environment
[9.090s] INFO:colcon.colcon_core.task.python.build:Building Python package in '/home/aidankwok/drone/ros2_ws/src/drone_launch'
[9.091s] INFO:colcon.colcon_core.shell:Skip shell extension 'powershell' for command environment: Not usable outside of PowerShell
[9.091s] DEBUG:colcon.colcon_core.shell:Skip shell extension 'dsv' for command environment
[10.808s] DEBUG:colcon.colcon_core.event_handler.log_command:Invoking command in '/home/aidankwok/drone/ros2_ws/src/drone_launch': AMENT_PREFIX_PATH=/home/aidankwok/drone/ros2_ws/install/autonomy_py:/home/aidankwok/drone/ros2_ws/install/rgb_camera_py:/home/aidankwok/drone/ros2_ws/install/drone_launch:/opt/ros/humble PYTHONPATH=/home/aidankwok/drone/ros2_ws/build/drone_launch/prefix_override:/usr/lib/python3/dist-packages/colcon_core/task/python/colcon_distutils_commands:/home/aidankwok/drone/ros2_ws/install/drone_launch/lib/python3.10/site-packages:/home/aidankwok/drone/ros2_ws/install/autonomy_py/lib/python3.10/site-packages:/home/aidankwok/drone/ros2_ws/install/rgb_camera_py/lib/python3.10/site-packages:/home/aidankwok/drone/ros2_ws/install/drone_launch/lib/python3.10/site-packages:/opt/ros/humble/lib/python3.10/site-packages:/opt/ros/humble/local/lib/python3.10/dist-packages /usr/bin/python3 -W ignore:setup.py install is deprecated -W ignore:easy_install command is deprecated setup.py egg_info --egg-base ../../build/drone_launch build --build-base /home/aidankwok/drone/ros2_ws/build/drone_launch/build install --record /home/aidankwok/drone/ros2_ws/build/drone_launch/install.log --single-version-externally-managed install_data
[12.156s] Level 1:colcon.colcon_core.environment:checking '/home/aidankwok/drone/ros2_ws/install/drone_launch' for CMake module files
[12.158s] DEBUG:colcon.colcon_core.event_handler.log_command:Invoked command in '/home/aidankwok/drone/ros2_ws/src/drone_launch' returned '0': AMENT_PREFIX_PATH=/home/aidankwok/drone/ros2_ws/install/autonomy_py:/home/aidankwok/drone/ros2_ws/install/rgb_camera_py:/home/aidankwok/drone/ros2_ws/install/drone_launch:/opt/ros/humble PYTHONPATH=/home/aidankwok/drone/ros2_ws/build/drone_launch/prefix_override:/usr/lib/python3/dist-packages/colcon_core/task/python/colcon_distutils_commands:/home/aidankwok/drone/ros2_ws/install/drone_launch/lib/python3.10/site-packages:/home/aidankwok/drone/ros2_ws/install/autonomy_py/lib/python3.10/site-packages:/home/aidankwok/drone/ros2_ws/install/rgb_camera_py/lib/python3.10/site-packages:/home/aidankwok/drone/ros2_ws/install/drone_launch/lib/python3.10/site-packages:/opt/ros/humble/lib/python3.10/site-packages:/opt/ros/humble/local/lib/python3.10/dist-packages /usr/bin/python3 -W ignore:setup.py install is deprecated -W ignore:easy_install command is deprecated setup.py egg_info --egg-base ../../build/drone_launch build --build-base /home/aidankwok/drone/ros2_ws/build/drone_launch/build install --record /home/aidankwok/drone/ros2_ws/build/drone_launch/install.log --single-version-externally-managed install_data
[12.160s] Level 1:colcon.colcon_core.environment:checking '/home/aidankwok/drone/ros2_ws/install/drone_launch' for CMake config files
[12.164s] Level 1:colcon.colcon_core.environment:checking '/home/aidankwok/drone/ros2_ws/install/drone_launch/lib'
[12.165s] Level 1:colcon.colcon_core.environment:checking '/home/aidankwok/drone/ros2_ws/install/drone_launch/bin'
[12.165s] Level 1:colcon.colcon_core.environment:checking '/home/aidankwok/drone/ros2_ws/install/drone_launch/lib/pkgconfig/drone_launch.pc'
[12.166s] Level 1:colcon.colcon_core.environment:checking '/home/aidankwok/drone/ros2_ws/install/drone_launch/lib/python3.10/site-packages'
[12.166s] Level 1:colcon.colcon_core.shell:create_environment_hook('drone_launch', 'pythonpath')
[12.167s] INFO:colcon.colcon_core.shell:Creating environment hook '/home/aidankwok/drone/ros2_ws/install/drone_launch/share/drone_launch/hook/pythonpath.ps1'
[12.170s] INFO:colcon.colcon_core.shell:Creating environment descriptor '/home/aidankwok/drone/ros2_ws/install/drone_launch/share/drone_launch/hook/pythonpath.dsv'
[12.172s] INFO:colcon.colcon_core.shell:Creating environment hook '/home/aidankwok/drone/ros2_ws/install/drone_launch/share/drone_launch/hook/pythonpath.sh'
[12.177s] Level 1:colcon.colcon_core.environment:checking '/home/aidankwok/drone/ros2_ws/install/drone_launch/bin'
[12.177s] Level 1:colcon.colcon_core.environment:create_environment_scripts_only(drone_launch)
[12.179s] INFO:colcon.colcon_core.shell:Creating package script '/home/aidankwok/drone/ros2_ws/install/drone_launch/share/drone_launch/package.ps1'
[12.181s] INFO:colcon.colcon_core.shell:Creating package descriptor '/home/aidankwok/drone/ros2_ws/install/drone_launch/share/drone_launch/package.dsv'
[12.184s] INFO:colcon.colcon_core.shell:Creating package script '/home/aidankwok/drone/ros2_ws/install/drone_launch/share/drone_launch/package.sh'
[12.186s] INFO:colcon.colcon_core.shell:Creating package script '/home/aidankwok/drone/ros2_ws/install/drone_launch/share/drone_launch/package.bash'
[12.188s] INFO:colcon.colcon_core.shell:Creating package script '/home/aidankwok/drone/ros2_ws/install/drone_launch/share/drone_launch/package.zsh'
[12.190s] Level 1:colcon.colcon_core.environment:create_file_with_runtime_dependencies(/home/aidankwok/drone/ros2_ws/install/drone_launch/share/colcon-core/packages/drone_launch)
[12.192s] DEBUG:colcon.colcon_parallel_executor.executor.parallel:closing loop
[12.193s] DEBUG:colcon.colcon_parallel_executor.executor.parallel:loop closed
[12.193s] DEBUG:colcon.colcon_parallel_executor.executor.parallel:run_until_complete finished with '0'
[12.194s] DEBUG:colcon.colcon_core.event_reactor:joining thread
[12.216s] INFO:colcon.colcon_core.plugin_system:Skipping extension 'colcon_notification.desktop_notification.notify_send': Could not find 'notify-send'
[12.217s] INFO:colcon.colcon_core.plugin_system:Skipping extension 'colcon_notification.desktop_notification.terminal_notifier': Not used on non-Darwin systems
[12.217s] INFO:colcon.colcon_core.plugin_system:Skipping extension 'colcon_notification.desktop_notification.win32': Not used on non-Windows systems
[12.217s] INFO:colcon.colcon_notification.desktop_notification:Sending desktop notification using 'notify2'
[12.220s] DEBUG:colcon.colcon_notification.desktop_notification.notify2:Failed to initialize notify2: org.freedesktop.DBus.Error.ServiceUnknown: The name org.freedesktop.Notifications was not provided by any .service files
[12.220s] DEBUG:colcon.colcon_core.event_reactor:joined thread
[12.222s] INFO:colcon.colcon_core.shell:Creating prefix script '/home/aidankwok/drone/ros2_ws/install/local_setup.ps1'
[12.226s] INFO:colcon.colcon_core.shell:Creating prefix util module '/home/aidankwok/drone/ros2_ws/install/_local_setup_util_ps1.py'
[12.232s] INFO:colcon.colcon_core.shell:Creating prefix chain script '/home/aidankwok/drone/ros2_ws/install/setup.ps1'
[12.239s] INFO:colcon.colcon_core.shell:Creating prefix script '/home/aidankwok/drone/ros2_ws/install/local_setup.sh'
[12.242s] INFO:colcon.colcon_core.shell:Creating prefix util module '/home/aidankwok/drone/ros2_ws/install/_local_setup_util_sh.py'
[12.246s] INFO:colcon.colcon_core.shell:Creating prefix chain script '/home/aidankwok/drone/ros2_ws/install/setup.sh'
[12.251s] INFO:colcon.colcon_core.shell:Creating prefix script '/home/aidankwok/drone/ros2_ws/install/local_setup.bash'
[12.253s] INFO:colcon.colcon_core.shell:Creating prefix chain script '/home/aidankwok/drone/ros2_ws/install/setup.bash'
[12.259s] INFO:colcon.colcon_core.shell:Creating prefix script '/home/aidankwok/drone/ros2_ws/install/local_setup.zsh'
[12.262s] INFO:colcon.colcon_core.shell:Creating prefix chain script '/home/aidankwok/drone/ros2_ws/install/setup.zsh'
