[0.587s] DEBUG:colcon:Command line arguments: ['/usr/bin/colcon', 'build']
[0.588s] DEBUG:colcon:Parsed command line arguments: Namespace(log_base=None, log_level=None, verb_name='build', build_base='build', install_base='install', merge_install=False, symlink_install=False, test_result_base=None, continue_on_error=False, executor='parallel', parallel_workers=4, event_handlers=None, ignore_user_meta=False, metas=['./colcon.meta'], base_paths=['.'], packages_ignore=None, packages_ignore_regex=None, paths=None, packages_up_to=None, packages_up_to_regex=None, packages_above=None, packages_above_and_dependencies=None, packages_above_depth=None, packages_select_by_dep=None, packages_skip_by_dep=None, packages_skip_up_to=None, packages_select_build_failed=False, packages_skip_build_finished=False, packages_select_test_failures=False, packages_skip_test_passed=False, packages_select=None, packages_skip=None, packages_select_regex=None, packages_skip_regex=None, packages_start=None, packages_end=None, allow_overriding=[], cmake_args=None, cmake_target=None, cmake_target_skip_unavailable=False, cmake_clean_cache=False, cmake_clean_first=False, cmake_force_configure=False, ament_cmake_args=None, catkin_cmake_args=None, catkin_skip_building_tests=False, verb_parser=<colcon_defaults.argument_parser.defaults.DefaultArgumentsDecorator object at 0xffffa70572b0>, verb_extension=<colcon_core.verb.build.BuildVerb object at 0xffffa71906a0>, main=<bound method BuildVerb.main of <colcon_core.verb.build.BuildVerb object at 0xffffa71906a0>>)
[1.671s] Level 1:colcon.colcon_core.package_discovery:discover_packages(colcon_meta) check parameters
[1.671s] Level 1:colcon.colcon_core.package_discovery:discover_packages(recursive) check parameters
[1.672s] Level 1:colcon.colcon_core.package_discovery:discover_packages(ignore) check parameters
[1.672s] Level 1:colcon.colcon_core.package_discovery:discover_packages(path) check parameters
[1.672s] Level 1:colcon.colcon_core.package_discovery:discover_packages(colcon_meta) discover
[1.672s] Level 1:colcon.colcon_core.package_discovery:discover_packages(recursive) discover
[1.673s] INFO:colcon.colcon_core.package_discovery:Crawling recursively for packages in '/home/aidankwok/drone/ros2_ws'
[1.674s] Level 1:colcon.colcon_core.package_identification:_identify(.) by extensions ['ignore', 'ignore_ament_install']
[1.675s] Level 1:colcon.colcon_core.package_identification:_identify(.) by extension 'ignore'
[1.675s] Level 1:colcon.colcon_core.package_identification:_identify(.) by extension 'ignore_ament_install'
[1.676s] Level 1:colcon.colcon_core.package_identification:_identify(.) by extensions ['colcon_pkg']
[1.676s] Level 1:colcon.colcon_core.package_identification:_identify(.) by extension 'colcon_pkg'
[1.677s] Level 1:colcon.colcon_core.package_identification:_identify(.) by extensions ['colcon_meta']
[1.677s] Level 1:colcon.colcon_core.package_identification:_identify(.) by extension 'colcon_meta'
[1.678s] Level 1:colcon.colcon_core.package_identification:_identify(.) by extensions ['ros']
[1.678s] Level 1:colcon.colcon_core.package_identification:_identify(.) by extension 'ros'
[1.817s] Level 1:colcon.colcon_core.package_identification:_identify(.) by extensions ['cmake', 'python']
[1.817s] Level 1:colcon.colcon_core.package_identification:_identify(.) by extension 'cmake'
[1.818s] Level 1:colcon.colcon_core.package_identification:_identify(.) by extension 'python'
[1.819s] Level 1:colcon.colcon_core.package_identification:_identify(.) by extensions ['python_setup_py']
[1.820s] Level 1:colcon.colcon_core.package_identification:_identify(.) by extension 'python_setup_py'
[1.821s] Level 1:colcon.colcon_core.package_identification:_identify(build) by extensions ['ignore', 'ignore_ament_install']
[1.822s] Level 1:colcon.colcon_core.package_identification:_identify(build) by extension 'ignore'
[1.823s] Level 1:colcon.colcon_core.package_identification:_identify(build) ignored
[1.824s] Level 1:colcon.colcon_core.package_identification:_identify(install) by extensions ['ignore', 'ignore_ament_install']
[1.825s] Level 1:colcon.colcon_core.package_identification:_identify(install) by extension 'ignore'
[1.826s] Level 1:colcon.colcon_core.package_identification:_identify(install) ignored
[1.827s] Level 1:colcon.colcon_core.package_identification:_identify(log) by extensions ['ignore', 'ignore_ament_install']
[1.828s] Level 1:colcon.colcon_core.package_identification:_identify(log) by extension 'ignore'
[1.829s] Level 1:colcon.colcon_core.package_identification:_identify(log) ignored
[1.830s] Level 1:colcon.colcon_core.package_identification:_identify(src) by extensions ['ignore', 'ignore_ament_install']
[1.831s] Level 1:colcon.colcon_core.package_identification:_identify(src) by extension 'ignore'
[1.832s] Level 1:colcon.colcon_core.package_identification:_identify(src) by extension 'ignore_ament_install'
[1.833s] Level 1:colcon.colcon_core.package_identification:_identify(src) by extensions ['colcon_pkg']
[1.833s] Level 1:colcon.colcon_core.package_identification:_identify(src) by extension 'colcon_pkg'
[1.834s] Level 1:colcon.colcon_core.package_identification:_identify(src) by extensions ['colcon_meta']
[1.835s] Level 1:colcon.colcon_core.package_identification:_identify(src) by extension 'colcon_meta'
[1.836s] Level 1:colcon.colcon_core.package_identification:_identify(src) by extensions ['ros']
[1.837s] Level 1:colcon.colcon_core.package_identification:_identify(src) by extension 'ros'
[1.838s] Level 1:colcon.colcon_core.package_identification:_identify(src) by extensions ['cmake', 'python']
[1.839s] Level 1:colcon.colcon_core.package_identification:_identify(src) by extension 'cmake'
[1.839s] Level 1:colcon.colcon_core.package_identification:_identify(src) by extension 'python'
[1.840s] Level 1:colcon.colcon_core.package_identification:_identify(src) by extensions ['python_setup_py']
[1.841s] Level 1:colcon.colcon_core.package_identification:_identify(src) by extension 'python_setup_py'
[1.843s] Level 1:colcon.colcon_core.package_identification:_identify(src/autonomy_py) by extensions ['ignore', 'ignore_ament_install']
[1.844s] Level 1:colcon.colcon_core.package_identification:_identify(src/autonomy_py) by extension 'ignore'
[1.844s] Level 1:colcon.colcon_core.package_identification:_identify(src/autonomy_py) by extension 'ignore_ament_install'
[1.846s] Level 1:colcon.colcon_core.package_identification:_identify(src/autonomy_py) by extensions ['colcon_pkg']
[1.847s] Level 1:colcon.colcon_core.package_identification:_identify(src/autonomy_py) by extension 'colcon_pkg'
[1.848s] Level 1:colcon.colcon_core.package_identification:_identify(src/autonomy_py) by extensions ['colcon_meta']
[1.848s] Level 1:colcon.colcon_core.package_identification:_identify(src/autonomy_py) by extension 'colcon_meta'
[1.849s] Level 1:colcon.colcon_core.package_identification:_identify(src/autonomy_py) by extensions ['ros']
[1.850s] Level 1:colcon.colcon_core.package_identification:_identify(src/autonomy_py) by extension 'ros'
[1.866s] DEBUG:colcon.colcon_core.package_identification:Package 'src/autonomy_py' with type 'ros.ament_python' and name 'autonomy_py'
[1.867s] Level 1:colcon.colcon_core.package_identification:_identify(src/drone_launch) by extensions ['ignore', 'ignore_ament_install']
[1.869s] Level 1:colcon.colcon_core.package_identification:_identify(src/drone_launch) by extension 'ignore'
[1.870s] Level 1:colcon.colcon_core.package_identification:_identify(src/drone_launch) by extension 'ignore_ament_install'
[1.872s] Level 1:colcon.colcon_core.package_identification:_identify(src/drone_launch) by extensions ['colcon_pkg']
[1.873s] Level 1:colcon.colcon_core.package_identification:_identify(src/drone_launch) by extension 'colcon_pkg'
[1.874s] Level 1:colcon.colcon_core.package_identification:_identify(src/drone_launch) by extensions ['colcon_meta']
[1.875s] Level 1:colcon.colcon_core.package_identification:_identify(src/drone_launch) by extension 'colcon_meta'
[1.876s] Level 1:colcon.colcon_core.package_identification:_identify(src/drone_launch) by extensions ['ros']
[1.877s] Level 1:colcon.colcon_core.package_identification:_identify(src/drone_launch) by extension 'ros'
[1.880s] DEBUG:colcon.colcon_core.package_identification:Package 'src/drone_launch' with type 'ros.ament_python' and name 'drone_launch'
[1.882s] Level 1:colcon.colcon_core.package_identification:_identify(src/rgb_camera_py) by extensions ['ignore', 'ignore_ament_install']
[1.883s] Level 1:colcon.colcon_core.package_identification:_identify(src/rgb_camera_py) by extension 'ignore'
[1.885s] Level 1:colcon.colcon_core.package_identification:_identify(src/rgb_camera_py) by extension 'ignore_ament_install'
[1.886s] Level 1:colcon.colcon_core.package_identification:_identify(src/rgb_camera_py) by extensions ['colcon_pkg']
[1.887s] Level 1:colcon.colcon_core.package_identification:_identify(src/rgb_camera_py) by extension 'colcon_pkg'
[1.888s] Level 1:colcon.colcon_core.package_identification:_identify(src/rgb_camera_py) by extensions ['colcon_meta']
[1.889s] Level 1:colcon.colcon_core.package_identification:_identify(src/rgb_camera_py) by extension 'colcon_meta'
[1.890s] Level 1:colcon.colcon_core.package_identification:_identify(src/rgb_camera_py) by extensions ['ros']
[1.891s] Level 1:colcon.colcon_core.package_identification:_identify(src/rgb_camera_py) by extension 'ros'
[1.894s] DEBUG:colcon.colcon_core.package_identification:Package 'src/rgb_camera_py' with type 'ros.ament_python' and name 'rgb_camera_py'
[1.895s] Level 1:colcon.colcon_core.package_discovery:discover_packages(recursive) using defaults
[1.896s] Level 1:colcon.colcon_core.package_discovery:discover_packages(ignore) discover
[1.897s] Level 1:colcon.colcon_core.package_discovery:discover_packages(ignore) using defaults
[1.898s] Level 1:colcon.colcon_core.package_discovery:discover_packages(path) discover
[1.899s] Level 1:colcon.colcon_core.package_discovery:discover_packages(path) using defaults
[2.053s] Level 1:colcon.colcon_core.package_discovery:discover_packages(prefix_path) check parameters
[2.054s] Level 1:colcon.colcon_core.package_discovery:discover_packages(prefix_path) discover
[2.072s] DEBUG:colcon.colcon_installed_package_information.package_discovery:Found 197 installed packages in /opt/ros/humble
[2.078s] Level 1:colcon.colcon_core.package_discovery:discover_packages(prefix_path) using defaults
[2.276s] Level 5:colcon.colcon_core.verb:set package 'autonomy_py' build argument 'cmake_args' from command line to 'None'
[2.277s] Level 5:colcon.colcon_core.verb:set package 'autonomy_py' build argument 'cmake_target' from command line to 'None'
[2.278s] Level 5:colcon.colcon_core.verb:set package 'autonomy_py' build argument 'cmake_target_skip_unavailable' from command line to 'False'
[2.278s] Level 5:colcon.colcon_core.verb:set package 'autonomy_py' build argument 'cmake_clean_cache' from command line to 'False'
[2.279s] Level 5:colcon.colcon_core.verb:set package 'autonomy_py' build argument 'cmake_clean_first' from command line to 'False'
[2.280s] Level 5:colcon.colcon_core.verb:set package 'autonomy_py' build argument 'cmake_force_configure' from command line to 'False'
[2.281s] Level 5:colcon.colcon_core.verb:set package 'autonomy_py' build argument 'ament_cmake_args' from command line to 'None'
[2.282s] Level 5:colcon.colcon_core.verb:set package 'autonomy_py' build argument 'catkin_cmake_args' from command line to 'None'
[2.283s] Level 5:colcon.colcon_core.verb:set package 'autonomy_py' build argument 'catkin_skip_building_tests' from command line to 'False'
[2.284s] DEBUG:colcon.colcon_core.verb:Building package 'autonomy_py' with the following arguments: {'ament_cmake_args': None, 'build_base': '/home/aidankwok/drone/ros2_ws/build/autonomy_py', 'catkin_cmake_args': None, 'catkin_skip_building_tests': False, 'cmake_args': None, 'cmake_clean_cache': False, 'cmake_clean_first': False, 'cmake_force_configure': False, 'cmake_target': None, 'cmake_target_skip_unavailable': False, 'install_base': '/home/aidankwok/drone/ros2_ws/install/autonomy_py', 'merge_install': False, 'path': '/home/aidankwok/drone/ros2_ws/src/autonomy_py', 'symlink_install': False, 'test_result_base': None}
[2.286s] Level 5:colcon.colcon_core.verb:set package 'rgb_camera_py' build argument 'cmake_args' from command line to 'None'
[2.287s] Level 5:colcon.colcon_core.verb:set package 'rgb_camera_py' build argument 'cmake_target' from command line to 'None'
[2.288s] Level 5:colcon.colcon_core.verb:set package 'rgb_camera_py' build argument 'cmake_target_skip_unavailable' from command line to 'False'
[2.289s] Level 5:colcon.colcon_core.verb:set package 'rgb_camera_py' build argument 'cmake_clean_cache' from command line to 'False'
[2.289s] Level 5:colcon.colcon_core.verb:set package 'rgb_camera_py' build argument 'cmake_clean_first' from command line to 'False'
[2.290s] Level 5:colcon.colcon_core.verb:set package 'rgb_camera_py' build argument 'cmake_force_configure' from command line to 'False'
[2.290s] Level 5:colcon.colcon_core.verb:set package 'rgb_camera_py' build argument 'ament_cmake_args' from command line to 'None'
[2.291s] Level 5:colcon.colcon_core.verb:set package 'rgb_camera_py' build argument 'catkin_cmake_args' from command line to 'None'
[2.292s] Level 5:colcon.colcon_core.verb:set package 'rgb_camera_py' build argument 'catkin_skip_building_tests' from command line to 'False'
[2.292s] DEBUG:colcon.colcon_core.verb:Building package 'rgb_camera_py' with the following arguments: {'ament_cmake_args': None, 'build_base': '/home/aidankwok/drone/ros2_ws/build/rgb_camera_py', 'catkin_cmake_args': None, 'catkin_skip_building_tests': False, 'cmake_args': None, 'cmake_clean_cache': False, 'cmake_clean_first': False, 'cmake_force_configure': False, 'cmake_target': None, 'cmake_target_skip_unavailable': False, 'install_base': '/home/aidankwok/drone/ros2_ws/install/rgb_camera_py', 'merge_install': False, 'path': '/home/aidankwok/drone/ros2_ws/src/rgb_camera_py', 'symlink_install': False, 'test_result_base': None}
[2.295s] Level 5:colcon.colcon_core.verb:set package 'drone_launch' build argument 'cmake_args' from command line to 'None'
[2.295s] Level 5:colcon.colcon_core.verb:set package 'drone_launch' build argument 'cmake_target' from command line to 'None'
[2.296s] Level 5:colcon.colcon_core.verb:set package 'drone_launch' build argument 'cmake_target_skip_unavailable' from command line to 'False'
[2.297s] Level 5:colcon.colcon_core.verb:set package 'drone_launch' build argument 'cmake_clean_cache' from command line to 'False'
[2.297s] Level 5:colcon.colcon_core.verb:set package 'drone_launch' build argument 'cmake_clean_first' from command line to 'False'
[2.298s] Level 5:colcon.colcon_core.verb:set package 'drone_launch' build argument 'cmake_force_configure' from command line to 'False'
[2.298s] Level 5:colcon.colcon_core.verb:set package 'drone_launch' build argument 'ament_cmake_args' from command line to 'None'
[2.298s] Level 5:colcon.colcon_core.verb:set package 'drone_launch' build argument 'catkin_cmake_args' from command line to 'None'
[2.298s] Level 5:colcon.colcon_core.verb:set package 'drone_launch' build argument 'catkin_skip_building_tests' from command line to 'False'
[2.298s] DEBUG:colcon.colcon_core.verb:Building package 'drone_launch' with the following arguments: {'ament_cmake_args': None, 'build_base': '/home/aidankwok/drone/ros2_ws/build/drone_launch', 'catkin_cmake_args': None, 'catkin_skip_building_tests': False, 'cmake_args': None, 'cmake_clean_cache': False, 'cmake_clean_first': False, 'cmake_force_configure': False, 'cmake_target': None, 'cmake_target_skip_unavailable': False, 'install_base': '/home/aidankwok/drone/ros2_ws/install/drone_launch', 'merge_install': False, 'path': '/home/aidankwok/drone/ros2_ws/src/drone_launch', 'symlink_install': False, 'test_result_base': None}
[2.299s] INFO:colcon.colcon_core.executor:Executing jobs using 'parallel' executor
[2.303s] DEBUG:colcon.colcon_parallel_executor.executor.parallel:run_until_complete
[2.304s] INFO:colcon.colcon_ros.task.ament_python.build:Building ROS package in '/home/aidankwok/drone/ros2_ws/src/autonomy_py' with build type 'ament_python'
[2.305s] Level 1:colcon.colcon_core.shell:create_environment_hook('autonomy_py', 'ament_prefix_path')
[2.317s] INFO:colcon.colcon_core.plugin_system:Skipping extension 'colcon_core.shell.bat': Not used on non-Windows systems
[2.319s] INFO:colcon.colcon_core.shell:Creating environment hook '/home/aidankwok/drone/ros2_ws/install/autonomy_py/share/autonomy_py/hook/ament_prefix_path.ps1'
[2.322s] INFO:colcon.colcon_core.shell:Creating environment descriptor '/home/aidankwok/drone/ros2_ws/install/autonomy_py/share/autonomy_py/hook/ament_prefix_path.dsv'
[2.327s] INFO:colcon.colcon_core.shell:Creating environment hook '/home/aidankwok/drone/ros2_ws/install/autonomy_py/share/autonomy_py/hook/ament_prefix_path.sh'
[2.332s] INFO:colcon.colcon_core.shell:Skip shell extension 'powershell' for command environment: Not usable outside of PowerShell
[2.332s] DEBUG:colcon.colcon_core.shell:Skip shell extension 'dsv' for command environment
[2.347s] INFO:colcon.colcon_ros.task.ament_python.build:Building ROS package in '/home/aidankwok/drone/ros2_ws/src/rgb_camera_py' with build type 'ament_python'
[2.348s] Level 1:colcon.colcon_core.shell:create_environment_hook('rgb_camera_py', 'ament_prefix_path')
[2.349s] INFO:colcon.colcon_core.shell:Creating environment hook '/home/aidankwok/drone/ros2_ws/install/rgb_camera_py/share/rgb_camera_py/hook/ament_prefix_path.ps1'
[2.352s] INFO:colcon.colcon_core.shell:Creating environment descriptor '/home/aidankwok/drone/ros2_ws/install/rgb_camera_py/share/rgb_camera_py/hook/ament_prefix_path.dsv'
[2.355s] INFO:colcon.colcon_core.shell:Creating environment hook '/home/aidankwok/drone/ros2_ws/install/rgb_camera_py/share/rgb_camera_py/hook/ament_prefix_path.sh'
[2.359s] INFO:colcon.colcon_core.shell:Skip shell extension 'powershell' for command environment: Not usable outside of PowerShell
[2.359s] DEBUG:colcon.colcon_core.shell:Skip shell extension 'dsv' for command environment
[3.944s] INFO:colcon.colcon_core.task.python.build:Building Python package in '/home/aidankwok/drone/ros2_ws/src/autonomy_py'
[3.945s] INFO:colcon.colcon_core.shell:Skip shell extension 'powershell' for command environment: Not usable outside of PowerShell
[3.945s] DEBUG:colcon.colcon_core.shell:Skip shell extension 'dsv' for command environment
[5.162s] INFO:colcon.colcon_core.task.python.build:Building Python package in '/home/aidankwok/drone/ros2_ws/src/rgb_camera_py'
[5.163s] INFO:colcon.colcon_core.shell:Skip shell extension 'powershell' for command environment: Not usable outside of PowerShell
[5.164s] DEBUG:colcon.colcon_core.shell:Skip shell extension 'dsv' for command environment
[7.122s] DEBUG:colcon.colcon_core.event_handler.log_command:Invoking command in '/home/aidankwok/drone/ros2_ws/src/rgb_camera_py': PYTHONPATH=/home/aidankwok/drone/ros2_ws/build/rgb_camera_py/prefix_override:/usr/lib/python3/dist-packages/colcon_core/task/python/colcon_distutils_commands:/home/aidankwok/drone/ros2_ws/install/rgb_camera_py/lib/python3.10/site-packages:${PYTHONPATH} /usr/bin/python3 -W ignore:setup.py install is deprecated -W ignore:easy_install command is deprecated setup.py egg_info --egg-base ../../build/rgb_camera_py build --build-base /home/aidankwok/drone/ros2_ws/build/rgb_camera_py/build install --record /home/aidankwok/drone/ros2_ws/build/rgb_camera_py/install.log --single-version-externally-managed install_data
[7.140s] DEBUG:colcon.colcon_core.event_handler.log_command:Invoking command in '/home/aidankwok/drone/ros2_ws/src/autonomy_py': PYTHONPATH=/home/aidankwok/drone/ros2_ws/build/autonomy_py/prefix_override:/usr/lib/python3/dist-packages/colcon_core/task/python/colcon_distutils_commands:/home/aidankwok/drone/ros2_ws/install/autonomy_py/lib/python3.10/site-packages:${PYTHONPATH} /usr/bin/python3 -W ignore:setup.py install is deprecated -W ignore:easy_install command is deprecated setup.py egg_info --egg-base ../../build/autonomy_py build --build-base /home/aidankwok/drone/ros2_ws/build/autonomy_py/build install --record /home/aidankwok/drone/ros2_ws/build/autonomy_py/install.log --single-version-externally-managed install_data
[8.716s] DEBUG:colcon.colcon_core.event_handler.log_command:Invoked command in '/home/aidankwok/drone/ros2_ws/src/rgb_camera_py' returned '0': PYTHONPATH=/home/aidankwok/drone/ros2_ws/build/rgb_camera_py/prefix_override:/usr/lib/python3/dist-packages/colcon_core/task/python/colcon_distutils_commands:/home/aidankwok/drone/ros2_ws/install/rgb_camera_py/lib/python3.10/site-packages:${PYTHONPATH} /usr/bin/python3 -W ignore:setup.py install is deprecated -W ignore:easy_install command is deprecated setup.py egg_info --egg-base ../../build/rgb_camera_py build --build-base /home/aidankwok/drone/ros2_ws/build/rgb_camera_py/build install --record /home/aidankwok/drone/ros2_ws/build/rgb_camera_py/install.log --single-version-externally-managed install_data
[8.737s] Level 1:colcon.colcon_core.environment:checking '/home/aidankwok/drone/ros2_ws/install/rgb_camera_py' for CMake module files
[8.740s] Level 1:colcon.colcon_core.environment:checking '/home/aidankwok/drone/ros2_ws/install/rgb_camera_py' for CMake config files
[8.746s] Level 1:colcon.colcon_core.environment:checking '/home/aidankwok/drone/ros2_ws/install/rgb_camera_py/lib'
[8.747s] Level 1:colcon.colcon_core.environment:checking '/home/aidankwok/drone/ros2_ws/install/rgb_camera_py/bin'
[8.748s] Level 1:colcon.colcon_core.environment:checking '/home/aidankwok/drone/ros2_ws/install/rgb_camera_py/lib/pkgconfig/rgb_camera_py.pc'
[8.749s] Level 1:colcon.colcon_core.environment:checking '/home/aidankwok/drone/ros2_ws/install/rgb_camera_py/lib/python3.10/site-packages'
[8.750s] Level 1:colcon.colcon_core.shell:create_environment_hook('rgb_camera_py', 'pythonpath')
[8.752s] INFO:colcon.colcon_core.shell:Creating environment hook '/home/aidankwok/drone/ros2_ws/install/rgb_camera_py/share/rgb_camera_py/hook/pythonpath.ps1'
[8.755s] INFO:colcon.colcon_core.shell:Creating environment descriptor '/home/aidankwok/drone/ros2_ws/install/rgb_camera_py/share/rgb_camera_py/hook/pythonpath.dsv'
[8.759s] INFO:colcon.colcon_core.shell:Creating environment hook '/home/aidankwok/drone/ros2_ws/install/rgb_camera_py/share/rgb_camera_py/hook/pythonpath.sh'
[8.765s] Level 1:colcon.colcon_core.environment:checking '/home/aidankwok/drone/ros2_ws/install/rgb_camera_py/bin'
[8.766s] Level 1:colcon.colcon_core.environment:create_environment_scripts_only(rgb_camera_py)
[8.769s] INFO:colcon.colcon_core.shell:Creating package script '/home/aidankwok/drone/ros2_ws/install/rgb_camera_py/share/rgb_camera_py/package.ps1'
[8.773s] INFO:colcon.colcon_core.shell:Creating package descriptor '/home/aidankwok/drone/ros2_ws/install/rgb_camera_py/share/rgb_camera_py/package.dsv'
[8.777s] INFO:colcon.colcon_core.shell:Creating package script '/home/aidankwok/drone/ros2_ws/install/rgb_camera_py/share/rgb_camera_py/package.sh'
[8.780s] INFO:colcon.colcon_core.shell:Creating package script '/home/aidankwok/drone/ros2_ws/install/rgb_camera_py/share/rgb_camera_py/package.bash'
[8.783s] INFO:colcon.colcon_core.shell:Creating package script '/home/aidankwok/drone/ros2_ws/install/rgb_camera_py/share/rgb_camera_py/package.zsh'
[8.787s] Level 1:colcon.colcon_core.environment:create_file_with_runtime_dependencies(/home/aidankwok/drone/ros2_ws/install/rgb_camera_py/share/colcon-core/packages/rgb_camera_py)
[8.791s] Level 1:colcon.colcon_core.environment:checking '/home/aidankwok/drone/ros2_ws/install/autonomy_py' for CMake module files
[8.794s] DEBUG:colcon.colcon_core.event_handler.log_command:Invoked command in '/home/aidankwok/drone/ros2_ws/src/autonomy_py' returned '0': PYTHONPATH=/home/aidankwok/drone/ros2_ws/build/autonomy_py/prefix_override:/usr/lib/python3/dist-packages/colcon_core/task/python/colcon_distutils_commands:/home/aidankwok/drone/ros2_ws/install/autonomy_py/lib/python3.10/site-packages:${PYTHONPATH} /usr/bin/python3 -W ignore:setup.py install is deprecated -W ignore:easy_install command is deprecated setup.py egg_info --egg-base ../../build/autonomy_py build --build-base /home/aidankwok/drone/ros2_ws/build/autonomy_py/build install --record /home/aidankwok/drone/ros2_ws/build/autonomy_py/install.log --single-version-externally-managed install_data
[8.796s] Level 1:colcon.colcon_core.environment:checking '/home/aidankwok/drone/ros2_ws/install/autonomy_py' for CMake config files
[8.802s] Level 1:colcon.colcon_core.environment:checking '/home/aidankwok/drone/ros2_ws/install/autonomy_py/lib'
[8.803s] Level 1:colcon.colcon_core.environment:checking '/home/aidankwok/drone/ros2_ws/install/autonomy_py/bin'
[8.803s] Level 1:colcon.colcon_core.environment:checking '/home/aidankwok/drone/ros2_ws/install/autonomy_py/lib/pkgconfig/autonomy_py.pc'
[8.804s] Level 1:colcon.colcon_core.environment:checking '/home/aidankwok/drone/ros2_ws/install/autonomy_py/lib/python3.10/site-packages'
[8.805s] Level 1:colcon.colcon_core.shell:create_environment_hook('autonomy_py', 'pythonpath')
[8.806s] INFO:colcon.colcon_core.shell:Creating environment hook '/home/aidankwok/drone/ros2_ws/install/autonomy_py/share/autonomy_py/hook/pythonpath.ps1'
[8.808s] INFO:colcon.colcon_core.shell:Creating environment descriptor '/home/aidankwok/drone/ros2_ws/install/autonomy_py/share/autonomy_py/hook/pythonpath.dsv'
[8.810s] INFO:colcon.colcon_core.shell:Creating environment hook '/home/aidankwok/drone/ros2_ws/install/autonomy_py/share/autonomy_py/hook/pythonpath.sh'
[8.814s] Level 1:colcon.colcon_core.environment:checking '/home/aidankwok/drone/ros2_ws/install/autonomy_py/bin'
[8.814s] Level 1:colcon.colcon_core.environment:create_environment_scripts_only(autonomy_py)
[8.815s] INFO:colcon.colcon_core.shell:Creating package script '/home/aidankwok/drone/ros2_ws/install/autonomy_py/share/autonomy_py/package.ps1'
[8.818s] INFO:colcon.colcon_core.shell:Creating package descriptor '/home/aidankwok/drone/ros2_ws/install/autonomy_py/share/autonomy_py/package.dsv'
[8.820s] INFO:colcon.colcon_core.shell:Creating package script '/home/aidankwok/drone/ros2_ws/install/autonomy_py/share/autonomy_py/package.sh'
[8.822s] INFO:colcon.colcon_core.shell:Creating package script '/home/aidankwok/drone/ros2_ws/install/autonomy_py/share/autonomy_py/package.bash'
[8.824s] INFO:colcon.colcon_core.shell:Creating package script '/home/aidankwok/drone/ros2_ws/install/autonomy_py/share/autonomy_py/package.zsh'
[8.826s] Level 1:colcon.colcon_core.environment:create_file_with_runtime_dependencies(/home/aidankwok/drone/ros2_ws/install/autonomy_py/share/colcon-core/packages/autonomy_py)
[8.828s] INFO:colcon.colcon_ros.task.ament_python.build:Building ROS package in '/home/aidankwok/drone/ros2_ws/src/drone_launch' with build type 'ament_python'
[8.829s] Level 1:colcon.colcon_core.shell:create_environment_hook('drone_launch', 'ament_prefix_path')
[8.830s] INFO:colcon.colcon_core.shell:Creating environment hook '/home/aidankwok/drone/ros2_ws/install/drone_launch/share/drone_launch/hook/ament_prefix_path.ps1'
[8.833s] INFO:colcon.colcon_core.shell:Creating environment descriptor '/home/aidankwok/drone/ros2_ws/install/drone_launch/share/drone_launch/hook/ament_prefix_path.dsv'
[8.835s] INFO:colcon.colcon_core.shell:Creating environment hook '/home/aidankwok/drone/ros2_ws/install/drone_launch/share/drone_launch/hook/ament_prefix_path.sh'
[8.839s] INFO:colcon.colcon_core.shell:Skip shell extension 'powershell' for command environment: Not usable outside of PowerShell
[8.839s] DEBUG:colcon.colcon_core.shell:Skip shell extension 'dsv' for command environment
[10.083s] INFO:colcon.colcon_core.task.python.build:Building Python package in '/home/aidankwok/drone/ros2_ws/src/drone_launch'
[10.084s] INFO:colcon.colcon_core.shell:Skip shell extension 'powershell' for command environment: Not usable outside of PowerShell
[10.084s] DEBUG:colcon.colcon_core.shell:Skip shell extension 'dsv' for command environment
[11.759s] DEBUG:colcon.colcon_core.event_handler.log_command:Invoking command in '/home/aidankwok/drone/ros2_ws/src/drone_launch': AMENT_PREFIX_PATH=/home/aidankwok/drone/ros2_ws/install/autonomy_py:${AMENT_PREFIX_PATH} PYTHONPATH=/home/aidankwok/drone/ros2_ws/build/drone_launch/prefix_override:/usr/lib/python3/dist-packages/colcon_core/task/python/colcon_distutils_commands:/home/aidankwok/drone/ros2_ws/install/drone_launch/lib/python3.10/site-packages:/home/aidankwok/drone/ros2_ws/install/autonomy_py/lib/python3.10/site-packages:${PYTHONPATH} /usr/bin/python3 -W ignore:setup.py install is deprecated -W ignore:easy_install command is deprecated setup.py egg_info --egg-base ../../build/drone_launch build --build-base /home/aidankwok/drone/ros2_ws/build/drone_launch/build install --record /home/aidankwok/drone/ros2_ws/build/drone_launch/install.log --single-version-externally-managed install_data
[13.095s] Level 1:colcon.colcon_core.environment:checking '/home/aidankwok/drone/ros2_ws/install/drone_launch' for CMake module files
[13.097s] DEBUG:colcon.colcon_core.event_handler.log_command:Invoked command in '/home/aidankwok/drone/ros2_ws/src/drone_launch' returned '0': AMENT_PREFIX_PATH=/home/aidankwok/drone/ros2_ws/install/autonomy_py:${AMENT_PREFIX_PATH} PYTHONPATH=/home/aidankwok/drone/ros2_ws/build/drone_launch/prefix_override:/usr/lib/python3/dist-packages/colcon_core/task/python/colcon_distutils_commands:/home/aidankwok/drone/ros2_ws/install/drone_launch/lib/python3.10/site-packages:/home/aidankwok/drone/ros2_ws/install/autonomy_py/lib/python3.10/site-packages:${PYTHONPATH} /usr/bin/python3 -W ignore:setup.py install is deprecated -W ignore:easy_install command is deprecated setup.py egg_info --egg-base ../../build/drone_launch build --build-base /home/aidankwok/drone/ros2_ws/build/drone_launch/build install --record /home/aidankwok/drone/ros2_ws/build/drone_launch/install.log --single-version-externally-managed install_data
[13.099s] Level 1:colcon.colcon_core.environment:checking '/home/aidankwok/drone/ros2_ws/install/drone_launch' for CMake config files
[13.102s] Level 1:colcon.colcon_core.environment:checking '/home/aidankwok/drone/ros2_ws/install/drone_launch/lib'
[13.103s] Level 1:colcon.colcon_core.environment:checking '/home/aidankwok/drone/ros2_ws/install/drone_launch/bin'
[13.103s] Level 1:colcon.colcon_core.environment:checking '/home/aidankwok/drone/ros2_ws/install/drone_launch/lib/pkgconfig/drone_launch.pc'
[13.104s] Level 1:colcon.colcon_core.environment:checking '/home/aidankwok/drone/ros2_ws/install/drone_launch/lib/python3.10/site-packages'
[13.104s] Level 1:colcon.colcon_core.shell:create_environment_hook('drone_launch', 'pythonpath')
[13.105s] INFO:colcon.colcon_core.shell:Creating environment hook '/home/aidankwok/drone/ros2_ws/install/drone_launch/share/drone_launch/hook/pythonpath.ps1'
[13.107s] INFO:colcon.colcon_core.shell:Creating environment descriptor '/home/aidankwok/drone/ros2_ws/install/drone_launch/share/drone_launch/hook/pythonpath.dsv'
[13.110s] INFO:colcon.colcon_core.shell:Creating environment hook '/home/aidankwok/drone/ros2_ws/install/drone_launch/share/drone_launch/hook/pythonpath.sh'
[13.113s] Level 1:colcon.colcon_core.environment:checking '/home/aidankwok/drone/ros2_ws/install/drone_launch/bin'
[13.114s] Level 1:colcon.colcon_core.environment:create_environment_scripts_only(drone_launch)
[13.115s] INFO:colcon.colcon_core.shell:Creating package script '/home/aidankwok/drone/ros2_ws/install/drone_launch/share/drone_launch/package.ps1'
[13.118s] INFO:colcon.colcon_core.shell:Creating package descriptor '/home/aidankwok/drone/ros2_ws/install/drone_launch/share/drone_launch/package.dsv'
[13.121s] INFO:colcon.colcon_core.shell:Creating package script '/home/aidankwok/drone/ros2_ws/install/drone_launch/share/drone_launch/package.sh'
[13.123s] INFO:colcon.colcon_core.shell:Creating package script '/home/aidankwok/drone/ros2_ws/install/drone_launch/share/drone_launch/package.bash'
[13.126s] INFO:colcon.colcon_core.shell:Creating package script '/home/aidankwok/drone/ros2_ws/install/drone_launch/share/drone_launch/package.zsh'
[13.128s] Level 1:colcon.colcon_core.environment:create_file_with_runtime_dependencies(/home/aidankwok/drone/ros2_ws/install/drone_launch/share/colcon-core/packages/drone_launch)
[13.130s] DEBUG:colcon.colcon_parallel_executor.executor.parallel:closing loop
[13.131s] DEBUG:colcon.colcon_parallel_executor.executor.parallel:loop closed
[13.132s] DEBUG:colcon.colcon_parallel_executor.executor.parallel:run_until_complete finished with '0'
[13.133s] DEBUG:colcon.colcon_core.event_reactor:joining thread
[13.154s] INFO:colcon.colcon_core.plugin_system:Skipping extension 'colcon_notification.desktop_notification.notify_send': Could not find 'notify-send'
[13.154s] INFO:colcon.colcon_core.plugin_system:Skipping extension 'colcon_notification.desktop_notification.terminal_notifier': Not used on non-Darwin systems
[13.154s] INFO:colcon.colcon_core.plugin_system:Skipping extension 'colcon_notification.desktop_notification.win32': Not used on non-Windows systems
[13.155s] INFO:colcon.colcon_notification.desktop_notification:Sending desktop notification using 'notify2'
[13.157s] DEBUG:colcon.colcon_notification.desktop_notification.notify2:Failed to initialize notify2: org.freedesktop.DBus.Error.ServiceUnknown: The name org.freedesktop.Notifications was not provided by any .service files
[13.158s] DEBUG:colcon.colcon_core.event_reactor:joined thread
[13.159s] INFO:colcon.colcon_core.shell:Creating prefix script '/home/aidankwok/drone/ros2_ws/install/local_setup.ps1'
[13.163s] INFO:colcon.colcon_core.shell:Creating prefix util module '/home/aidankwok/drone/ros2_ws/install/_local_setup_util_ps1.py'
[13.169s] INFO:colcon.colcon_core.shell:Creating prefix chain script '/home/aidankwok/drone/ros2_ws/install/setup.ps1'
[13.175s] INFO:colcon.colcon_core.shell:Creating prefix script '/home/aidankwok/drone/ros2_ws/install/local_setup.sh'
[13.178s] INFO:colcon.colcon_core.shell:Creating prefix util module '/home/aidankwok/drone/ros2_ws/install/_local_setup_util_sh.py'
[13.181s] INFO:colcon.colcon_core.shell:Creating prefix chain script '/home/aidankwok/drone/ros2_ws/install/setup.sh'
[13.185s] INFO:colcon.colcon_core.shell:Creating prefix script '/home/aidankwok/drone/ros2_ws/install/local_setup.bash'
[13.188s] INFO:colcon.colcon_core.shell:Creating prefix chain script '/home/aidankwok/drone/ros2_ws/install/setup.bash'
[13.192s] INFO:colcon.colcon_core.shell:Creating prefix script '/home/aidankwok/drone/ros2_ws/install/local_setup.zsh'
[13.194s] INFO:colcon.colcon_core.shell:Creating prefix chain script '/home/aidankwok/drone/ros2_ws/install/setup.zsh'
