[4.482s] Invoking command in '/home/aidankwok/drone/ros2_ws/src/autonomy_py': PYTHONPATH=/home/aidankwok/drone/ros2_ws/build/autonomy_py/prefix_override:/usr/lib/python3/dist-packages/colcon_core/task/python/colcon_distutils_commands:/home/aidankwok/drone/ros2_ws/install/autonomy_py/lib/python3.10/site-packages:${PYTHONPATH} /usr/bin/python3 -W ignore:setup.py install is deprecated -W ignore:easy_install command is deprecated setup.py egg_info --egg-base ../../build/autonomy_py build --build-base /home/aidankwok/drone/ros2_ws/build/autonomy_py/build install --record /home/aidankwok/drone/ros2_ws/build/autonomy_py/install.log --single-version-externally-managed install_data
[5.800s] running egg_info
[5.803s] writing ../../build/autonomy_py/autonomy_py.egg-info/PKG-INFO
[5.805s] writing dependency_links to ../../build/autonomy_py/autonomy_py.egg-info/dependency_links.txt
[5.807s] writing entry points to ../../build/autonomy_py/autonomy_py.egg-info/entry_points.txt
[5.810s] writing requirements to ../../build/autonomy_py/autonomy_py.egg-info/requires.txt
[5.811s] writing top-level names to ../../build/autonomy_py/autonomy_py.egg-info/top_level.txt
[5.820s] reading manifest file '../../build/autonomy_py/autonomy_py.egg-info/SOURCES.txt'
[5.826s] writing manifest file '../../build/autonomy_py/autonomy_py.egg-info/SOURCES.txt'
[5.827s] running build
[5.827s] running build_py
[5.828s] copying autonomy_py/drone_hover.py -> /home/aidankwok/drone/ros2_ws/build/autonomy_py/build/lib/autonomy_py
[5.829s] running install
[5.830s] running install_lib
[5.835s] copying /home/aidankwok/drone/ros2_ws/build/autonomy_py/build/lib/autonomy_py/drone_hover.py -> /home/aidankwok/drone/ros2_ws/install/autonomy_py/lib/python3.10/site-packages/autonomy_py
[5.838s] byte-compiling /home/aidankwok/drone/ros2_ws/install/autonomy_py/lib/python3.10/site-packages/autonomy_py/drone_hover.py to drone_hover.cpython-310.pyc
[5.844s] running install_data
[5.846s] running install_egg_info
[5.854s] removing '/home/aidankwok/drone/ros2_ws/install/autonomy_py/lib/python3.10/site-packages/autonomy_py-0.0.0-py3.10.egg-info' (and everything under it)
[5.856s] Copying ../../build/autonomy_py/autonomy_py.egg-info to /home/aidankwok/drone/ros2_ws/install/autonomy_py/lib/python3.10/site-packages/autonomy_py-0.0.0-py3.10.egg-info
[5.863s] running install_scripts
[5.997s] Installing drone_hover script to /home/aidankwok/drone/ros2_ws/install/autonomy_py/lib/autonomy_py
[6.000s] writing list of installed files to '/home/aidankwok/drone/ros2_ws/build/autonomy_py/install.log'
[6.151s] Invoked command in '/home/aidankwok/drone/ros2_ws/src/autonomy_py' returned '0': PYTHONPATH=/home/aidankwok/drone/ros2_ws/build/autonomy_py/prefix_override:/usr/lib/python3/dist-packages/colcon_core/task/python/colcon_distutils_commands:/home/aidankwok/drone/ros2_ws/install/autonomy_py/lib/python3.10/site-packages:${PYTHONPATH} /usr/bin/python3 -W ignore:setup.py install is deprecated -W ignore:easy_install command is deprecated setup.py egg_info --egg-base ../../build/autonomy_py build --build-base /home/aidankwok/drone/ros2_ws/build/autonomy_py/build install --record /home/aidankwok/drone/ros2_ws/build/autonomy_py/install.log --single-version-externally-managed install_data
