[4.422s] Invoking command in '/home/aidankwok/drone/ros2_ws/src/rgb_camera_py': PYTHONPATH=/home/aidankwok/drone/ros2_ws/build/rgb_camera_py/prefix_override:/usr/lib/python3/dist-packages/colcon_core/task/python/colcon_distutils_commands:/home/aidankwok/drone/ros2_ws/install/rgb_camera_py/lib/python3.10/site-packages:${PYTHONPATH} /usr/bin/python3 -W ignore:setup.py install is deprecated -W ignore:easy_install command is deprecated setup.py egg_info --egg-base ../../build/rgb_camera_py build --build-base /home/aidankwok/drone/ros2_ws/build/rgb_camera_py/build install --record /home/aidankwok/drone/ros2_ws/build/rgb_camera_py/install.log --single-version-externally-managed install_data
[5.698s] running egg_info
[5.702s] writing ../../build/rgb_camera_py/rgb_camera_py.egg-info/PKG-INFO
[5.704s] writing dependency_links to ../../build/rgb_camera_py/rgb_camera_py.egg-info/dependency_links.txt
[5.705s] writing entry points to ../../build/rgb_camera_py/rgb_camera_py.egg-info/entry_points.txt
[5.706s] writing requirements to ../../build/rgb_camera_py/rgb_camera_py.egg-info/requires.txt
[5.707s] writing top-level names to ../../build/rgb_camera_py/rgb_camera_py.egg-info/top_level.txt
[5.715s] reading manifest file '../../build/rgb_camera_py/rgb_camera_py.egg-info/SOURCES.txt'
[5.720s] writing manifest file '../../build/rgb_camera_py/rgb_camera_py.egg-info/SOURCES.txt'
[5.721s] running build
[5.723s] running build_py
[5.725s] running install
[5.726s] running install_lib
[5.729s] running install_data
[5.730s] running install_egg_info
[5.740s] removing '/home/aidankwok/drone/ros2_ws/install/rgb_camera_py/lib/python3.10/site-packages/rgb_camera_py-0.0.0-py3.10.egg-info' (and everything under it)
[5.741s] Copying ../../build/rgb_camera_py/rgb_camera_py.egg-info to /home/aidankwok/drone/ros2_ws/install/rgb_camera_py/lib/python3.10/site-packages/rgb_camera_py-0.0.0-py3.10.egg-info
[5.748s] running install_scripts
[5.842s] writing list of installed files to '/home/aidankwok/drone/ros2_ws/build/rgb_camera_py/install.log'
[5.997s] Invoked command in '/home/aidankwok/drone/ros2_ws/src/rgb_camera_py' returned '0': PYTHONPATH=/home/aidankwok/drone/ros2_ws/build/rgb_camera_py/prefix_override:/usr/lib/python3/dist-packages/colcon_core/task/python/colcon_distutils_commands:/home/aidankwok/drone/ros2_ws/install/rgb_camera_py/lib/python3.10/site-packages:${PYTHONPATH} /usr/bin/python3 -W ignore:setup.py install is deprecated -W ignore:easy_install command is deprecated setup.py egg_info --egg-base ../../build/rgb_camera_py build --build-base /home/aidankwok/drone/ros2_ws/build/rgb_camera_py/build install --record /home/aidankwok/drone/ros2_ws/build/rgb_camera_py/install.log --single-version-externally-managed install_data
