running egg_info
creating ../../build/autonomy_py/autonomy_py.egg-info
writing ../../build/autonomy_py/autonomy_py.egg-info/PKG-INFO
writing dependency_links to ../../build/autonomy_py/autonomy_py.egg-info/dependency_links.txt
writing entry points to ../../build/autonomy_py/autonomy_py.egg-info/entry_points.txt
writing requirements to ../../build/autonomy_py/autonomy_py.egg-info/requires.txt
writing top-level names to ../../build/autonomy_py/autonomy_py.egg-info/top_level.txt
writing manifest file '../../build/autonomy_py/autonomy_py.egg-info/SOURCES.txt'
reading manifest file '../../build/autonomy_py/autonomy_py.egg-info/SOURCES.txt'
writing manifest file '../../build/autonomy_py/autonomy_py.egg-info/SOURCES.txt'
running build
running build_py
creating /home/aidankwok/drone/ros2_ws/build/autonomy_py/build
creating /home/aidankwok/drone/ros2_ws/build/autonomy_py/build/lib
creating /home/aidankwok/drone/ros2_ws/build/autonomy_py/build/lib/autonomy_py
copying autonomy_py/__init__.py -> /home/aidankwok/drone/ros2_ws/build/autonomy_py/build/lib/autonomy_py
copying autonomy_py/drone_controller.py -> /home/aidankwok/drone/ros2_ws/build/autonomy_py/build/lib/autonomy_py
running install
running install_lib
creating /home/aidankwok/drone/ros2_ws/install/autonomy_py/lib/python3.10/site-packages/autonomy_py
copying /home/aidankwok/drone/ros2_ws/build/autonomy_py/build/lib/autonomy_py/__init__.py -> /home/aidankwok/drone/ros2_ws/install/autonomy_py/lib/python3.10/site-packages/autonomy_py
copying /home/aidankwok/drone/ros2_ws/build/autonomy_py/build/lib/autonomy_py/drone_controller.py -> /home/aidankwok/drone/ros2_ws/install/autonomy_py/lib/python3.10/site-packages/autonomy_py
byte-compiling /home/aidankwok/drone/ros2_ws/install/autonomy_py/lib/python3.10/site-packages/autonomy_py/__init__.py to __init__.cpython-310.pyc
byte-compiling /home/aidankwok/drone/ros2_ws/install/autonomy_py/lib/python3.10/site-packages/autonomy_py/drone_controller.py to drone_controller.cpython-310.pyc
running install_data
creating /home/aidankwok/drone/ros2_ws/install/autonomy_py/share/ament_index
creating /home/aidankwok/drone/ros2_ws/install/autonomy_py/share/ament_index/resource_index
creating /home/aidankwok/drone/ros2_ws/install/autonomy_py/share/ament_index/resource_index/packages
copying resource/autonomy_py -> /home/aidankwok/drone/ros2_ws/install/autonomy_py/share/ament_index/resource_index/packages
copying package.xml -> /home/aidankwok/drone/ros2_ws/install/autonomy_py/share/autonomy_py
running install_egg_info
Copying ../../build/autonomy_py/autonomy_py.egg-info to /home/aidankwok/drone/ros2_ws/install/autonomy_py/lib/python3.10/site-packages/autonomy_py-0.0.0-py3.10.egg-info
running install_scripts
writing list of installed files to '/home/aidankwok/drone/ros2_ws/build/autonomy_py/install.log'
