[3.373s] Invoking command in '/home/aidankwok/drone/ros2_ws/src/autonomy_py': PYTHONPATH=/home/aidankwok/drone/ros2_ws/build/autonomy_py/prefix_override:/usr/lib/python3/dist-packages/colcon_core/task/python/colcon_distutils_commands:/home/aidankwok/drone/ros2_ws/install/autonomy_py/lib/python3.10/site-packages:${PYTHONPATH} /usr/bin/python3 -W ignore:setup.py install is deprecated -W ignore:easy_install command is deprecated setup.py egg_info --egg-base ../../build/autonomy_py build --build-base /home/aidankwok/drone/ros2_ws/build/autonomy_py/build install --record /home/aidankwok/drone/ros2_ws/build/autonomy_py/install.log --single-version-externally-managed install_data
[4.453s] running egg_info
[4.455s] creating ../../build/autonomy_py/autonomy_py.egg-info
[4.456s] writing ../../build/autonomy_py/autonomy_py.egg-info/PKG-INFO
[4.458s] writing dependency_links to ../../build/autonomy_py/autonomy_py.egg-info/dependency_links.txt
[4.458s] writing entry points to ../../build/autonomy_py/autonomy_py.egg-info/entry_points.txt
[4.459s] writing requirements to ../../build/autonomy_py/autonomy_py.egg-info/requires.txt
[4.459s] writing top-level names to ../../build/autonomy_py/autonomy_py.egg-info/top_level.txt
[4.460s] writing manifest file '../../build/autonomy_py/autonomy_py.egg-info/SOURCES.txt'
[4.467s] reading manifest file '../../build/autonomy_py/autonomy_py.egg-info/SOURCES.txt'
[4.470s] writing manifest file '../../build/autonomy_py/autonomy_py.egg-info/SOURCES.txt'
[4.471s] running build
[4.471s] running build_py
[4.472s] creating /home/aidankwok/drone/ros2_ws/build/autonomy_py/build
[4.472s] creating /home/aidankwok/drone/ros2_ws/build/autonomy_py/build/lib
[4.473s] creating /home/aidankwok/drone/ros2_ws/build/autonomy_py/build/lib/autonomy_py
[4.473s] copying autonomy_py/__init__.py -> /home/aidankwok/drone/ros2_ws/build/autonomy_py/build/lib/autonomy_py
[4.474s] copying autonomy_py/drone_controller.py -> /home/aidankwok/drone/ros2_ws/build/autonomy_py/build/lib/autonomy_py
[4.475s] running install
[4.476s] running install_lib
[4.479s] creating /home/aidankwok/drone/ros2_ws/install/autonomy_py/lib/python3.10/site-packages/autonomy_py
[4.479s] copying /home/aidankwok/drone/ros2_ws/build/autonomy_py/build/lib/autonomy_py/__init__.py -> /home/aidankwok/drone/ros2_ws/install/autonomy_py/lib/python3.10/site-packages/autonomy_py
[4.480s] copying /home/aidankwok/drone/ros2_ws/build/autonomy_py/build/lib/autonomy_py/drone_controller.py -> /home/aidankwok/drone/ros2_ws/install/autonomy_py/lib/python3.10/site-packages/autonomy_py
[4.483s] byte-compiling /home/aidankwok/drone/ros2_ws/install/autonomy_py/lib/python3.10/site-packages/autonomy_py/__init__.py to __init__.cpython-310.pyc
[4.484s] byte-compiling /home/aidankwok/drone/ros2_ws/install/autonomy_py/lib/python3.10/site-packages/autonomy_py/drone_controller.py to drone_controller.cpython-310.pyc
[4.485s]   File "/home/aidankwok/drone/ros2_ws/install/autonomy_py/lib/python3.10/site-packages/autonomy_py/drone_controller.py", line 12
[4.486s]     self.mode_client() = self.create_client(SetMode,  '/mavros/set_mode')
[4.486s]     ^^^^^^^^^^^^^^^^^^
[4.487s] SyntaxError: cannot assign to function call here. Maybe you meant '==' instead of '='?
[4.487s] 
[4.487s] running install_data
[4.488s] creating /home/aidankwok/drone/ros2_ws/install/autonomy_py/share/ament_index
[4.488s] creating /home/aidankwok/drone/ros2_ws/install/autonomy_py/share/ament_index/resource_index
[4.488s] creating /home/aidankwok/drone/ros2_ws/install/autonomy_py/share/ament_index/resource_index/packages
[4.489s] copying resource/autonomy_py -> /home/aidankwok/drone/ros2_ws/install/autonomy_py/share/ament_index/resource_index/packages
[4.489s] copying package.xml -> /home/aidankwok/drone/ros2_ws/install/autonomy_py/share/autonomy_py
[4.489s] running install_egg_info
[4.495s] Copying ../../build/autonomy_py/autonomy_py.egg-info to /home/aidankwok/drone/ros2_ws/install/autonomy_py/lib/python3.10/site-packages/autonomy_py-0.0.0-py3.10.egg-info
[4.500s] running install_scripts
[4.582s] writing list of installed files to '/home/aidankwok/drone/ros2_ws/build/autonomy_py/install.log'
[4.700s] Invoked command in '/home/aidankwok/drone/ros2_ws/src/autonomy_py' returned '0': PYTHONPATH=/home/aidankwok/drone/ros2_ws/build/autonomy_py/prefix_override:/usr/lib/python3/dist-packages/colcon_core/task/python/colcon_distutils_commands:/home/aidankwok/drone/ros2_ws/install/autonomy_py/lib/python3.10/site-packages:${PYTHONPATH} /usr/bin/python3 -W ignore:setup.py install is deprecated -W ignore:easy_install command is deprecated setup.py egg_info --egg-base ../../build/autonomy_py build --build-base /home/aidankwok/drone/ros2_ws/build/autonomy_py/build install --record /home/aidankwok/drone/ros2_ws/build/autonomy_py/install.log --single-version-externally-managed install_data
