[5.007s] Invoking command in '/home/aidankwok/drone/ros2_ws/src/autonomy_py': PYTHONPATH=/home/aidankwok/drone/ros2_ws/build/autonomy_py/prefix_override:/usr/lib/python3/dist-packages/colcon_core/task/python/colcon_distutils_commands:/home/aidankwok/drone/ros2_ws/install/autonomy_py/lib/python3.10/site-packages:${PYTHONPATH} /usr/bin/python3 -W ignore:setup.py install is deprecated -W ignore:easy_install command is deprecated setup.py egg_info --egg-base ../../build/autonomy_py build --build-base /home/aidankwok/drone/ros2_ws/build/autonomy_py/build install --record /home/aidankwok/drone/ros2_ws/build/autonomy_py/install.log --single-version-externally-managed install_data
[6.266s] running egg_info
[6.269s] writing ../../build/autonomy_py/autonomy_py.egg-info/PKG-INFO
[6.271s] writing dependency_links to ../../build/autonomy_py/autonomy_py.egg-info/dependency_links.txt
[6.272s] writing entry points to ../../build/autonomy_py/autonomy_py.egg-info/entry_points.txt
[6.273s] writing requirements to ../../build/autonomy_py/autonomy_py.egg-info/requires.txt
[6.274s] writing top-level names to ../../build/autonomy_py/autonomy_py.egg-info/top_level.txt
[6.284s] reading manifest file '../../build/autonomy_py/autonomy_py.egg-info/SOURCES.txt'
[6.288s] writing manifest file '../../build/autonomy_py/autonomy_py.egg-info/SOURCES.txt'
[6.289s] running build
[6.290s] running build_py
[6.292s] copying autonomy_py/drone_hover.py -> /home/aidankwok/drone/ros2_ws/build/autonomy_py/build/lib/autonomy_py
[6.294s] running install
[6.296s] running install_lib
[6.300s] copying /home/aidankwok/drone/ros2_ws/build/autonomy_py/build/lib/autonomy_py/drone_hover.py -> /home/aidankwok/drone/ros2_ws/install/autonomy_py/lib/python3.10/site-packages/autonomy_py
[6.302s] byte-compiling /home/aidankwok/drone/ros2_ws/install/autonomy_py/lib/python3.10/site-packages/autonomy_py/drone_hover.py to drone_hover.cpython-310.pyc
[6.309s] running install_data
[6.310s] copying package.xml -> /home/aidankwok/drone/ros2_ws/install/autonomy_py/share/autonomy_py
[6.311s] running install_egg_info
[6.318s] removing '/home/aidankwok/drone/ros2_ws/install/autonomy_py/lib/python3.10/site-packages/autonomy_py-0.0.0-py3.10.egg-info' (and everything under it)
[6.319s] Copying ../../build/autonomy_py/autonomy_py.egg-info to /home/aidankwok/drone/ros2_ws/install/autonomy_py/lib/python3.10/site-packages/autonomy_py-0.0.0-py3.10.egg-info
[6.328s] running install_scripts
[6.430s] Installing drone_hover script to /home/aidankwok/drone/ros2_ws/install/autonomy_py/lib/autonomy_py
[6.439s] writing list of installed files to '/home/aidankwok/drone/ros2_ws/build/autonomy_py/install.log'
[7.019s] Invoked command in '/home/aidankwok/drone/ros2_ws/src/autonomy_py' returned '0': PYTHONPATH=/home/aidankwok/drone/ros2_ws/build/autonomy_py/prefix_override:/usr/lib/python3/dist-packages/colcon_core/task/python/colcon_distutils_commands:/home/aidankwok/drone/ros2_ws/install/autonomy_py/lib/python3.10/site-packages:${PYTHONPATH} /usr/bin/python3 -W ignore:setup.py install is deprecated -W ignore:easy_install command is deprecated setup.py egg_info --egg-base ../../build/autonomy_py build --build-base /home/aidankwok/drone/ros2_ws/build/autonomy_py/build install --record /home/aidankwok/drone/ros2_ws/build/autonomy_py/install.log --single-version-externally-managed install_data
