[0.450s] DEBUG:colcon:Command line arguments: ['/usr/bin/colcon', 'build']
[0.450s] DEBUG:colcon:Parsed command line arguments: Namespace(log_base=None, log_level=None, verb_name='build', build_base='build', install_base='install', merge_install=False, symlink_install=False, test_result_base=None, continue_on_error=False, executor='parallel', parallel_workers=4, event_handlers=None, ignore_user_meta=False, metas=['./colcon.meta'], base_paths=['.'], packages_ignore=None, packages_ignore_regex=None, paths=None, packages_up_to=None, packages_up_to_regex=None, packages_above=None, packages_above_and_dependencies=None, packages_above_depth=None, packages_select_by_dep=None, packages_skip_by_dep=None, packages_skip_up_to=None, packages_select_build_failed=False, packages_skip_build_finished=False, packages_select_test_failures=False, packages_skip_test_passed=False, packages_select=None, packages_skip=None, packages_select_regex=None, packages_skip_regex=None, packages_start=None, packages_end=None, allow_overriding=[], cmake_args=None, cmake_target=None, cmake_target_skip_unavailable=False, cmake_clean_cache=False, cmake_clean_first=False, cmake_force_configure=False, ament_cmake_args=None, catkin_cmake_args=None, catkin_skip_building_tests=False, verb_parser=<colcon_defaults.argument_parser.defaults.DefaultArgumentsDecorator object at 0xffffa09c4040>, verb_extension=<colcon_core.verb.build.BuildVerb object at 0xffffa0b394b0>, main=<bound method BuildVerb.main of <colcon_core.verb.build.BuildVerb object at 0xffffa0b394b0>>)
[1.245s] Level 1:colcon.colcon_core.package_discovery:discover_packages(colcon_meta) check parameters
[1.246s] Level 1:colcon.colcon_core.package_discovery:discover_packages(recursive) check parameters
[1.246s] Level 1:colcon.colcon_core.package_discovery:discover_packages(ignore) check parameters
[1.246s] Level 1:colcon.colcon_core.package_discovery:discover_packages(path) check parameters
[1.246s] Level 1:colcon.colcon_core.package_discovery:discover_packages(colcon_meta) discover
[1.247s] Level 1:colcon.colcon_core.package_discovery:discover_packages(recursive) discover
[1.247s] INFO:colcon.colcon_core.package_discovery:Crawling recursively for packages in '/home/aidankwok/drone/ros2_ws'
[1.247s] Level 1:colcon.colcon_core.package_identification:_identify(.) by extensions ['ignore', 'ignore_ament_install']
[1.248s] Level 1:colcon.colcon_core.package_identification:_identify(.) by extension 'ignore'
[1.248s] Level 1:colcon.colcon_core.package_identification:_identify(.) by extension 'ignore_ament_install'
[1.248s] Level 1:colcon.colcon_core.package_identification:_identify(.) by extensions ['colcon_pkg']
[1.248s] Level 1:colcon.colcon_core.package_identification:_identify(.) by extension 'colcon_pkg'
[1.248s] Level 1:colcon.colcon_core.package_identification:_identify(.) by extensions ['colcon_meta']
[1.249s] Level 1:colcon.colcon_core.package_identification:_identify(.) by extension 'colcon_meta'
[1.249s] Level 1:colcon.colcon_core.package_identification:_identify(.) by extensions ['ros']
[1.249s] Level 1:colcon.colcon_core.package_identification:_identify(.) by extension 'ros'
[1.349s] Level 1:colcon.colcon_core.package_identification:_identify(.) by extensions ['cmake', 'python']
[1.350s] Level 1:colcon.colcon_core.package_identification:_identify(.) by extension 'cmake'
[1.350s] Level 1:colcon.colcon_core.package_identification:_identify(.) by extension 'python'
[1.350s] Level 1:colcon.colcon_core.package_identification:_identify(.) by extensions ['python_setup_py']
[1.350s] Level 1:colcon.colcon_core.package_identification:_identify(.) by extension 'python_setup_py'
[1.351s] Level 1:colcon.colcon_core.package_identification:_identify(build) by extensions ['ignore', 'ignore_ament_install']
[1.351s] Level 1:colcon.colcon_core.package_identification:_identify(build) by extension 'ignore'
[1.351s] Level 1:colcon.colcon_core.package_identification:_identify(build) ignored
[1.352s] Level 1:colcon.colcon_core.package_identification:_identify(install) by extensions ['ignore', 'ignore_ament_install']
[1.352s] Level 1:colcon.colcon_core.package_identification:_identify(install) by extension 'ignore'
[1.353s] Level 1:colcon.colcon_core.package_identification:_identify(install) ignored
[1.353s] Level 1:colcon.colcon_core.package_identification:_identify(log) by extensions ['ignore', 'ignore_ament_install']
[1.353s] Level 1:colcon.colcon_core.package_identification:_identify(log) by extension 'ignore'
[1.354s] Level 1:colcon.colcon_core.package_identification:_identify(log) ignored
[1.354s] Level 1:colcon.colcon_core.package_identification:_identify(src) by extensions ['ignore', 'ignore_ament_install']
[1.354s] Level 1:colcon.colcon_core.package_identification:_identify(src) by extension 'ignore'
[1.355s] Level 1:colcon.colcon_core.package_identification:_identify(src) by extension 'ignore_ament_install'
[1.355s] Level 1:colcon.colcon_core.package_identification:_identify(src) by extensions ['colcon_pkg']
[1.355s] Level 1:colcon.colcon_core.package_identification:_identify(src) by extension 'colcon_pkg'
[1.355s] Level 1:colcon.colcon_core.package_identification:_identify(src) by extensions ['colcon_meta']
[1.355s] Level 1:colcon.colcon_core.package_identification:_identify(src) by extension 'colcon_meta'
[1.356s] Level 1:colcon.colcon_core.package_identification:_identify(src) by extensions ['ros']
[1.356s] Level 1:colcon.colcon_core.package_identification:_identify(src) by extension 'ros'
[1.356s] Level 1:colcon.colcon_core.package_identification:_identify(src) by extensions ['cmake', 'python']
[1.356s] Level 1:colcon.colcon_core.package_identification:_identify(src) by extension 'cmake'
[1.356s] Level 1:colcon.colcon_core.package_identification:_identify(src) by extension 'python'
[1.357s] Level 1:colcon.colcon_core.package_identification:_identify(src) by extensions ['python_setup_py']
[1.357s] Level 1:colcon.colcon_core.package_identification:_identify(src) by extension 'python_setup_py'
[1.357s] Level 1:colcon.colcon_core.package_identification:_identify(src/autonomy_py) by extensions ['ignore', 'ignore_ament_install']
[1.357s] Level 1:colcon.colcon_core.package_identification:_identify(src/autonomy_py) by extension 'ignore'
[1.358s] Level 1:colcon.colcon_core.package_identification:_identify(src/autonomy_py) by extension 'ignore_ament_install'
[1.358s] Level 1:colcon.colcon_core.package_identification:_identify(src/autonomy_py) by extensions ['colcon_pkg']
[1.358s] Level 1:colcon.colcon_core.package_identification:_identify(src/autonomy_py) by extension 'colcon_pkg'
[1.358s] Level 1:colcon.colcon_core.package_identification:_identify(src/autonomy_py) by extensions ['colcon_meta']
[1.358s] Level 1:colcon.colcon_core.package_identification:_identify(src/autonomy_py) by extension 'colcon_meta'
[1.359s] Level 1:colcon.colcon_core.package_identification:_identify(src/autonomy_py) by extensions ['ros']
[1.359s] Level 1:colcon.colcon_core.package_identification:_identify(src/autonomy_py) by extension 'ros'
[1.368s] DEBUG:colcon.colcon_core.package_identification:Package 'src/autonomy_py' with type 'ros.ament_python' and name 'autonomy_py'
[1.368s] Level 1:colcon.colcon_core.package_identification:_identify(src/drone_launch) by extensions ['ignore', 'ignore_ament_install']
[1.369s] Level 1:colcon.colcon_core.package_identification:_identify(src/drone_launch) by extension 'ignore'
[1.369s] Level 1:colcon.colcon_core.package_identification:_identify(src/drone_launch) by extension 'ignore_ament_install'
[1.369s] Level 1:colcon.colcon_core.package_identification:_identify(src/drone_launch) by extensions ['colcon_pkg']
[1.369s] Level 1:colcon.colcon_core.package_identification:_identify(src/drone_launch) by extension 'colcon_pkg'
[1.370s] Level 1:colcon.colcon_core.package_identification:_identify(src/drone_launch) by extensions ['colcon_meta']
[1.370s] Level 1:colcon.colcon_core.package_identification:_identify(src/drone_launch) by extension 'colcon_meta'
[1.370s] Level 1:colcon.colcon_core.package_identification:_identify(src/drone_launch) by extensions ['ros']
[1.370s] Level 1:colcon.colcon_core.package_identification:_identify(src/drone_launch) by extension 'ros'
[1.372s] DEBUG:colcon.colcon_core.package_identification:Package 'src/drone_launch' with type 'ros.ament_python' and name 'drone_launch'
[1.373s] Level 1:colcon.colcon_core.package_identification:_identify(src/rgb_camera_py) by extensions ['ignore', 'ignore_ament_install']
[1.373s] Level 1:colcon.colcon_core.package_identification:_identify(src/rgb_camera_py) by extension 'ignore'
[1.374s] Level 1:colcon.colcon_core.package_identification:_identify(src/rgb_camera_py) by extension 'ignore_ament_install'
[1.374s] Level 1:colcon.colcon_core.package_identification:_identify(src/rgb_camera_py) by extensions ['colcon_pkg']
[1.374s] Level 1:colcon.colcon_core.package_identification:_identify(src/rgb_camera_py) by extension 'colcon_pkg'
[1.374s] Level 1:colcon.colcon_core.package_identification:_identify(src/rgb_camera_py) by extensions ['colcon_meta']
[1.374s] Level 1:colcon.colcon_core.package_identification:_identify(src/rgb_camera_py) by extension 'colcon_meta'
[1.374s] Level 1:colcon.colcon_core.package_identification:_identify(src/rgb_camera_py) by extensions ['ros']
[1.375s] Level 1:colcon.colcon_core.package_identification:_identify(src/rgb_camera_py) by extension 'ros'
[1.377s] DEBUG:colcon.colcon_core.package_identification:Package 'src/rgb_camera_py' with type 'ros.ament_python' and name 'rgb_camera_py'
[1.377s] Level 1:colcon.colcon_core.package_discovery:discover_packages(recursive) using defaults
[1.377s] Level 1:colcon.colcon_core.package_discovery:discover_packages(ignore) discover
[1.377s] Level 1:colcon.colcon_core.package_discovery:discover_packages(ignore) using defaults
[1.377s] Level 1:colcon.colcon_core.package_discovery:discover_packages(path) discover
[1.378s] Level 1:colcon.colcon_core.package_discovery:discover_packages(path) using defaults
[1.493s] Level 1:colcon.colcon_core.package_discovery:discover_packages(prefix_path) check parameters
[1.494s] Level 1:colcon.colcon_core.package_discovery:discover_packages(prefix_path) discover
[1.503s] DEBUG:colcon.colcon_installed_package_information.package_discovery:Found 3 installed packages in /home/aidankwok/drone/ros2_ws/install
[1.510s] DEBUG:colcon.colcon_installed_package_information.package_discovery:Found 197 installed packages in /opt/ros/humble
[1.515s] Level 1:colcon.colcon_core.package_discovery:discover_packages(prefix_path) using defaults
[1.647s] Level 5:colcon.colcon_core.verb:set package 'autonomy_py' build argument 'cmake_args' from command line to 'None'
[1.647s] Level 5:colcon.colcon_core.verb:set package 'autonomy_py' build argument 'cmake_target' from command line to 'None'
[1.647s] Level 5:colcon.colcon_core.verb:set package 'autonomy_py' build argument 'cmake_target_skip_unavailable' from command line to 'False'
[1.647s] Level 5:colcon.colcon_core.verb:set package 'autonomy_py' build argument 'cmake_clean_cache' from command line to 'False'
[1.648s] Level 5:colcon.colcon_core.verb:set package 'autonomy_py' build argument 'cmake_clean_first' from command line to 'False'
[1.648s] Level 5:colcon.colcon_core.verb:set package 'autonomy_py' build argument 'cmake_force_configure' from command line to 'False'
[1.648s] Level 5:colcon.colcon_core.verb:set package 'autonomy_py' build argument 'ament_cmake_args' from command line to 'None'
[1.648s] Level 5:colcon.colcon_core.verb:set package 'autonomy_py' build argument 'catkin_cmake_args' from command line to 'None'
[1.648s] Level 5:colcon.colcon_core.verb:set package 'autonomy_py' build argument 'catkin_skip_building_tests' from command line to 'False'
[1.648s] DEBUG:colcon.colcon_core.verb:Building package 'autonomy_py' with the following arguments: {'ament_cmake_args': None, 'build_base': '/home/aidankwok/drone/ros2_ws/build/autonomy_py', 'catkin_cmake_args': None, 'catkin_skip_building_tests': False, 'cmake_args': None, 'cmake_clean_cache': False, 'cmake_clean_first': False, 'cmake_force_configure': False, 'cmake_target': None, 'cmake_target_skip_unavailable': False, 'install_base': '/home/aidankwok/drone/ros2_ws/install/autonomy_py', 'merge_install': False, 'path': '/home/aidankwok/drone/ros2_ws/src/autonomy_py', 'symlink_install': False, 'test_result_base': None}
[1.650s] Level 5:colcon.colcon_core.verb:set package 'rgb_camera_py' build argument 'cmake_args' from command line to 'None'
[1.650s] Level 5:colcon.colcon_core.verb:set package 'rgb_camera_py' build argument 'cmake_target' from command line to 'None'
[1.650s] Level 5:colcon.colcon_core.verb:set package 'rgb_camera_py' build argument 'cmake_target_skip_unavailable' from command line to 'False'
[1.650s] Level 5:colcon.colcon_core.verb:set package 'rgb_camera_py' build argument 'cmake_clean_cache' from command line to 'False'
[1.651s] Level 5:colcon.colcon_core.verb:set package 'rgb_camera_py' build argument 'cmake_clean_first' from command line to 'False'
[1.651s] Level 5:colcon.colcon_core.verb:set package 'rgb_camera_py' build argument 'cmake_force_configure' from command line to 'False'
[1.651s] Level 5:colcon.colcon_core.verb:set package 'rgb_camera_py' build argument 'ament_cmake_args' from command line to 'None'
[1.651s] Level 5:colcon.colcon_core.verb:set package 'rgb_camera_py' build argument 'catkin_cmake_args' from command line to 'None'
[1.651s] Level 5:colcon.colcon_core.verb:set package 'rgb_camera_py' build argument 'catkin_skip_building_tests' from command line to 'False'
[1.651s] DEBUG:colcon.colcon_core.verb:Building package 'rgb_camera_py' with the following arguments: {'ament_cmake_args': None, 'build_base': '/home/aidankwok/drone/ros2_ws/build/rgb_camera_py', 'catkin_cmake_args': None, 'catkin_skip_building_tests': False, 'cmake_args': None, 'cmake_clean_cache': False, 'cmake_clean_first': False, 'cmake_force_configure': False, 'cmake_target': None, 'cmake_target_skip_unavailable': False, 'install_base': '/home/aidankwok/drone/ros2_ws/install/rgb_camera_py', 'merge_install': False, 'path': '/home/aidankwok/drone/ros2_ws/src/rgb_camera_py', 'symlink_install': False, 'test_result_base': None}
[1.653s] Level 5:colcon.colcon_core.verb:set package 'drone_launch' build argument 'cmake_args' from command line to 'None'
[1.653s] Level 5:colcon.colcon_core.verb:set package 'drone_launch' build argument 'cmake_target' from command line to 'None'
[1.653s] Level 5:colcon.colcon_core.verb:set package 'drone_launch' build argument 'cmake_target_skip_unavailable' from command line to 'False'
[1.654s] Level 5:colcon.colcon_core.verb:set package 'drone_launch' build argument 'cmake_clean_cache' from command line to 'False'
[1.654s] Level 5:colcon.colcon_core.verb:set package 'drone_launch' build argument 'cmake_clean_first' from command line to 'False'
[1.654s] Level 5:colcon.colcon_core.verb:set package 'drone_launch' build argument 'cmake_force_configure' from command line to 'False'
[1.654s] Level 5:colcon.colcon_core.verb:set package 'drone_launch' build argument 'ament_cmake_args' from command line to 'None'
[1.654s] Level 5:colcon.colcon_core.verb:set package 'drone_launch' build argument 'catkin_cmake_args' from command line to 'None'
[1.654s] Level 5:colcon.colcon_core.verb:set package 'drone_launch' build argument 'catkin_skip_building_tests' from command line to 'False'
[1.654s] DEBUG:colcon.colcon_core.verb:Building package 'drone_launch' with the following arguments: {'ament_cmake_args': None, 'build_base': '/home/aidankwok/drone/ros2_ws/build/drone_launch', 'catkin_cmake_args': None, 'catkin_skip_building_tests': False, 'cmake_args': None, 'cmake_clean_cache': False, 'cmake_clean_first': False, 'cmake_force_configure': False, 'cmake_target': None, 'cmake_target_skip_unavailable': False, 'install_base': '/home/aidankwok/drone/ros2_ws/install/drone_launch', 'merge_install': False, 'path': '/home/aidankwok/drone/ros2_ws/src/drone_launch', 'symlink_install': False, 'test_result_base': None}
[1.655s] INFO:colcon.colcon_core.executor:Executing jobs using 'parallel' executor
[1.658s] DEBUG:colcon.colcon_parallel_executor.executor.parallel:run_until_complete
[1.660s] INFO:colcon.colcon_ros.task.ament_python.build:Building ROS package in '/home/aidankwok/drone/ros2_ws/src/autonomy_py' with build type 'ament_python'
[1.660s] Level 1:colcon.colcon_core.shell:create_environment_hook('autonomy_py', 'ament_prefix_path')
[1.670s] INFO:colcon.colcon_core.plugin_system:Skipping extension 'colcon_core.shell.bat': Not used on non-Windows systems
[1.672s] INFO:colcon.colcon_core.shell:Creating environment hook '/home/aidankwok/drone/ros2_ws/install/autonomy_py/share/autonomy_py/hook/ament_prefix_path.ps1'
[1.675s] INFO:colcon.colcon_core.shell:Creating environment descriptor '/home/aidankwok/drone/ros2_ws/install/autonomy_py/share/autonomy_py/hook/ament_prefix_path.dsv'
[1.679s] INFO:colcon.colcon_core.shell:Creating environment hook '/home/aidankwok/drone/ros2_ws/install/autonomy_py/share/autonomy_py/hook/ament_prefix_path.sh'
[1.683s] INFO:colcon.colcon_core.shell:Skip shell extension 'powershell' for command environment: Not usable outside of PowerShell
[1.683s] DEBUG:colcon.colcon_core.shell:Skip shell extension 'dsv' for command environment
[1.699s] INFO:colcon.colcon_ros.task.ament_python.build:Building ROS package in '/home/aidankwok/drone/ros2_ws/src/rgb_camera_py' with build type 'ament_python'
[1.700s] Level 1:colcon.colcon_core.shell:create_environment_hook('rgb_camera_py', 'ament_prefix_path')
[1.701s] INFO:colcon.colcon_core.shell:Creating environment hook '/home/aidankwok/drone/ros2_ws/install/rgb_camera_py/share/rgb_camera_py/hook/ament_prefix_path.ps1'
[1.704s] INFO:colcon.colcon_core.shell:Creating environment descriptor '/home/aidankwok/drone/ros2_ws/install/rgb_camera_py/share/rgb_camera_py/hook/ament_prefix_path.dsv'
[1.706s] INFO:colcon.colcon_core.shell:Creating environment hook '/home/aidankwok/drone/ros2_ws/install/rgb_camera_py/share/rgb_camera_py/hook/ament_prefix_path.sh'
[1.710s] INFO:colcon.colcon_core.shell:Skip shell extension 'powershell' for command environment: Not usable outside of PowerShell
[1.710s] DEBUG:colcon.colcon_core.shell:Skip shell extension 'dsv' for command environment
[2.930s] INFO:colcon.colcon_core.task.python.build:Building Python package in '/home/aidankwok/drone/ros2_ws/src/autonomy_py'
[2.931s] INFO:colcon.colcon_core.shell:Skip shell extension 'powershell' for command environment: Not usable outside of PowerShell
[2.932s] DEBUG:colcon.colcon_core.shell:Skip shell extension 'dsv' for command environment
[4.142s] INFO:colcon.colcon_core.task.python.build:Building Python package in '/home/aidankwok/drone/ros2_ws/src/rgb_camera_py'
[4.143s] INFO:colcon.colcon_core.shell:Skip shell extension 'powershell' for command environment: Not usable outside of PowerShell
[4.144s] DEBUG:colcon.colcon_core.shell:Skip shell extension 'dsv' for command environment
[6.116s] DEBUG:colcon.colcon_core.event_handler.log_command:Invoking command in '/home/aidankwok/drone/ros2_ws/src/autonomy_py': PYTHONPATH=/home/aidankwok/drone/ros2_ws/build/autonomy_py/prefix_override:/usr/lib/python3/dist-packages/colcon_core/task/python/colcon_distutils_commands:/home/aidankwok/drone/ros2_ws/install/autonomy_py/lib/python3.10/site-packages:${PYTHONPATH} /usr/bin/python3 -W ignore:setup.py install is deprecated -W ignore:easy_install command is deprecated setup.py egg_info --egg-base ../../build/autonomy_py build --build-base /home/aidankwok/drone/ros2_ws/build/autonomy_py/build install --record /home/aidankwok/drone/ros2_ws/build/autonomy_py/install.log --single-version-externally-managed install_data
[6.164s] DEBUG:colcon.colcon_core.event_handler.log_command:Invoking command in '/home/aidankwok/drone/ros2_ws/src/rgb_camera_py': PYTHONPATH=/home/aidankwok/drone/ros2_ws/build/rgb_camera_py/prefix_override:/usr/lib/python3/dist-packages/colcon_core/task/python/colcon_distutils_commands:/home/aidankwok/drone/ros2_ws/install/rgb_camera_py/lib/python3.10/site-packages:${PYTHONPATH} /usr/bin/python3 -W ignore:setup.py install is deprecated -W ignore:easy_install command is deprecated setup.py egg_info --egg-base ../../build/rgb_camera_py build --build-base /home/aidankwok/drone/ros2_ws/build/rgb_camera_py/build install --record /home/aidankwok/drone/ros2_ws/build/rgb_camera_py/install.log --single-version-externally-managed install_data
[7.774s] DEBUG:colcon.colcon_core.event_handler.log_command:Invoked command in '/home/aidankwok/drone/ros2_ws/src/autonomy_py' returned '0': PYTHONPATH=/home/aidankwok/drone/ros2_ws/build/autonomy_py/prefix_override:/usr/lib/python3/dist-packages/colcon_core/task/python/colcon_distutils_commands:/home/aidankwok/drone/ros2_ws/install/autonomy_py/lib/python3.10/site-packages:${PYTHONPATH} /usr/bin/python3 -W ignore:setup.py install is deprecated -W ignore:easy_install command is deprecated setup.py egg_info --egg-base ../../build/autonomy_py build --build-base /home/aidankwok/drone/ros2_ws/build/autonomy_py/build install --record /home/aidankwok/drone/ros2_ws/build/autonomy_py/install.log --single-version-externally-managed install_data
[7.791s] Level 1:colcon.colcon_core.environment:checking '/home/aidankwok/drone/ros2_ws/install/autonomy_py' for CMake module files
[7.794s] Level 1:colcon.colcon_core.environment:checking '/home/aidankwok/drone/ros2_ws/install/autonomy_py' for CMake config files
[7.798s] Level 1:colcon.colcon_core.environment:checking '/home/aidankwok/drone/ros2_ws/install/autonomy_py/lib'
[7.799s] Level 1:colcon.colcon_core.environment:checking '/home/aidankwok/drone/ros2_ws/install/autonomy_py/bin'
[7.799s] Level 1:colcon.colcon_core.environment:checking '/home/aidankwok/drone/ros2_ws/install/autonomy_py/lib/pkgconfig/autonomy_py.pc'
[7.800s] Level 1:colcon.colcon_core.environment:checking '/home/aidankwok/drone/ros2_ws/install/autonomy_py/lib/python3.10/site-packages'
[7.800s] Level 1:colcon.colcon_core.shell:create_environment_hook('autonomy_py', 'pythonpath')
[7.801s] INFO:colcon.colcon_core.shell:Creating environment hook '/home/aidankwok/drone/ros2_ws/install/autonomy_py/share/autonomy_py/hook/pythonpath.ps1'
[7.803s] INFO:colcon.colcon_core.shell:Creating environment descriptor '/home/aidankwok/drone/ros2_ws/install/autonomy_py/share/autonomy_py/hook/pythonpath.dsv'
[7.805s] INFO:colcon.colcon_core.shell:Creating environment hook '/home/aidankwok/drone/ros2_ws/install/autonomy_py/share/autonomy_py/hook/pythonpath.sh'
[7.809s] Level 1:colcon.colcon_core.environment:checking '/home/aidankwok/drone/ros2_ws/install/autonomy_py/bin'
[7.809s] Level 1:colcon.colcon_core.environment:create_environment_scripts_only(autonomy_py)
[7.811s] INFO:colcon.colcon_core.shell:Creating package script '/home/aidankwok/drone/ros2_ws/install/autonomy_py/share/autonomy_py/package.ps1'
[7.814s] INFO:colcon.colcon_core.shell:Creating package descriptor '/home/aidankwok/drone/ros2_ws/install/autonomy_py/share/autonomy_py/package.dsv'
[7.817s] INFO:colcon.colcon_core.shell:Creating package script '/home/aidankwok/drone/ros2_ws/install/autonomy_py/share/autonomy_py/package.sh'
[7.821s] INFO:colcon.colcon_core.shell:Creating package script '/home/aidankwok/drone/ros2_ws/install/autonomy_py/share/autonomy_py/package.bash'
[7.824s] INFO:colcon.colcon_core.shell:Creating package script '/home/aidankwok/drone/ros2_ws/install/autonomy_py/share/autonomy_py/package.zsh'
[7.827s] Level 1:colcon.colcon_core.environment:create_file_with_runtime_dependencies(/home/aidankwok/drone/ros2_ws/install/autonomy_py/share/colcon-core/packages/autonomy_py)
[7.830s] INFO:colcon.colcon_ros.task.ament_python.build:Building ROS package in '/home/aidankwok/drone/ros2_ws/src/drone_launch' with build type 'ament_python'
[7.830s] Level 1:colcon.colcon_core.shell:create_environment_hook('drone_launch', 'ament_prefix_path')
[7.831s] INFO:colcon.colcon_core.shell:Creating environment hook '/home/aidankwok/drone/ros2_ws/install/drone_launch/share/drone_launch/hook/ament_prefix_path.ps1'
[7.834s] INFO:colcon.colcon_core.shell:Creating environment descriptor '/home/aidankwok/drone/ros2_ws/install/drone_launch/share/drone_launch/hook/ament_prefix_path.dsv'
[7.838s] INFO:colcon.colcon_core.shell:Creating environment hook '/home/aidankwok/drone/ros2_ws/install/drone_launch/share/drone_launch/hook/ament_prefix_path.sh'
[7.841s] INFO:colcon.colcon_core.shell:Skip shell extension 'powershell' for command environment: Not usable outside of PowerShell
[7.841s] DEBUG:colcon.colcon_core.shell:Skip shell extension 'dsv' for command environment
[7.860s] Level 1:colcon.colcon_core.environment:checking '/home/aidankwok/drone/ros2_ws/install/rgb_camera_py' for CMake module files
[7.863s] DEBUG:colcon.colcon_core.event_handler.log_command:Invoked command in '/home/aidankwok/drone/ros2_ws/src/rgb_camera_py' returned '0': PYTHONPATH=/home/aidankwok/drone/ros2_ws/build/rgb_camera_py/prefix_override:/usr/lib/python3/dist-packages/colcon_core/task/python/colcon_distutils_commands:/home/aidankwok/drone/ros2_ws/install/rgb_camera_py/lib/python3.10/site-packages:${PYTHONPATH} /usr/bin/python3 -W ignore:setup.py install is deprecated -W ignore:easy_install command is deprecated setup.py egg_info --egg-base ../../build/rgb_camera_py build --build-base /home/aidankwok/drone/ros2_ws/build/rgb_camera_py/build install --record /home/aidankwok/drone/ros2_ws/build/rgb_camera_py/install.log --single-version-externally-managed install_data
[7.864s] Level 1:colcon.colcon_core.environment:checking '/home/aidankwok/drone/ros2_ws/install/rgb_camera_py' for CMake config files
[7.868s] Level 1:colcon.colcon_core.environment:checking '/home/aidankwok/drone/ros2_ws/install/rgb_camera_py/lib'
[7.869s] Level 1:colcon.colcon_core.environment:checking '/home/aidankwok/drone/ros2_ws/install/rgb_camera_py/bin'
[7.869s] Level 1:colcon.colcon_core.environment:checking '/home/aidankwok/drone/ros2_ws/install/rgb_camera_py/lib/pkgconfig/rgb_camera_py.pc'
[7.870s] Level 1:colcon.colcon_core.environment:checking '/home/aidankwok/drone/ros2_ws/install/rgb_camera_py/lib/python3.10/site-packages'
[7.870s] Level 1:colcon.colcon_core.shell:create_environment_hook('rgb_camera_py', 'pythonpath')
[7.871s] INFO:colcon.colcon_core.shell:Creating environment hook '/home/aidankwok/drone/ros2_ws/install/rgb_camera_py/share/rgb_camera_py/hook/pythonpath.ps1'
[7.873s] INFO:colcon.colcon_core.shell:Creating environment descriptor '/home/aidankwok/drone/ros2_ws/install/rgb_camera_py/share/rgb_camera_py/hook/pythonpath.dsv'
[7.875s] INFO:colcon.colcon_core.shell:Creating environment hook '/home/aidankwok/drone/ros2_ws/install/rgb_camera_py/share/rgb_camera_py/hook/pythonpath.sh'
[7.879s] Level 1:colcon.colcon_core.environment:checking '/home/aidankwok/drone/ros2_ws/install/rgb_camera_py/bin'
[7.879s] Level 1:colcon.colcon_core.environment:create_environment_scripts_only(rgb_camera_py)
[7.880s] INFO:colcon.colcon_core.shell:Creating package script '/home/aidankwok/drone/ros2_ws/install/rgb_camera_py/share/rgb_camera_py/package.ps1'
[7.883s] INFO:colcon.colcon_core.shell:Creating package descriptor '/home/aidankwok/drone/ros2_ws/install/rgb_camera_py/share/rgb_camera_py/package.dsv'
[7.885s] INFO:colcon.colcon_core.shell:Creating package script '/home/aidankwok/drone/ros2_ws/install/rgb_camera_py/share/rgb_camera_py/package.sh'
[7.887s] INFO:colcon.colcon_core.shell:Creating package script '/home/aidankwok/drone/ros2_ws/install/rgb_camera_py/share/rgb_camera_py/package.bash'
[7.889s] INFO:colcon.colcon_core.shell:Creating package script '/home/aidankwok/drone/ros2_ws/install/rgb_camera_py/share/rgb_camera_py/package.zsh'
[7.891s] Level 1:colcon.colcon_core.environment:create_file_with_runtime_dependencies(/home/aidankwok/drone/ros2_ws/install/rgb_camera_py/share/colcon-core/packages/rgb_camera_py)
[9.111s] INFO:colcon.colcon_core.task.python.build:Building Python package in '/home/aidankwok/drone/ros2_ws/src/drone_launch'
[9.112s] INFO:colcon.colcon_core.shell:Skip shell extension 'powershell' for command environment: Not usable outside of PowerShell
[9.113s] DEBUG:colcon.colcon_core.shell:Skip shell extension 'dsv' for command environment
[10.796s] DEBUG:colcon.colcon_core.event_handler.log_command:Invoking command in '/home/aidankwok/drone/ros2_ws/src/drone_launch': AMENT_PREFIX_PATH=/home/aidankwok/drone/ros2_ws/install/autonomy_py:/home/aidankwok/drone/ros2_ws/install/rgb_camera_py:/home/aidankwok/drone/ros2_ws/install/drone_launch:/opt/ros/humble PYTHONPATH=/home/aidankwok/drone/ros2_ws/build/drone_launch/prefix_override:/usr/lib/python3/dist-packages/colcon_core/task/python/colcon_distutils_commands:/home/aidankwok/drone/ros2_ws/install/drone_launch/lib/python3.10/site-packages:/home/aidankwok/drone/ros2_ws/install/autonomy_py/lib/python3.10/site-packages:/home/aidankwok/drone/ros2_ws/install/rgb_camera_py/lib/python3.10/site-packages:/home/aidankwok/drone/ros2_ws/install/drone_launch/lib/python3.10/site-packages:/opt/ros/humble/lib/python3.10/site-packages:/opt/ros/humble/local/lib/python3.10/dist-packages /usr/bin/python3 -W ignore:setup.py install is deprecated -W ignore:easy_install command is deprecated setup.py egg_info --egg-base ../../build/drone_launch build --build-base /home/aidankwok/drone/ros2_ws/build/drone_launch/build install --record /home/aidankwok/drone/ros2_ws/build/drone_launch/install.log --single-version-externally-managed install_data
[12.167s] Level 1:colcon.colcon_core.environment:checking '/home/aidankwok/drone/ros2_ws/install/drone_launch' for CMake module files
[12.169s] DEBUG:colcon.colcon_core.event_handler.log_command:Invoked command in '/home/aidankwok/drone/ros2_ws/src/drone_launch' returned '0': AMENT_PREFIX_PATH=/home/aidankwok/drone/ros2_ws/install/autonomy_py:/home/aidankwok/drone/ros2_ws/install/rgb_camera_py:/home/aidankwok/drone/ros2_ws/install/drone_launch:/opt/ros/humble PYTHONPATH=/home/aidankwok/drone/ros2_ws/build/drone_launch/prefix_override:/usr/lib/python3/dist-packages/colcon_core/task/python/colcon_distutils_commands:/home/aidankwok/drone/ros2_ws/install/drone_launch/lib/python3.10/site-packages:/home/aidankwok/drone/ros2_ws/install/autonomy_py/lib/python3.10/site-packages:/home/aidankwok/drone/ros2_ws/install/rgb_camera_py/lib/python3.10/site-packages:/home/aidankwok/drone/ros2_ws/install/drone_launch/lib/python3.10/site-packages:/opt/ros/humble/lib/python3.10/site-packages:/opt/ros/humble/local/lib/python3.10/dist-packages /usr/bin/python3 -W ignore:setup.py install is deprecated -W ignore:easy_install command is deprecated setup.py egg_info --egg-base ../../build/drone_launch build --build-base /home/aidankwok/drone/ros2_ws/build/drone_launch/build install --record /home/aidankwok/drone/ros2_ws/build/drone_launch/install.log --single-version-externally-managed install_data
[12.171s] Level 1:colcon.colcon_core.environment:checking '/home/aidankwok/drone/ros2_ws/install/drone_launch' for CMake config files
[12.174s] Level 1:colcon.colcon_core.environment:checking '/home/aidankwok/drone/ros2_ws/install/drone_launch/lib'
[12.175s] Level 1:colcon.colcon_core.environment:checking '/home/aidankwok/drone/ros2_ws/install/drone_launch/bin'
[12.175s] Level 1:colcon.colcon_core.environment:checking '/home/aidankwok/drone/ros2_ws/install/drone_launch/lib/pkgconfig/drone_launch.pc'
[12.176s] Level 1:colcon.colcon_core.environment:checking '/home/aidankwok/drone/ros2_ws/install/drone_launch/lib/python3.10/site-packages'
[12.176s] Level 1:colcon.colcon_core.shell:create_environment_hook('drone_launch', 'pythonpath')
[12.177s] INFO:colcon.colcon_core.shell:Creating environment hook '/home/aidankwok/drone/ros2_ws/install/drone_launch/share/drone_launch/hook/pythonpath.ps1'
[12.180s] INFO:colcon.colcon_core.shell:Creating environment descriptor '/home/aidankwok/drone/ros2_ws/install/drone_launch/share/drone_launch/hook/pythonpath.dsv'
[12.182s] INFO:colcon.colcon_core.shell:Creating environment hook '/home/aidankwok/drone/ros2_ws/install/drone_launch/share/drone_launch/hook/pythonpath.sh'
[12.185s] Level 1:colcon.colcon_core.environment:checking '/home/aidankwok/drone/ros2_ws/install/drone_launch/bin'
[12.186s] Level 1:colcon.colcon_core.environment:create_environment_scripts_only(drone_launch)
[12.187s] INFO:colcon.colcon_core.shell:Creating package script '/home/aidankwok/drone/ros2_ws/install/drone_launch/share/drone_launch/package.ps1'
[12.190s] INFO:colcon.colcon_core.shell:Creating package descriptor '/home/aidankwok/drone/ros2_ws/install/drone_launch/share/drone_launch/package.dsv'
[12.192s] INFO:colcon.colcon_core.shell:Creating package script '/home/aidankwok/drone/ros2_ws/install/drone_launch/share/drone_launch/package.sh'
[12.195s] INFO:colcon.colcon_core.shell:Creating package script '/home/aidankwok/drone/ros2_ws/install/drone_launch/share/drone_launch/package.bash'
[12.197s] INFO:colcon.colcon_core.shell:Creating package script '/home/aidankwok/drone/ros2_ws/install/drone_launch/share/drone_launch/package.zsh'
[12.200s] Level 1:colcon.colcon_core.environment:create_file_with_runtime_dependencies(/home/aidankwok/drone/ros2_ws/install/drone_launch/share/colcon-core/packages/drone_launch)
[12.201s] DEBUG:colcon.colcon_parallel_executor.executor.parallel:closing loop
[12.203s] DEBUG:colcon.colcon_parallel_executor.executor.parallel:loop closed
[12.204s] DEBUG:colcon.colcon_parallel_executor.executor.parallel:run_until_complete finished with '0'
[12.204s] DEBUG:colcon.colcon_core.event_reactor:joining thread
[12.226s] INFO:colcon.colcon_core.plugin_system:Skipping extension 'colcon_notification.desktop_notification.notify_send': Could not find 'notify-send'
[12.226s] INFO:colcon.colcon_core.plugin_system:Skipping extension 'colcon_notification.desktop_notification.terminal_notifier': Not used on non-Darwin systems
[12.226s] INFO:colcon.colcon_core.plugin_system:Skipping extension 'colcon_notification.desktop_notification.win32': Not used on non-Windows systems
[12.227s] INFO:colcon.colcon_notification.desktop_notification:Sending desktop notification using 'notify2'
[12.229s] DEBUG:colcon.colcon_notification.desktop_notification.notify2:Failed to initialize notify2: org.freedesktop.DBus.Error.ServiceUnknown: The name org.freedesktop.Notifications was not provided by any .service files
[12.230s] DEBUG:colcon.colcon_core.event_reactor:joined thread
[12.231s] INFO:colcon.colcon_core.shell:Creating prefix script '/home/aidankwok/drone/ros2_ws/install/local_setup.ps1'
[12.235s] INFO:colcon.colcon_core.shell:Creating prefix util module '/home/aidankwok/drone/ros2_ws/install/_local_setup_util_ps1.py'
[12.241s] INFO:colcon.colcon_core.shell:Creating prefix chain script '/home/aidankwok/drone/ros2_ws/install/setup.ps1'
[12.247s] INFO:colcon.colcon_core.shell:Creating prefix script '/home/aidankwok/drone/ros2_ws/install/local_setup.sh'
[12.251s] INFO:colcon.colcon_core.shell:Creating prefix util module '/home/aidankwok/drone/ros2_ws/install/_local_setup_util_sh.py'
[12.254s] INFO:colcon.colcon_core.shell:Creating prefix chain script '/home/aidankwok/drone/ros2_ws/install/setup.sh'
[12.259s] INFO:colcon.colcon_core.shell:Creating prefix script '/home/aidankwok/drone/ros2_ws/install/local_setup.bash'
[12.262s] INFO:colcon.colcon_core.shell:Creating prefix chain script '/home/aidankwok/drone/ros2_ws/install/setup.bash'
[12.267s] INFO:colcon.colcon_core.shell:Creating prefix script '/home/aidankwok/drone/ros2_ws/install/local_setup.zsh'
[12.269s] INFO:colcon.colcon_core.shell:Creating prefix chain script '/home/aidankwok/drone/ros2_ws/install/setup.zsh'
