[1.214s] DEBUG:colcon:Command line arguments: ['/usr/bin/colcon', 'build']
[1.214s] DEBUG:colcon:Parsed command line arguments: Namespace(log_base=None, log_level=None, verb_name='build', build_base='build', install_base='install', merge_install=False, symlink_install=False, test_result_base=None, continue_on_error=False, executor='parallel', parallel_workers=4, event_handlers=None, ignore_user_meta=False, metas=['./colcon.meta'], base_paths=['.'], packages_ignore=None, packages_ignore_regex=None, paths=None, packages_up_to=None, packages_up_to_regex=None, packages_above=None, packages_above_and_dependencies=None, packages_above_depth=None, packages_select_by_dep=None, packages_skip_by_dep=None, packages_skip_up_to=None, packages_select_build_failed=False, packages_skip_build_finished=False, packages_select_test_failures=False, packages_skip_test_passed=False, packages_select=None, packages_skip=None, packages_select_regex=None, packages_skip_regex=None, packages_start=None, packages_end=None, allow_overriding=[], cmake_args=None, cmake_target=None, cmake_target_skip_unavailable=False, cmake_clean_cache=False, cmake_clean_first=False, cmake_force_configure=False, ament_cmake_args=None, catkin_cmake_args=None, catkin_skip_building_tests=False, verb_parser=<colcon_defaults.argument_parser.defaults.DefaultArgumentsDecorator object at 0xffff875972b0>, verb_extension=<colcon_core.verb.build.BuildVerb object at 0xffff876d06a0>, main=<bound method BuildVerb.main of <colcon_core.verb.build.BuildVerb object at 0xffff876d06a0>>)
[2.431s] Level 1:colcon.colcon_core.package_discovery:discover_packages(colcon_meta) check parameters
[2.431s] Level 1:colcon.colcon_core.package_discovery:discover_packages(recursive) check parameters
[2.432s] Level 1:colcon.colcon_core.package_discovery:discover_packages(ignore) check parameters
[2.432s] Level 1:colcon.colcon_core.package_discovery:discover_packages(path) check parameters
[2.432s] Level 1:colcon.colcon_core.package_discovery:discover_packages(colcon_meta) discover
[2.432s] Level 1:colcon.colcon_core.package_discovery:discover_packages(recursive) discover
[2.433s] INFO:colcon.colcon_core.package_discovery:Crawling recursively for packages in '/home/aidankwok/drone/ros2_ws'
[2.433s] Level 1:colcon.colcon_core.package_identification:_identify(.) by extensions ['ignore', 'ignore_ament_install']
[2.434s] Level 1:colcon.colcon_core.package_identification:_identify(.) by extension 'ignore'
[2.434s] Level 1:colcon.colcon_core.package_identification:_identify(.) by extension 'ignore_ament_install'
[2.434s] Level 1:colcon.colcon_core.package_identification:_identify(.) by extensions ['colcon_pkg']
[2.434s] Level 1:colcon.colcon_core.package_identification:_identify(.) by extension 'colcon_pkg'
[2.435s] Level 1:colcon.colcon_core.package_identification:_identify(.) by extensions ['colcon_meta']
[2.435s] Level 1:colcon.colcon_core.package_identification:_identify(.) by extension 'colcon_meta'
[2.435s] Level 1:colcon.colcon_core.package_identification:_identify(.) by extensions ['ros']
[2.435s] Level 1:colcon.colcon_core.package_identification:_identify(.) by extension 'ros'
[2.591s] Level 1:colcon.colcon_core.package_identification:_identify(.) by extensions ['cmake', 'python']
[2.591s] Level 1:colcon.colcon_core.package_identification:_identify(.) by extension 'cmake'
[2.591s] Level 1:colcon.colcon_core.package_identification:_identify(.) by extension 'python'
[2.592s] Level 1:colcon.colcon_core.package_identification:_identify(.) by extensions ['python_setup_py']
[2.592s] Level 1:colcon.colcon_core.package_identification:_identify(.) by extension 'python_setup_py'
[2.593s] Level 1:colcon.colcon_core.package_identification:_identify(build) by extensions ['ignore', 'ignore_ament_install']
[2.593s] Level 1:colcon.colcon_core.package_identification:_identify(build) by extension 'ignore'
[2.594s] Level 1:colcon.colcon_core.package_identification:_identify(build) ignored
[2.595s] Level 1:colcon.colcon_core.package_identification:_identify(install) by extensions ['ignore', 'ignore_ament_install']
[2.595s] Level 1:colcon.colcon_core.package_identification:_identify(install) by extension 'ignore'
[2.596s] Level 1:colcon.colcon_core.package_identification:_identify(install) ignored
[2.596s] Level 1:colcon.colcon_core.package_identification:_identify(log) by extensions ['ignore', 'ignore_ament_install']
[2.597s] Level 1:colcon.colcon_core.package_identification:_identify(log) by extension 'ignore'
[2.597s] Level 1:colcon.colcon_core.package_identification:_identify(log) ignored
[2.597s] Level 1:colcon.colcon_core.package_identification:_identify(src) by extensions ['ignore', 'ignore_ament_install']
[2.598s] Level 1:colcon.colcon_core.package_identification:_identify(src) by extension 'ignore'
[2.598s] Level 1:colcon.colcon_core.package_identification:_identify(src) by extension 'ignore_ament_install'
[2.598s] Level 1:colcon.colcon_core.package_identification:_identify(src) by extensions ['colcon_pkg']
[2.599s] Level 1:colcon.colcon_core.package_identification:_identify(src) by extension 'colcon_pkg'
[2.599s] Level 1:colcon.colcon_core.package_identification:_identify(src) by extensions ['colcon_meta']
[2.599s] Level 1:colcon.colcon_core.package_identification:_identify(src) by extension 'colcon_meta'
[2.599s] Level 1:colcon.colcon_core.package_identification:_identify(src) by extensions ['ros']
[2.599s] Level 1:colcon.colcon_core.package_identification:_identify(src) by extension 'ros'
[2.600s] Level 1:colcon.colcon_core.package_identification:_identify(src) by extensions ['cmake', 'python']
[2.600s] Level 1:colcon.colcon_core.package_identification:_identify(src) by extension 'cmake'
[2.600s] Level 1:colcon.colcon_core.package_identification:_identify(src) by extension 'python'
[2.600s] Level 1:colcon.colcon_core.package_identification:_identify(src) by extensions ['python_setup_py']
[2.600s] Level 1:colcon.colcon_core.package_identification:_identify(src) by extension 'python_setup_py'
[2.601s] Level 1:colcon.colcon_core.package_identification:_identify(src/autonomy_py) by extensions ['ignore', 'ignore_ament_install']
[2.601s] Level 1:colcon.colcon_core.package_identification:_identify(src/autonomy_py) by extension 'ignore'
[2.601s] Level 1:colcon.colcon_core.package_identification:_identify(src/autonomy_py) by extension 'ignore_ament_install'
[2.602s] Level 1:colcon.colcon_core.package_identification:_identify(src/autonomy_py) by extensions ['colcon_pkg']
[2.602s] Level 1:colcon.colcon_core.package_identification:_identify(src/autonomy_py) by extension 'colcon_pkg'
[2.602s] Level 1:colcon.colcon_core.package_identification:_identify(src/autonomy_py) by extensions ['colcon_meta']
[2.602s] Level 1:colcon.colcon_core.package_identification:_identify(src/autonomy_py) by extension 'colcon_meta'
[2.602s] Level 1:colcon.colcon_core.package_identification:_identify(src/autonomy_py) by extensions ['ros']
[2.603s] Level 1:colcon.colcon_core.package_identification:_identify(src/autonomy_py) by extension 'ros'
[2.615s] DEBUG:colcon.colcon_core.package_identification:Package 'src/autonomy_py' with type 'ros.ament_python' and name 'autonomy_py'
[2.616s] Level 1:colcon.colcon_core.package_identification:_identify(src/drone_launch) by extensions ['ignore', 'ignore_ament_install']
[2.616s] Level 1:colcon.colcon_core.package_identification:_identify(src/drone_launch) by extension 'ignore'
[2.616s] Level 1:colcon.colcon_core.package_identification:_identify(src/drone_launch) by extension 'ignore_ament_install'
[2.617s] Level 1:colcon.colcon_core.package_identification:_identify(src/drone_launch) by extensions ['colcon_pkg']
[2.617s] Level 1:colcon.colcon_core.package_identification:_identify(src/drone_launch) by extension 'colcon_pkg'
[2.617s] Level 1:colcon.colcon_core.package_identification:_identify(src/drone_launch) by extensions ['colcon_meta']
[2.617s] Level 1:colcon.colcon_core.package_identification:_identify(src/drone_launch) by extension 'colcon_meta'
[2.617s] Level 1:colcon.colcon_core.package_identification:_identify(src/drone_launch) by extensions ['ros']
[2.618s] Level 1:colcon.colcon_core.package_identification:_identify(src/drone_launch) by extension 'ros'
[2.621s] DEBUG:colcon.colcon_core.package_identification:Package 'src/drone_launch' with type 'ros.ament_python' and name 'drone_launch'
[2.621s] Level 1:colcon.colcon_core.package_identification:_identify(src/rgb_camera_py) by extensions ['ignore', 'ignore_ament_install']
[2.622s] Level 1:colcon.colcon_core.package_identification:_identify(src/rgb_camera_py) by extension 'ignore'
[2.622s] Level 1:colcon.colcon_core.package_identification:_identify(src/rgb_camera_py) by extension 'ignore_ament_install'
[2.622s] Level 1:colcon.colcon_core.package_identification:_identify(src/rgb_camera_py) by extensions ['colcon_pkg']
[2.623s] Level 1:colcon.colcon_core.package_identification:_identify(src/rgb_camera_py) by extension 'colcon_pkg'
[2.623s] Level 1:colcon.colcon_core.package_identification:_identify(src/rgb_camera_py) by extensions ['colcon_meta']
[2.623s] Level 1:colcon.colcon_core.package_identification:_identify(src/rgb_camera_py) by extension 'colcon_meta'
[2.623s] Level 1:colcon.colcon_core.package_identification:_identify(src/rgb_camera_py) by extensions ['ros']
[2.623s] Level 1:colcon.colcon_core.package_identification:_identify(src/rgb_camera_py) by extension 'ros'
[2.626s] DEBUG:colcon.colcon_core.package_identification:Package 'src/rgb_camera_py' with type 'ros.ament_python' and name 'rgb_camera_py'
[2.626s] Level 1:colcon.colcon_core.package_discovery:discover_packages(recursive) using defaults
[2.627s] Level 1:colcon.colcon_core.package_discovery:discover_packages(ignore) discover
[2.627s] Level 1:colcon.colcon_core.package_discovery:discover_packages(ignore) using defaults
[2.627s] Level 1:colcon.colcon_core.package_discovery:discover_packages(path) discover
[2.627s] Level 1:colcon.colcon_core.package_discovery:discover_packages(path) using defaults
[2.788s] Level 1:colcon.colcon_core.package_discovery:discover_packages(prefix_path) check parameters
[2.789s] Level 1:colcon.colcon_core.package_discovery:discover_packages(prefix_path) discover
[2.808s] DEBUG:colcon.colcon_installed_package_information.package_discovery:Found 196 installed packages in /opt/ros/humble
[2.814s] Level 1:colcon.colcon_core.package_discovery:discover_packages(prefix_path) using defaults
[2.940s] Level 5:colcon.colcon_core.verb:set package 'autonomy_py' build argument 'cmake_args' from command line to 'None'
[2.940s] Level 5:colcon.colcon_core.verb:set package 'autonomy_py' build argument 'cmake_target' from command line to 'None'
[2.941s] Level 5:colcon.colcon_core.verb:set package 'autonomy_py' build argument 'cmake_target_skip_unavailable' from command line to 'False'
[2.941s] Level 5:colcon.colcon_core.verb:set package 'autonomy_py' build argument 'cmake_clean_cache' from command line to 'False'
[2.941s] Level 5:colcon.colcon_core.verb:set package 'autonomy_py' build argument 'cmake_clean_first' from command line to 'False'
[2.941s] Level 5:colcon.colcon_core.verb:set package 'autonomy_py' build argument 'cmake_force_configure' from command line to 'False'
[2.941s] Level 5:colcon.colcon_core.verb:set package 'autonomy_py' build argument 'ament_cmake_args' from command line to 'None'
[2.941s] Level 5:colcon.colcon_core.verb:set package 'autonomy_py' build argument 'catkin_cmake_args' from command line to 'None'
[2.941s] Level 5:colcon.colcon_core.verb:set package 'autonomy_py' build argument 'catkin_skip_building_tests' from command line to 'False'
[2.942s] DEBUG:colcon.colcon_core.verb:Building package 'autonomy_py' with the following arguments: {'ament_cmake_args': None, 'build_base': '/home/aidankwok/drone/ros2_ws/build/autonomy_py', 'catkin_cmake_args': None, 'catkin_skip_building_tests': False, 'cmake_args': None, 'cmake_clean_cache': False, 'cmake_clean_first': False, 'cmake_force_configure': False, 'cmake_target': None, 'cmake_target_skip_unavailable': False, 'install_base': '/home/aidankwok/drone/ros2_ws/install/autonomy_py', 'merge_install': False, 'path': '/home/aidankwok/drone/ros2_ws/src/autonomy_py', 'symlink_install': False, 'test_result_base': None}
[2.943s] Level 5:colcon.colcon_core.verb:set package 'rgb_camera_py' build argument 'cmake_args' from command line to 'None'
[2.944s] Level 5:colcon.colcon_core.verb:set package 'rgb_camera_py' build argument 'cmake_target' from command line to 'None'
[2.944s] Level 5:colcon.colcon_core.verb:set package 'rgb_camera_py' build argument 'cmake_target_skip_unavailable' from command line to 'False'
[2.944s] Level 5:colcon.colcon_core.verb:set package 'rgb_camera_py' build argument 'cmake_clean_cache' from command line to 'False'
[2.944s] Level 5:colcon.colcon_core.verb:set package 'rgb_camera_py' build argument 'cmake_clean_first' from command line to 'False'
[2.944s] Level 5:colcon.colcon_core.verb:set package 'rgb_camera_py' build argument 'cmake_force_configure' from command line to 'False'
[2.944s] Level 5:colcon.colcon_core.verb:set package 'rgb_camera_py' build argument 'ament_cmake_args' from command line to 'None'
[2.944s] Level 5:colcon.colcon_core.verb:set package 'rgb_camera_py' build argument 'catkin_cmake_args' from command line to 'None'
[2.944s] Level 5:colcon.colcon_core.verb:set package 'rgb_camera_py' build argument 'catkin_skip_building_tests' from command line to 'False'
[2.945s] DEBUG:colcon.colcon_core.verb:Building package 'rgb_camera_py' with the following arguments: {'ament_cmake_args': None, 'build_base': '/home/aidankwok/drone/ros2_ws/build/rgb_camera_py', 'catkin_cmake_args': None, 'catkin_skip_building_tests': False, 'cmake_args': None, 'cmake_clean_cache': False, 'cmake_clean_first': False, 'cmake_force_configure': False, 'cmake_target': None, 'cmake_target_skip_unavailable': False, 'install_base': '/home/aidankwok/drone/ros2_ws/install/rgb_camera_py', 'merge_install': False, 'path': '/home/aidankwok/drone/ros2_ws/src/rgb_camera_py', 'symlink_install': False, 'test_result_base': None}
[2.946s] Level 5:colcon.colcon_core.verb:set package 'drone_launch' build argument 'cmake_args' from command line to 'None'
[2.946s] Level 5:colcon.colcon_core.verb:set package 'drone_launch' build argument 'cmake_target' from command line to 'None'
[2.946s] Level 5:colcon.colcon_core.verb:set package 'drone_launch' build argument 'cmake_target_skip_unavailable' from command line to 'False'
[2.947s] Level 5:colcon.colcon_core.verb:set package 'drone_launch' build argument 'cmake_clean_cache' from command line to 'False'
[2.947s] Level 5:colcon.colcon_core.verb:set package 'drone_launch' build argument 'cmake_clean_first' from command line to 'False'
[2.947s] Level 5:colcon.colcon_core.verb:set package 'drone_launch' build argument 'cmake_force_configure' from command line to 'False'
[2.947s] Level 5:colcon.colcon_core.verb:set package 'drone_launch' build argument 'ament_cmake_args' from command line to 'None'
[2.947s] Level 5:colcon.colcon_core.verb:set package 'drone_launch' build argument 'catkin_cmake_args' from command line to 'None'
[2.947s] Level 5:colcon.colcon_core.verb:set package 'drone_launch' build argument 'catkin_skip_building_tests' from command line to 'False'
[2.947s] DEBUG:colcon.colcon_core.verb:Building package 'drone_launch' with the following arguments: {'ament_cmake_args': None, 'build_base': '/home/aidankwok/drone/ros2_ws/build/drone_launch', 'catkin_cmake_args': None, 'catkin_skip_building_tests': False, 'cmake_args': None, 'cmake_clean_cache': False, 'cmake_clean_first': False, 'cmake_force_configure': False, 'cmake_target': None, 'cmake_target_skip_unavailable': False, 'install_base': '/home/aidankwok/drone/ros2_ws/install/drone_launch', 'merge_install': False, 'path': '/home/aidankwok/drone/ros2_ws/src/drone_launch', 'symlink_install': False, 'test_result_base': None}
[2.948s] INFO:colcon.colcon_core.executor:Executing jobs using 'parallel' executor
[2.951s] DEBUG:colcon.colcon_parallel_executor.executor.parallel:run_until_complete
[2.952s] INFO:colcon.colcon_ros.task.ament_python.build:Building ROS package in '/home/aidankwok/drone/ros2_ws/src/autonomy_py' with build type 'ament_python'
[2.953s] Level 1:colcon.colcon_core.shell:create_environment_hook('autonomy_py', 'ament_prefix_path')
[2.975s] INFO:colcon.colcon_core.plugin_system:Skipping extension 'colcon_core.shell.bat': Not used on non-Windows systems
[2.976s] INFO:colcon.colcon_core.shell:Creating environment hook '/home/aidankwok/drone/ros2_ws/install/autonomy_py/share/autonomy_py/hook/ament_prefix_path.ps1'
[2.981s] INFO:colcon.colcon_core.shell:Creating environment descriptor '/home/aidankwok/drone/ros2_ws/install/autonomy_py/share/autonomy_py/hook/ament_prefix_path.dsv'
[2.987s] INFO:colcon.colcon_core.shell:Creating environment hook '/home/aidankwok/drone/ros2_ws/install/autonomy_py/share/autonomy_py/hook/ament_prefix_path.sh'
[2.993s] INFO:colcon.colcon_core.shell:Skip shell extension 'powershell' for command environment: Not usable outside of PowerShell
[2.994s] DEBUG:colcon.colcon_core.shell:Skip shell extension 'dsv' for command environment
[3.008s] INFO:colcon.colcon_ros.task.ament_python.build:Building ROS package in '/home/aidankwok/drone/ros2_ws/src/rgb_camera_py' with build type 'ament_python'
[3.009s] Level 1:colcon.colcon_core.shell:create_environment_hook('rgb_camera_py', 'ament_prefix_path')
[3.011s] INFO:colcon.colcon_core.shell:Creating environment hook '/home/aidankwok/drone/ros2_ws/install/rgb_camera_py/share/rgb_camera_py/hook/ament_prefix_path.ps1'
[3.014s] INFO:colcon.colcon_core.shell:Creating environment descriptor '/home/aidankwok/drone/ros2_ws/install/rgb_camera_py/share/rgb_camera_py/hook/ament_prefix_path.dsv'
[3.016s] INFO:colcon.colcon_core.shell:Creating environment hook '/home/aidankwok/drone/ros2_ws/install/rgb_camera_py/share/rgb_camera_py/hook/ament_prefix_path.sh'
[3.019s] INFO:colcon.colcon_core.shell:Skip shell extension 'powershell' for command environment: Not usable outside of PowerShell
[3.020s] DEBUG:colcon.colcon_core.shell:Skip shell extension 'dsv' for command environment
[4.220s] INFO:colcon.colcon_core.task.python.build:Building Python package in '/home/aidankwok/drone/ros2_ws/src/autonomy_py'
[4.221s] INFO:colcon.colcon_core.shell:Skip shell extension 'powershell' for command environment: Not usable outside of PowerShell
[4.221s] DEBUG:colcon.colcon_core.shell:Skip shell extension 'dsv' for command environment
[5.420s] INFO:colcon.colcon_core.task.python.build:Building Python package in '/home/aidankwok/drone/ros2_ws/src/rgb_camera_py'
[5.421s] INFO:colcon.colcon_core.shell:Skip shell extension 'powershell' for command environment: Not usable outside of PowerShell
[5.421s] DEBUG:colcon.colcon_core.shell:Skip shell extension 'dsv' for command environment
[7.942s] DEBUG:colcon.colcon_core.event_handler.log_command:Invoking command in '/home/aidankwok/drone/ros2_ws/src/rgb_camera_py': PYTHONPATH=/home/aidankwok/drone/ros2_ws/build/rgb_camera_py/prefix_override:/usr/lib/python3/dist-packages/colcon_core/task/python/colcon_distutils_commands:/home/aidankwok/drone/ros2_ws/install/rgb_camera_py/lib/python3.10/site-packages:${PYTHONPATH} /usr/bin/python3 -W ignore:setup.py install is deprecated -W ignore:easy_install command is deprecated setup.py egg_info --egg-base ../../build/rgb_camera_py build --build-base /home/aidankwok/drone/ros2_ws/build/rgb_camera_py/build install --record /home/aidankwok/drone/ros2_ws/build/rgb_camera_py/install.log --single-version-externally-managed install_data
[7.963s] DEBUG:colcon.colcon_core.event_handler.log_command:Invoking command in '/home/aidankwok/drone/ros2_ws/src/autonomy_py': PYTHONPATH=/home/aidankwok/drone/ros2_ws/build/autonomy_py/prefix_override:/usr/lib/python3/dist-packages/colcon_core/task/python/colcon_distutils_commands:/home/aidankwok/drone/ros2_ws/install/autonomy_py/lib/python3.10/site-packages:${PYTHONPATH} /usr/bin/python3 -W ignore:setup.py install is deprecated -W ignore:easy_install command is deprecated setup.py egg_info --egg-base ../../build/autonomy_py build --build-base /home/aidankwok/drone/ros2_ws/build/autonomy_py/build install --record /home/aidankwok/drone/ros2_ws/build/autonomy_py/install.log --single-version-externally-managed install_data
[9.583s] DEBUG:colcon.colcon_core.event_handler.log_command:Invoked command in '/home/aidankwok/drone/ros2_ws/src/rgb_camera_py' returned '0': PYTHONPATH=/home/aidankwok/drone/ros2_ws/build/rgb_camera_py/prefix_override:/usr/lib/python3/dist-packages/colcon_core/task/python/colcon_distutils_commands:/home/aidankwok/drone/ros2_ws/install/rgb_camera_py/lib/python3.10/site-packages:${PYTHONPATH} /usr/bin/python3 -W ignore:setup.py install is deprecated -W ignore:easy_install command is deprecated setup.py egg_info --egg-base ../../build/rgb_camera_py build --build-base /home/aidankwok/drone/ros2_ws/build/rgb_camera_py/build install --record /home/aidankwok/drone/ros2_ws/build/rgb_camera_py/install.log --single-version-externally-managed install_data
[9.926s] Level 1:colcon.colcon_core.environment:checking '/home/aidankwok/drone/ros2_ws/install/rgb_camera_py' for CMake module files
[9.929s] Level 1:colcon.colcon_core.environment:checking '/home/aidankwok/drone/ros2_ws/install/rgb_camera_py' for CMake config files
[9.933s] Level 1:colcon.colcon_core.environment:checking '/home/aidankwok/drone/ros2_ws/install/rgb_camera_py/lib'
[9.934s] Level 1:colcon.colcon_core.environment:checking '/home/aidankwok/drone/ros2_ws/install/rgb_camera_py/bin'
[9.934s] Level 1:colcon.colcon_core.environment:checking '/home/aidankwok/drone/ros2_ws/install/rgb_camera_py/lib/pkgconfig/rgb_camera_py.pc'
[9.935s] Level 1:colcon.colcon_core.environment:checking '/home/aidankwok/drone/ros2_ws/install/rgb_camera_py/lib/python3.10/site-packages'
[9.936s] Level 1:colcon.colcon_core.shell:create_environment_hook('rgb_camera_py', 'pythonpath')
[9.937s] INFO:colcon.colcon_core.shell:Creating environment hook '/home/aidankwok/drone/ros2_ws/install/rgb_camera_py/share/rgb_camera_py/hook/pythonpath.ps1'
[9.939s] INFO:colcon.colcon_core.shell:Creating environment descriptor '/home/aidankwok/drone/ros2_ws/install/rgb_camera_py/share/rgb_camera_py/hook/pythonpath.dsv'
[9.941s] INFO:colcon.colcon_core.shell:Creating environment hook '/home/aidankwok/drone/ros2_ws/install/rgb_camera_py/share/rgb_camera_py/hook/pythonpath.sh'
[9.944s] Level 1:colcon.colcon_core.environment:checking '/home/aidankwok/drone/ros2_ws/install/rgb_camera_py/bin'
[9.944s] Level 1:colcon.colcon_core.environment:create_environment_scripts_only(rgb_camera_py)
[9.946s] INFO:colcon.colcon_core.shell:Creating package script '/home/aidankwok/drone/ros2_ws/install/rgb_camera_py/share/rgb_camera_py/package.ps1'
[9.950s] INFO:colcon.colcon_core.shell:Creating package descriptor '/home/aidankwok/drone/ros2_ws/install/rgb_camera_py/share/rgb_camera_py/package.dsv'
[9.953s] INFO:colcon.colcon_core.shell:Creating package script '/home/aidankwok/drone/ros2_ws/install/rgb_camera_py/share/rgb_camera_py/package.sh'
[9.957s] INFO:colcon.colcon_core.shell:Creating package script '/home/aidankwok/drone/ros2_ws/install/rgb_camera_py/share/rgb_camera_py/package.bash'
[9.961s] INFO:colcon.colcon_core.shell:Creating package script '/home/aidankwok/drone/ros2_ws/install/rgb_camera_py/share/rgb_camera_py/package.zsh'
[9.966s] Level 1:colcon.colcon_core.environment:create_file_with_runtime_dependencies(/home/aidankwok/drone/ros2_ws/install/rgb_camera_py/share/colcon-core/packages/rgb_camera_py)
[9.971s] Level 1:colcon.colcon_core.environment:checking '/home/aidankwok/drone/ros2_ws/install/autonomy_py' for CMake module files
[9.974s] DEBUG:colcon.colcon_core.event_handler.log_command:Invoked command in '/home/aidankwok/drone/ros2_ws/src/autonomy_py' returned '0': PYTHONPATH=/home/aidankwok/drone/ros2_ws/build/autonomy_py/prefix_override:/usr/lib/python3/dist-packages/colcon_core/task/python/colcon_distutils_commands:/home/aidankwok/drone/ros2_ws/install/autonomy_py/lib/python3.10/site-packages:${PYTHONPATH} /usr/bin/python3 -W ignore:setup.py install is deprecated -W ignore:easy_install command is deprecated setup.py egg_info --egg-base ../../build/autonomy_py build --build-base /home/aidankwok/drone/ros2_ws/build/autonomy_py/build install --record /home/aidankwok/drone/ros2_ws/build/autonomy_py/install.log --single-version-externally-managed install_data
[9.977s] Level 1:colcon.colcon_core.environment:checking '/home/aidankwok/drone/ros2_ws/install/autonomy_py' for CMake config files
[9.981s] Level 1:colcon.colcon_core.environment:checking '/home/aidankwok/drone/ros2_ws/install/autonomy_py/lib'
[9.982s] Level 1:colcon.colcon_core.environment:checking '/home/aidankwok/drone/ros2_ws/install/autonomy_py/bin'
[9.982s] Level 1:colcon.colcon_core.environment:checking '/home/aidankwok/drone/ros2_ws/install/autonomy_py/lib/pkgconfig/autonomy_py.pc'
[9.983s] Level 1:colcon.colcon_core.environment:checking '/home/aidankwok/drone/ros2_ws/install/autonomy_py/lib/python3.10/site-packages'
[9.984s] Level 1:colcon.colcon_core.shell:create_environment_hook('autonomy_py', 'pythonpath')
[9.985s] INFO:colcon.colcon_core.shell:Creating environment hook '/home/aidankwok/drone/ros2_ws/install/autonomy_py/share/autonomy_py/hook/pythonpath.ps1'
[9.987s] INFO:colcon.colcon_core.shell:Creating environment descriptor '/home/aidankwok/drone/ros2_ws/install/autonomy_py/share/autonomy_py/hook/pythonpath.dsv'
[9.990s] INFO:colcon.colcon_core.shell:Creating environment hook '/home/aidankwok/drone/ros2_ws/install/autonomy_py/share/autonomy_py/hook/pythonpath.sh'
[9.994s] Level 1:colcon.colcon_core.environment:checking '/home/aidankwok/drone/ros2_ws/install/autonomy_py/bin'
[9.995s] Level 1:colcon.colcon_core.environment:create_environment_scripts_only(autonomy_py)
[9.996s] INFO:colcon.colcon_core.shell:Creating package script '/home/aidankwok/drone/ros2_ws/install/autonomy_py/share/autonomy_py/package.ps1'
[10.000s] INFO:colcon.colcon_core.shell:Creating package descriptor '/home/aidankwok/drone/ros2_ws/install/autonomy_py/share/autonomy_py/package.dsv'
[10.003s] INFO:colcon.colcon_core.shell:Creating package script '/home/aidankwok/drone/ros2_ws/install/autonomy_py/share/autonomy_py/package.sh'
[10.006s] INFO:colcon.colcon_core.shell:Creating package script '/home/aidankwok/drone/ros2_ws/install/autonomy_py/share/autonomy_py/package.bash'
[10.008s] INFO:colcon.colcon_core.shell:Creating package script '/home/aidankwok/drone/ros2_ws/install/autonomy_py/share/autonomy_py/package.zsh'
[10.010s] Level 1:colcon.colcon_core.environment:create_file_with_runtime_dependencies(/home/aidankwok/drone/ros2_ws/install/autonomy_py/share/colcon-core/packages/autonomy_py)
[10.011s] INFO:colcon.colcon_ros.task.ament_python.build:Building ROS package in '/home/aidankwok/drone/ros2_ws/src/drone_launch' with build type 'ament_python'
[10.012s] Level 1:colcon.colcon_core.shell:create_environment_hook('drone_launch', 'ament_prefix_path')
[10.013s] INFO:colcon.colcon_core.shell:Creating environment hook '/home/aidankwok/drone/ros2_ws/install/drone_launch/share/drone_launch/hook/ament_prefix_path.ps1'
[10.016s] INFO:colcon.colcon_core.shell:Creating environment descriptor '/home/aidankwok/drone/ros2_ws/install/drone_launch/share/drone_launch/hook/ament_prefix_path.dsv'
[10.018s] INFO:colcon.colcon_core.shell:Creating environment hook '/home/aidankwok/drone/ros2_ws/install/drone_launch/share/drone_launch/hook/ament_prefix_path.sh'
[10.022s] INFO:colcon.colcon_core.shell:Skip shell extension 'powershell' for command environment: Not usable outside of PowerShell
[10.022s] DEBUG:colcon.colcon_core.shell:Skip shell extension 'dsv' for command environment
[11.245s] INFO:colcon.colcon_core.task.python.build:Building Python package in '/home/aidankwok/drone/ros2_ws/src/drone_launch'
[11.246s] INFO:colcon.colcon_core.shell:Skip shell extension 'powershell' for command environment: Not usable outside of PowerShell
[11.246s] DEBUG:colcon.colcon_core.shell:Skip shell extension 'dsv' for command environment
[12.918s] DEBUG:colcon.colcon_core.event_handler.log_command:Invoking command in '/home/aidankwok/drone/ros2_ws/src/drone_launch': AMENT_PREFIX_PATH=/home/aidankwok/drone/ros2_ws/install/autonomy_py:${AMENT_PREFIX_PATH} PYTHONPATH=/home/aidankwok/drone/ros2_ws/build/drone_launch/prefix_override:/usr/lib/python3/dist-packages/colcon_core/task/python/colcon_distutils_commands:/home/aidankwok/drone/ros2_ws/install/drone_launch/lib/python3.10/site-packages:/home/aidankwok/drone/ros2_ws/install/autonomy_py/lib/python3.10/site-packages:${PYTHONPATH} /usr/bin/python3 -W ignore:setup.py install is deprecated -W ignore:easy_install command is deprecated setup.py egg_info --egg-base ../../build/drone_launch build --build-base /home/aidankwok/drone/ros2_ws/build/drone_launch/build install --record /home/aidankwok/drone/ros2_ws/build/drone_launch/install.log --single-version-externally-managed install_data
[14.298s] Level 1:colcon.colcon_core.environment:checking '/home/aidankwok/drone/ros2_ws/install/drone_launch' for CMake module files
[14.300s] DEBUG:colcon.colcon_core.event_handler.log_command:Invoked command in '/home/aidankwok/drone/ros2_ws/src/drone_launch' returned '0': AMENT_PREFIX_PATH=/home/aidankwok/drone/ros2_ws/install/autonomy_py:${AMENT_PREFIX_PATH} PYTHONPATH=/home/aidankwok/drone/ros2_ws/build/drone_launch/prefix_override:/usr/lib/python3/dist-packages/colcon_core/task/python/colcon_distutils_commands:/home/aidankwok/drone/ros2_ws/install/drone_launch/lib/python3.10/site-packages:/home/aidankwok/drone/ros2_ws/install/autonomy_py/lib/python3.10/site-packages:${PYTHONPATH} /usr/bin/python3 -W ignore:setup.py install is deprecated -W ignore:easy_install command is deprecated setup.py egg_info --egg-base ../../build/drone_launch build --build-base /home/aidankwok/drone/ros2_ws/build/drone_launch/build install --record /home/aidankwok/drone/ros2_ws/build/drone_launch/install.log --single-version-externally-managed install_data
[14.302s] Level 1:colcon.colcon_core.environment:checking '/home/aidankwok/drone/ros2_ws/install/drone_launch' for CMake config files
[14.306s] Level 1:colcon.colcon_core.environment:checking '/home/aidankwok/drone/ros2_ws/install/drone_launch/lib'
[14.306s] Level 1:colcon.colcon_core.environment:checking '/home/aidankwok/drone/ros2_ws/install/drone_launch/bin'
[14.307s] Level 1:colcon.colcon_core.environment:checking '/home/aidankwok/drone/ros2_ws/install/drone_launch/lib/pkgconfig/drone_launch.pc'
[14.308s] Level 1:colcon.colcon_core.environment:checking '/home/aidankwok/drone/ros2_ws/install/drone_launch/lib/python3.10/site-packages'
[14.308s] Level 1:colcon.colcon_core.shell:create_environment_hook('drone_launch', 'pythonpath')
[14.309s] INFO:colcon.colcon_core.shell:Creating environment hook '/home/aidankwok/drone/ros2_ws/install/drone_launch/share/drone_launch/hook/pythonpath.ps1'
[14.312s] INFO:colcon.colcon_core.shell:Creating environment descriptor '/home/aidankwok/drone/ros2_ws/install/drone_launch/share/drone_launch/hook/pythonpath.dsv'
[14.314s] INFO:colcon.colcon_core.shell:Creating environment hook '/home/aidankwok/drone/ros2_ws/install/drone_launch/share/drone_launch/hook/pythonpath.sh'
[14.317s] Level 1:colcon.colcon_core.environment:checking '/home/aidankwok/drone/ros2_ws/install/drone_launch/bin'
[14.318s] Level 1:colcon.colcon_core.environment:create_environment_scripts_only(drone_launch)
[14.319s] INFO:colcon.colcon_core.shell:Creating package script '/home/aidankwok/drone/ros2_ws/install/drone_launch/share/drone_launch/package.ps1'
[14.322s] INFO:colcon.colcon_core.shell:Creating package descriptor '/home/aidankwok/drone/ros2_ws/install/drone_launch/share/drone_launch/package.dsv'
[14.324s] INFO:colcon.colcon_core.shell:Creating package script '/home/aidankwok/drone/ros2_ws/install/drone_launch/share/drone_launch/package.sh'
[14.326s] INFO:colcon.colcon_core.shell:Creating package script '/home/aidankwok/drone/ros2_ws/install/drone_launch/share/drone_launch/package.bash'
[14.328s] INFO:colcon.colcon_core.shell:Creating package script '/home/aidankwok/drone/ros2_ws/install/drone_launch/share/drone_launch/package.zsh'
[14.331s] Level 1:colcon.colcon_core.environment:create_file_with_runtime_dependencies(/home/aidankwok/drone/ros2_ws/install/drone_launch/share/colcon-core/packages/drone_launch)
[14.332s] DEBUG:colcon.colcon_parallel_executor.executor.parallel:closing loop
[14.334s] DEBUG:colcon.colcon_parallel_executor.executor.parallel:loop closed
[14.334s] DEBUG:colcon.colcon_parallel_executor.executor.parallel:run_until_complete finished with '0'
[14.336s] DEBUG:colcon.colcon_core.event_reactor:joining thread
[14.373s] INFO:colcon.colcon_core.plugin_system:Skipping extension 'colcon_notification.desktop_notification.notify_send': Could not find 'notify-send'
[14.374s] INFO:colcon.colcon_core.plugin_system:Skipping extension 'colcon_notification.desktop_notification.terminal_notifier': Not used on non-Darwin systems
[14.374s] INFO:colcon.colcon_core.plugin_system:Skipping extension 'colcon_notification.desktop_notification.win32': Not used on non-Windows systems
[14.375s] INFO:colcon.colcon_notification.desktop_notification:Sending desktop notification using 'notify2'
[14.405s] DEBUG:colcon.colcon_notification.desktop_notification.notify2:Failed to initialize notify2: org.freedesktop.DBus.Error.ServiceUnknown: The name org.freedesktop.Notifications was not provided by any .service files
[14.405s] DEBUG:colcon.colcon_core.event_reactor:joined thread
[14.407s] INFO:colcon.colcon_core.shell:Creating prefix script '/home/aidankwok/drone/ros2_ws/install/local_setup.ps1'
[14.413s] INFO:colcon.colcon_core.shell:Creating prefix util module '/home/aidankwok/drone/ros2_ws/install/_local_setup_util_ps1.py'
[14.421s] INFO:colcon.colcon_core.shell:Creating prefix chain script '/home/aidankwok/drone/ros2_ws/install/setup.ps1'
[14.427s] INFO:colcon.colcon_core.shell:Creating prefix script '/home/aidankwok/drone/ros2_ws/install/local_setup.sh'
[14.431s] INFO:colcon.colcon_core.shell:Creating prefix util module '/home/aidankwok/drone/ros2_ws/install/_local_setup_util_sh.py'
[14.434s] INFO:colcon.colcon_core.shell:Creating prefix chain script '/home/aidankwok/drone/ros2_ws/install/setup.sh'
[14.439s] INFO:colcon.colcon_core.shell:Creating prefix script '/home/aidankwok/drone/ros2_ws/install/local_setup.bash'
[14.443s] INFO:colcon.colcon_core.shell:Creating prefix chain script '/home/aidankwok/drone/ros2_ws/install/setup.bash'
[14.447s] INFO:colcon.colcon_core.shell:Creating prefix script '/home/aidankwok/drone/ros2_ws/install/local_setup.zsh'
[14.451s] INFO:colcon.colcon_core.shell:Creating prefix chain script '/home/aidankwok/drone/ros2_ws/install/setup.zsh'
