[4.831s] Invoking command in '/home/aidankwok/drone/ros2_ws/src/autonomy_py': PYTHONPATH=/home/aidankwok/drone/ros2_ws/build/autonomy_py/prefix_override:/usr/lib/python3/dist-packages/colcon_core/task/python/colcon_distutils_commands:/home/aidankwok/drone/ros2_ws/install/autonomy_py/lib/python3.10/site-packages:${PYTHONPATH} /usr/bin/python3 -W ignore:setup.py install is deprecated -W ignore:easy_install command is deprecated setup.py egg_info --egg-base ../../build/autonomy_py build --build-base /home/aidankwok/drone/ros2_ws/build/autonomy_py/build install --record /home/aidankwok/drone/ros2_ws/build/autonomy_py/install.log --single-version-externally-managed install_data
[6.120s] running egg_info
[6.123s] writing ../../build/autonomy_py/autonomy_py.egg-info/PKG-INFO
[6.125s] writing dependency_links to ../../build/autonomy_py/autonomy_py.egg-info/dependency_links.txt
[6.126s] writing entry points to ../../build/autonomy_py/autonomy_py.egg-info/entry_points.txt
[6.127s] writing requirements to ../../build/autonomy_py/autonomy_py.egg-info/requires.txt
[6.128s] writing top-level names to ../../build/autonomy_py/autonomy_py.egg-info/top_level.txt
[6.138s] reading manifest file '../../build/autonomy_py/autonomy_py.egg-info/SOURCES.txt'
[6.143s] writing manifest file '../../build/autonomy_py/autonomy_py.egg-info/SOURCES.txt'
[6.143s] running build
[6.145s] running build_py
[6.146s] running install
[6.147s] running install_lib
[6.156s] running install_data
[6.157s] running install_egg_info
[6.166s] removing '/home/aidankwok/drone/ros2_ws/install/autonomy_py/lib/python3.10/site-packages/autonomy_py-0.0.0-py3.10.egg-info' (and everything under it)
[6.168s] Copying ../../build/autonomy_py/autonomy_py.egg-info to /home/aidankwok/drone/ros2_ws/install/autonomy_py/lib/python3.10/site-packages/autonomy_py-0.0.0-py3.10.egg-info
[6.179s] running install_scripts
[6.299s] Installing drone_hover script to /home/aidankwok/drone/ros2_ws/install/autonomy_py/lib/autonomy_py
[6.304s] writing list of installed files to '/home/aidankwok/drone/ros2_ws/build/autonomy_py/install.log'
[6.487s] Invoked command in '/home/aidankwok/drone/ros2_ws/src/autonomy_py' returned '0': PYTHONPATH=/home/aidankwok/drone/ros2_ws/build/autonomy_py/prefix_override:/usr/lib/python3/dist-packages/colcon_core/task/python/colcon_distutils_commands:/home/aidankwok/drone/ros2_ws/install/autonomy_py/lib/python3.10/site-packages:${PYTHONPATH} /usr/bin/python3 -W ignore:setup.py install is deprecated -W ignore:easy_install command is deprecated setup.py egg_info --egg-base ../../build/autonomy_py build --build-base /home/aidankwok/drone/ros2_ws/build/autonomy_py/build install --record /home/aidankwok/drone/ros2_ws/build/autonomy_py/install.log --single-version-externally-managed install_data
