[2.891s] Invoking command in '/home/aidankwok/drone/ros2_ws/src/autonomy_py': PYTHONPATH=/home/aidankwok/drone/ros2_ws/build/autonomy_py/prefix_override:/usr/lib/python3/dist-packages/colcon_core/task/python/colcon_distutils_commands:/home/aidankwok/drone/ros2_ws/install/autonomy_py/lib/python3.10/site-packages:${PYTHONPATH} /usr/bin/python3 -W ignore:setup.py install is deprecated -W ignore:easy_install command is deprecated setup.py egg_info --egg-base ../../build/autonomy_py build --build-base /home/aidankwok/drone/ros2_ws/build/autonomy_py/build install --record /home/aidankwok/drone/ros2_ws/build/autonomy_py/install.log --single-version-externally-managed install_data
[3.982s] running egg_info
[3.984s] creating ../../build/autonomy_py/autonomy_py.egg-info
[3.985s] writing ../../build/autonomy_py/autonomy_py.egg-info/PKG-INFO
[3.987s] writing dependency_links to ../../build/autonomy_py/autonomy_py.egg-info/dependency_links.txt
[3.988s] writing entry points to ../../build/autonomy_py/autonomy_py.egg-info/entry_points.txt
[3.988s] writing requirements to ../../build/autonomy_py/autonomy_py.egg-info/requires.txt
[3.990s] writing top-level names to ../../build/autonomy_py/autonomy_py.egg-info/top_level.txt
[3.990s] writing manifest file '../../build/autonomy_py/autonomy_py.egg-info/SOURCES.txt'
[3.997s] reading manifest file '../../build/autonomy_py/autonomy_py.egg-info/SOURCES.txt'
[4.000s] writing manifest file '../../build/autonomy_py/autonomy_py.egg-info/SOURCES.txt'
[4.001s] running build
[4.002s] running build_py
[4.003s] creating /home/aidankwok/drone/ros2_ws/build/autonomy_py/build
[4.004s] creating /home/aidankwok/drone/ros2_ws/build/autonomy_py/build/lib
[4.004s] creating /home/aidankwok/drone/ros2_ws/build/autonomy_py/build/lib/autonomy_py
[4.004s] copying autonomy_py/__init__.py -> /home/aidankwok/drone/ros2_ws/build/autonomy_py/build/lib/autonomy_py
[4.005s] copying autonomy_py/drone_hover.py -> /home/aidankwok/drone/ros2_ws/build/autonomy_py/build/lib/autonomy_py
[4.005s] running install
[4.006s] running install_lib
[4.010s] creating /home/aidankwok/drone/ros2_ws/install/autonomy_py/lib/python3.10/site-packages/autonomy_py
[4.011s] copying /home/aidankwok/drone/ros2_ws/build/autonomy_py/build/lib/autonomy_py/__init__.py -> /home/aidankwok/drone/ros2_ws/install/autonomy_py/lib/python3.10/site-packages/autonomy_py
[4.011s] copying /home/aidankwok/drone/ros2_ws/build/autonomy_py/build/lib/autonomy_py/drone_hover.py -> /home/aidankwok/drone/ros2_ws/install/autonomy_py/lib/python3.10/site-packages/autonomy_py
[4.013s] byte-compiling /home/aidankwok/drone/ros2_ws/install/autonomy_py/lib/python3.10/site-packages/autonomy_py/__init__.py to __init__.cpython-310.pyc
[4.015s] byte-compiling /home/aidankwok/drone/ros2_ws/install/autonomy_py/lib/python3.10/site-packages/autonomy_py/drone_hover.py to drone_hover.cpython-310.pyc
[4.018s] running install_data
[4.019s] creating /home/aidankwok/drone/ros2_ws/install/autonomy_py/share/ament_index
[4.019s] creating /home/aidankwok/drone/ros2_ws/install/autonomy_py/share/ament_index/resource_index
[4.020s] creating /home/aidankwok/drone/ros2_ws/install/autonomy_py/share/ament_index/resource_index/packages
[4.020s] copying resource/autonomy_py -> /home/aidankwok/drone/ros2_ws/install/autonomy_py/share/ament_index/resource_index/packages
[4.021s] copying package.xml -> /home/aidankwok/drone/ros2_ws/install/autonomy_py/share/autonomy_py
[4.021s] running install_egg_info
[4.028s] Copying ../../build/autonomy_py/autonomy_py.egg-info to /home/aidankwok/drone/ros2_ws/install/autonomy_py/lib/python3.10/site-packages/autonomy_py-0.0.0-py3.10.egg-info
[4.034s] running install_scripts
[4.114s] Installing drone_hover script to /home/aidankwok/drone/ros2_ws/install/autonomy_py/lib/autonomy_py
[4.116s] writing list of installed files to '/home/aidankwok/drone/ros2_ws/build/autonomy_py/install.log'
[4.235s] Invoked command in '/home/aidankwok/drone/ros2_ws/src/autonomy_py' returned '0': PYTHONPATH=/home/aidankwok/drone/ros2_ws/build/autonomy_py/prefix_override:/usr/lib/python3/dist-packages/colcon_core/task/python/colcon_distutils_commands:/home/aidankwok/drone/ros2_ws/install/autonomy_py/lib/python3.10/site-packages:${PYTHONPATH} /usr/bin/python3 -W ignore:setup.py install is deprecated -W ignore:easy_install command is deprecated setup.py egg_info --egg-base ../../build/autonomy_py build --build-base /home/aidankwok/drone/ros2_ws/build/autonomy_py/build install --record /home/aidankwok/drone/ros2_ws/build/autonomy_py/install.log --single-version-externally-managed install_data
