running egg_info
writing ../../build/autonomy_py/autonomy_py.egg-info/PKG-INFO
writing dependency_links to ../../build/autonomy_py/autonomy_py.egg-info/dependency_links.txt
writing entry points to ../../build/autonomy_py/autonomy_py.egg-info/entry_points.txt
writing requirements to ../../build/autonomy_py/autonomy_py.egg-info/requires.txt
writing top-level names to ../../build/autonomy_py/autonomy_py.egg-info/top_level.txt
reading manifest file '../../build/autonomy_py/autonomy_py.egg-info/SOURCES.txt'
writing manifest file '../../build/autonomy_py/autonomy_py.egg-info/SOURCES.txt'
running build
running build_py
creating /home/aidankwok/drone/ros2_ws/build/autonomy_py/build/lib/src
copying src/__init__.py -> /home/aidankwok/drone/ros2_ws/build/autonomy_py/build/lib/src
copying src/drone_hover.py -> /home/aidankwok/drone/ros2_ws/build/autonomy_py/build/lib/src
running install
running install_lib
creating /home/aidankwok/drone/ros2_ws/install/autonomy_py/lib/python3.10/site-packages/src
copying /home/aidankwok/drone/ros2_ws/build/autonomy_py/build/lib/src/__init__.py -> /home/aidankwok/drone/ros2_ws/install/autonomy_py/lib/python3.10/site-packages/src
copying /home/aidankwok/drone/ros2_ws/build/autonomy_py/build/lib/src/drone_hover.py -> /home/aidankwok/drone/ros2_ws/install/autonomy_py/lib/python3.10/site-packages/src
byte-compiling /home/aidankwok/drone/ros2_ws/install/autonomy_py/lib/python3.10/site-packages/src/__init__.py to __init__.cpython-310.pyc
byte-compiling /home/aidankwok/drone/ros2_ws/install/autonomy_py/lib/python3.10/site-packages/src/drone_hover.py to drone_hover.cpython-310.pyc
running install_data
running install_egg_info
removing '/home/aidankwok/drone/ros2_ws/install/autonomy_py/lib/python3.10/site-packages/autonomy_py-0.0.0-py3.10.egg-info' (and everything under it)
Copying ../../build/autonomy_py/autonomy_py.egg-info to /home/aidankwok/drone/ros2_ws/install/autonomy_py/lib/python3.10/site-packages/autonomy_py-0.0.0-py3.10.egg-info
running install_scripts
Installing drone_hover script to /home/aidankwok/drone/ros2_ws/install/autonomy_py/lib/autonomy_py
writing list of installed files to '/home/aidankwok/drone/ros2_ws/build/autonomy_py/install.log'
