[3.509s] Invoking command in '/home/aidankwok/drone/ros2_ws/src/autonomy_py': PYTHONPATH=/home/aidankwok/drone/ros2_ws/build/autonomy_py/prefix_override:/usr/lib/python3/dist-packages/colcon_core/task/python/colcon_distutils_commands:/home/aidankwok/drone/ros2_ws/install/autonomy_py/lib/python3.10/site-packages:${PYTHONPATH} /usr/bin/python3 -W ignore:setup.py install is deprecated -W ignore:easy_install command is deprecated setup.py egg_info --egg-base ../../build/autonomy_py build --build-base /home/aidankwok/drone/ros2_ws/build/autonomy_py/build install --record /home/aidankwok/drone/ros2_ws/build/autonomy_py/install.log --single-version-externally-managed install_data
[4.636s] running egg_info
[4.640s] writing ../../build/autonomy_py/autonomy_py.egg-info/PKG-INFO
[4.641s] writing dependency_links to ../../build/autonomy_py/autonomy_py.egg-info/dependency_links.txt
[4.642s] writing entry points to ../../build/autonomy_py/autonomy_py.egg-info/entry_points.txt
[4.643s] writing requirements to ../../build/autonomy_py/autonomy_py.egg-info/requires.txt
[4.643s] writing top-level names to ../../build/autonomy_py/autonomy_py.egg-info/top_level.txt
[4.651s] reading manifest file '../../build/autonomy_py/autonomy_py.egg-info/SOURCES.txt'
[4.656s] writing manifest file '../../build/autonomy_py/autonomy_py.egg-info/SOURCES.txt'
[4.658s] running build
[4.659s] running build_py
[4.660s] creating /home/aidankwok/drone/ros2_ws/build/autonomy_py/build/lib/src
[4.660s] copying src/__init__.py -> /home/aidankwok/drone/ros2_ws/build/autonomy_py/build/lib/src
[4.661s] copying src/drone_hover.py -> /home/aidankwok/drone/ros2_ws/build/autonomy_py/build/lib/src
[4.661s] running install
[4.662s] running install_lib
[4.666s] creating /home/aidankwok/drone/ros2_ws/install/autonomy_py/lib/python3.10/site-packages/src
[4.667s] copying /home/aidankwok/drone/ros2_ws/build/autonomy_py/build/lib/src/__init__.py -> /home/aidankwok/drone/ros2_ws/install/autonomy_py/lib/python3.10/site-packages/src
[4.667s] copying /home/aidankwok/drone/ros2_ws/build/autonomy_py/build/lib/src/drone_hover.py -> /home/aidankwok/drone/ros2_ws/install/autonomy_py/lib/python3.10/site-packages/src
[4.671s] byte-compiling /home/aidankwok/drone/ros2_ws/install/autonomy_py/lib/python3.10/site-packages/src/__init__.py to __init__.cpython-310.pyc
[4.673s] byte-compiling /home/aidankwok/drone/ros2_ws/install/autonomy_py/lib/python3.10/site-packages/src/drone_hover.py to drone_hover.cpython-310.pyc
[4.677s] running install_data
[4.677s] running install_egg_info
[4.684s] removing '/home/aidankwok/drone/ros2_ws/install/autonomy_py/lib/python3.10/site-packages/autonomy_py-0.0.0-py3.10.egg-info' (and everything under it)
[4.686s] Copying ../../build/autonomy_py/autonomy_py.egg-info to /home/aidankwok/drone/ros2_ws/install/autonomy_py/lib/python3.10/site-packages/autonomy_py-0.0.0-py3.10.egg-info
[4.692s] running install_scripts
[4.773s] Installing drone_hover script to /home/aidankwok/drone/ros2_ws/install/autonomy_py/lib/autonomy_py
[4.775s] writing list of installed files to '/home/aidankwok/drone/ros2_ws/build/autonomy_py/install.log'
[4.894s] Invoked command in '/home/aidankwok/drone/ros2_ws/src/autonomy_py' returned '0': PYTHONPATH=/home/aidankwok/drone/ros2_ws/build/autonomy_py/prefix_override:/usr/lib/python3/dist-packages/colcon_core/task/python/colcon_distutils_commands:/home/aidankwok/drone/ros2_ws/install/autonomy_py/lib/python3.10/site-packages:${PYTHONPATH} /usr/bin/python3 -W ignore:setup.py install is deprecated -W ignore:easy_install command is deprecated setup.py egg_info --egg-base ../../build/autonomy_py build --build-base /home/aidankwok/drone/ros2_ws/build/autonomy_py/build install --record /home/aidankwok/drone/ros2_ws/build/autonomy_py/install.log --single-version-externally-managed install_data
